Component: ARM Compiler 5.06 update 5 (build 528) Tool: armlink [4d35e2]

==============================================================================

Section Cross References

    startup_stm32f10x_md.o(STACK) refers (Special) to heapauxi.o(.text) for __use_two_region_memory
    startup_stm32f10x_md.o(HEAP) refers (Special) to heapauxi.o(.text) for __use_two_region_memory
    startup_stm32f10x_md.o(RESET) refers (Special) to heapauxi.o(.text) for __use_two_region_memory
    startup_stm32f10x_md.o(RESET) refers to startup_stm32f10x_md.o(STACK) for __initial_sp
    startup_stm32f10x_md.o(RESET) refers to startup_stm32f10x_md.o(.text) for Reset_Handler
    startup_stm32f10x_md.o(RESET) refers to stm32f10x_it.o(i.NMI_Handler) for NMI_Handler
    startup_stm32f10x_md.o(RESET) refers to stm32f10x_it.o(i.HardFault_Handler) for HardFault_Handler
    startup_stm32f10x_md.o(RESET) refers to stm32f10x_it.o(i.MemManage_Handler) for MemManage_Handler
    startup_stm32f10x_md.o(RESET) refers to stm32f10x_it.o(i.BusFault_Handler) for BusFault_Handler
    startup_stm32f10x_md.o(RESET) refers to stm32f10x_it.o(i.UsageFault_Handler) for UsageFault_Handler
    startup_stm32f10x_md.o(RESET) refers to stm32f10x_it.o(i.SVC_Handler) for SVC_Handler
    startup_stm32f10x_md.o(RESET) refers to stm32f10x_it.o(i.DebugMon_Handler) for DebugMon_Handler
    startup_stm32f10x_md.o(RESET) refers to stm32f10x_it.o(i.PendSV_Handler) for PendSV_Handler
    startup_stm32f10x_md.o(RESET) refers to stm32f10x_it.o(i.SysTick_Handler) for SysTick_Handler
    startup_stm32f10x_md.o(RESET) refers to main.o(i.TIM2_IRQHandler) for TIM2_IRQHandler
    startup_stm32f10x_md.o(RESET) refers to timer.o(i.TIM3_IRQHandler) for TIM3_IRQHandler
    startup_stm32f10x_md.o(RESET) refers to usart1.o(i.USART1_IRQHandler) for USART1_IRQHandler
    startup_stm32f10x_md.o(RESET) refers to usart3.o(i.USART3_IRQHandler) for USART3_IRQHandler
    startup_stm32f10x_md.o(.text) refers (Special) to heapauxi.o(.text) for __use_two_region_memory
    startup_stm32f10x_md.o(.text) refers to system_stm32f10x.o(i.SystemInit) for SystemInit
    startup_stm32f10x_md.o(.text) refers to __main.o(!!!main) for __main
    startup_stm32f10x_md.o(.text) refers to startup_stm32f10x_md.o(HEAP) for Heap_Mem
    startup_stm32f10x_md.o(.text) refers to startup_stm32f10x_md.o(STACK) for Stack_Mem
    misc.o(i.SysTick_CLKSourceConfig) refers to stm32f10x_flash.o(i.STM32F10x_Read) for STM32F10x_Read
    misc.o(i.SysTick_CLKSourceConfig) refers to system_stm32f10x.o(.bss) for SysTick_Info
    stm32f10x_adc.o(i.ADC_DeInit) refers to stm32f10x_rcc.o(i.RCC_APB2PeriphResetCmd) for RCC_APB2PeriphResetCmd
    stm32f10x_gpio.o(i.GPIO_AFIODeInit) refers to stm32f10x_rcc.o(i.RCC_APB2PeriphResetCmd) for RCC_APB2PeriphResetCmd
    stm32f10x_gpio.o(i.GPIO_DeInit) refers to stm32f10x_rcc.o(i.RCC_APB2PeriphResetCmd) for RCC_APB2PeriphResetCmd
    stm32f10x_rcc.o(i.RCC_GetClocksFreq) refers to stm32f10x_rcc.o(.data) for APBAHBPrescTable
    stm32f10x_rcc.o(i.RCC_WaitForHSEStartUp) refers to stm32f10x_rcc.o(i.RCC_GetFlagStatus) for RCC_GetFlagStatus
    stm32f10x_rtc.o(i.RTC_SetAlarm) refers to stm32f10x_rtc.o(i.RTC_EnterConfigMode) for RTC_EnterConfigMode
    stm32f10x_rtc.o(i.RTC_SetAlarm) refers to stm32f10x_rtc.o(i.RTC_ExitConfigMode) for RTC_ExitConfigMode
    stm32f10x_rtc.o(i.RTC_SetCounter) refers to stm32f10x_rtc.o(i.RTC_EnterConfigMode) for RTC_EnterConfigMode
    stm32f10x_rtc.o(i.RTC_SetCounter) refers to stm32f10x_rtc.o(i.RTC_ExitConfigMode) for RTC_ExitConfigMode
    stm32f10x_rtc.o(i.RTC_SetPrescaler) refers to stm32f10x_rtc.o(i.RTC_EnterConfigMode) for RTC_EnterConfigMode
    stm32f10x_rtc.o(i.RTC_SetPrescaler) refers to stm32f10x_rtc.o(i.RTC_ExitConfigMode) for RTC_ExitConfigMode
    stm32f10x_tim.o(i.TIM_DeInit) refers to stm32f10x_rcc.o(i.RCC_APB2PeriphResetCmd) for RCC_APB2PeriphResetCmd
    stm32f10x_tim.o(i.TIM_DeInit) refers to stm32f10x_rcc.o(i.RCC_APB1PeriphResetCmd) for RCC_APB1PeriphResetCmd
    stm32f10x_tim.o(i.TIM_ETRClockMode1Config) refers to stm32f10x_tim.o(i.TIM_ETRConfig) for TIM_ETRConfig
    stm32f10x_tim.o(i.TIM_ETRClockMode2Config) refers to stm32f10x_tim.o(i.TIM_ETRConfig) for TIM_ETRConfig
    stm32f10x_tim.o(i.TIM_ICInit) refers to stm32f10x_tim.o(i.TI1_Config) for TI1_Config
    stm32f10x_tim.o(i.TIM_ICInit) refers to stm32f10x_tim.o(i.TIM_SetIC1Prescaler) for TIM_SetIC1Prescaler
    stm32f10x_tim.o(i.TIM_ICInit) refers to stm32f10x_tim.o(i.TI2_Config) for TI2_Config
    stm32f10x_tim.o(i.TIM_ICInit) refers to stm32f10x_tim.o(i.TIM_SetIC2Prescaler) for TIM_SetIC2Prescaler
    stm32f10x_tim.o(i.TIM_ICInit) refers to stm32f10x_tim.o(i.TI3_Config) for TI3_Config
    stm32f10x_tim.o(i.TIM_ICInit) refers to stm32f10x_tim.o(i.TIM_SetIC3Prescaler) for TIM_SetIC3Prescaler
    stm32f10x_tim.o(i.TIM_ICInit) refers to stm32f10x_tim.o(i.TI4_Config) for TI4_Config
    stm32f10x_tim.o(i.TIM_ICInit) refers to stm32f10x_tim.o(i.TIM_SetIC4Prescaler) for TIM_SetIC4Prescaler
[...]
    i.UTC2BTC                                0x08003c22   Section        0  gps.o(i.UTC2BTC)
    UTC2BTC                                  0x08003c23   Thumb Code   208  gps.o(i.UTC2BTC)
    i.UsageFault_Handler                     0x08003cf2   Section        0  stm32f10x_it.o(i.UsageFault_Handler)
    i.UsartRx1BufClear                       0x08003cf8   Section        0  main.o(i.UsartRx1BufClear)
    i.WT588D_GPIO_INIT                       0x08003d14   Section        0  wt588d.o(i.WT588D_GPIO_INIT)
    i.WriteCmd                               0x08003d4c   Section        0  oled_i2c.o(i.WriteCmd)
    i.WriteDat                               0x08003d5a   Section        0  oled_i2c.o(i.WriteDat)
    i.__ARM_fpclassify                       0x08003d68   Section        0  fpclassify.o(i.__ARM_fpclassify)
    i._is_digit                              0x08003d90   Section        0  __printf_wp.o(i._is_digit)
    i._sys_exit                              0x08003d9e   Section        0  usart1.o(i._sys_exit)
    i.adxl345_init                           0x08003da4   Section        0  adxl345.o(i.adxl345_init)
    i.adxl345_read_average                   0x08003df0   Section        0  adxl345.o(i.adxl345_read_average)
    i.adxl345_read_data                      0x08003ed6   Section        0  adxl345.o(i.adxl345_read_data)
    i.adxl345_read_reg                       0x08003f7a   Section        0  adxl345.o(i.adxl345_read_reg)
    i.adxl345_write_reg                      0x08003fc4   Section        0  adxl345.o(i.adxl345_write_reg)
    i.bsp_InitI2C_2                          0x08004000   Section        0  oled_i2c.o(i.bsp_InitI2C_2)
    i.delay_init                             0x0800403c   Section        0  delay.o(i.delay_init)
    i.delay_ms                               0x08004080   Section        0  delay.o(i.delay_ms)
    i.delay_us                               0x080040b8   Section        0  delay.o(i.delay_us)
    i.fputc                                  0x080040e8   Section        0  usart1.o(i.fputc)
    i.gsm_atcmd_send                         0x08004104   Section        0  gsm.o(i.gsm_atcmd_send)
    i.gsm_init                               0x08004154   Section        0  gsm.o(i.gsm_init)
    i.gsm_send_msg                           0x08004208   Section        0  gsm.o(i.gsm_send_msg)
    i.i2c_SendByte_2                         0x0800428c   Section        0  oled_i2c.o(i.i2c_SendByte_2)
    i.i2c_Start_2                            0x080042dc   Section        0  oled_i2c.o(i.i2c_Start_2)
    i.i2c_Stop_2                             0x0800430c   Section        0  oled_i2c.o(i.i2c_Stop_2)
    i.i2c_WaitAck_2                          0x08004334   Section        0  oled_i2c.o(i.i2c_WaitAck_2)
    i.main                                   0x08004380   Section        0  main.o(i.main)
    i.sim800_send                            0x080045ac   Section        0  gsm.o(i.sim800_send)
    i.uart1_Init                             0x080046a8   Section        0  usart1.o(i.uart1_Init)
    i.uart1_send                             0x08004764   Section        0  usart1.o(i.uart1_send)
    locale$$code                             0x080047b4   Section       44  lc_numeric_c.o(locale$$code)
    x$fpl$d2f                                0x080047e0   Section       98  d2f.o(x$fpl$d2f)
    x$fpl$dadd                               0x08004844   Section      336  daddsub_clz.o(x$fpl$dadd)
    _dadd1                                   0x08004855   Thumb Code     0  daddsub_clz.o(x$fpl$dadd)
    x$fpl$dcmpinf                            0x08004994   Section       24  dcmpi.o(x$fpl$dcmpinf)
    x$fpl$ddiv                               0x080049ac   Section      688  ddiv.o(x$fpl$ddiv)
    ddiv_entry                               0x080049b3   Thumb Code     0  ddiv.o(x$fpl$ddiv)
    x$fpl$deqf                               0x08004c5c   Section      120  deqf.o(x$fpl$deqf)
    x$fpl$dfix                               0x08004cd4   Section       94  dfix.o(x$fpl$dfix)
    x$fpl$dflt                               0x08004d32   Section       46  dflt_clz.o(x$fpl$dflt)
    x$fpl$dmul                               0x08004d60   Section      340  dmul.o(x$fpl$dmul)
    x$fpl$dnaninf                            0x08004eb4   Section      156  dnaninf.o(x$fpl$dnaninf)
    x$fpl$dretinf                            0x08004f50   Section       12  dretinf.o(x$fpl$dretinf)
    x$fpl$drsb                               0x08004f5c   Section       22  daddsub_clz.o(x$fpl$drsb)
    x$fpl$dsub                               0x08004f74   Section      468  daddsub_clz.o(x$fpl$dsub)
    _dsub1                                   0x08004f85   Thumb Code     0  daddsub_clz.o(x$fpl$dsub)
    x$fpl$f2d                                0x08005148   Section       86  f2d.o(x$fpl$f2d)
    x$fpl$fadd                               0x080051a0   Section      196  faddsub_clz.o(x$fpl$fadd)
    _fadd1                                   0x080051af   Thumb Code     0  faddsub_clz.o(x$fpl$fadd)
    x$fpl$fcmpinf                            0x08005264   Section       24  fcmpi.o(x$fpl$fcmpinf)
    x$fpl$fdiv                               0x0800527c   Section      388  fdiv.o(x$fpl$fdiv)
    _fdiv1                                   0x0800527d   Thumb Code     0  fdiv.o(x$fpl$fdiv)
    x$fpl$feqf                               0x08005400   Section      104  feqf.o(x$fpl$feqf)
    x$fpl$ffixu                              0x08005468   Section       62  ffixu.o(x$fpl$ffixu)
    x$fpl$fflt                               0x080054a8   Section       48  fflt_clz.o(x$fpl$fflt)
    x$fpl$ffltu                              0x080054d8   Section       38  fflt_clz.o(x$fpl$ffltu)
    x$fpl$fleqf                              0x08005500   Section      104  fleqf.o(x$fpl$fleqf)
    x$fpl$fnaninf                            0x08005568   Section      140  fnaninf.o(x$fpl$fnaninf)
    x$fpl$fretinf                            0x080055f4   Section       10  fretinf.o(x$fpl$fretinf)
    x$fpl$frleqf                             0x080055fe   Section       98  frleqf.o(x$fpl$frleqf)
    x$fpl$fsub                               0x08005660   Section      234  faddsub_clz.o(x$fpl$fsub)
    _fsub1                                   0x0800566f   Thumb Code     0  faddsub_clz.o(x$fpl$fsub)
    x$fpl$printf1                            0x0800574a   Section        4  printf1.o(x$fpl$printf1)
    .constdata                               0x0800574e   Section     2072  oled_i2c.o(.constdata)
    x$fpl$usenofp                            0x0800574e   Section        0  usenofp.o(x$fpl$usenofp)
    .constdata                               0x08005f68   Section      148  bigflt0.o(.constdata)
    tenpwrs_x                                0x08005f68   Data          60  bigflt0.o(.constdata)
    tenpwrs_i                                0x08005fa4   Data          64  bigflt0.o(.constdata)
    locale$$data                             0x0800601c   Section       28  lc_numeric_c.o(locale$$data)
    __lcnum_c_name                           0x08006020   Data           2  lc_numeric_c.o(locale$$data)
    __lcnum_c_start                          0x08006028   Data           0  lc_numeric_c.o(locale$$data)
    __lcnum_c_point                          0x08006034   Data           0  lc_numeric_c.o(locale$$data)
    __lcnum_c_thousands                      0x08006036   Data           0  lc_numeric_c.o(locale$$data)
    __lcnum_c_grouping                       0x08006037   Data           0  lc_numeric_c.o(locale$$data)
    __lcnum_c_end                            0x08006038   Data           0  lc_numeric_c.o(locale$$data)
    .data                                    0x20000000   Section       20  stm32f10x_rcc.o(.data)
    APBAHBPrescTable                         0x20000000   Data          16  stm32f10x_rcc.o(.data)
    ADCPrescTable                            0x20000010   Data           4  stm32f10x_rcc.o(.data)
    .data                                    0x20000014   Section     1280  oled_i2c.o(.data)
    .data                                    0x20000514   Section        8  hc_sr04.o(.data)
    .data                                    0x2000051c   Section       16  wt588d.o(.data)
    .data                                    0x2000052c   Section       13  gsm.o(.data)
    .data                                    0x2000053c   Section       48  main.o(.data)
    errorNum                                 0x20000565   Data           1  main.o(.data)
    timeCount                                0x20000566   Data           1  main.o(.data)
    time_count1s                             0x20000567   Data           1  main.o(.data)
    timeCount                                0x20000568   Data           4  main.o(.data)
    .data                                    0x2000056c   Section       20  system_stm32f10x.o(.data)
    .data                                    0x20000580   Section        4  delay.o(.data)
    fac_us                                   0x20000580   Data           1  delay.o(.data)
    fac_ms                                   0x20000582   Data           2  delay.o(.data)
    .data                                    0x20000584   Section       10  usart1.o(.data)
    .data                                    0x20000590   Section        8  usart3.o(.data)
    .bss                                     0x20000598   Section     1024  stm32f10x_flash.o(.bss)
    .bss                                     0x20000998   Section       44  gsm.o(.bss)
    .bss                                     0x200009c8   Section       96  main.o(.bss)
    .bss                                     0x20000a28   Section       28  system_stm32f10x.o(.bss)
    .bss                                     0x20000a44   Section      200  usart1.o(.bss)
    .bss                                     0x20000b0c   Section       80  usart3.o(.bss)
    .bss                                     0x20000b5c   Section       96  libspace.o(.bss)
    HEAP                                     0x20000bc0   Section      512  startup_stm32f10x_md.o(HEAP)
    Heap_Mem                                 0x20000bc0   Data         512  startup_stm32f10x_md.o(HEAP)
    STACK                                    0x20000dc0   Section     1024  startup_stm32f10x_md.o(STACK)
    Stack_Mem                                0x20000dc0   Data        1024  startup_stm32f10x_md.o(STACK)
    __initial_sp                             0x200011c0   Data           0  startup_stm32f10x_md.o(STACK)

    Global Symbols

    Symbol Name                              Value     Ov Type        Size  Object(Section)

    BuildAttributes$$THM_ISAv4$P$D$K$B$S$PE$A:L22UL41UL21$X:L11$S22US41US21$IEEE1$IW$USESV6$~STKCKD$USESV7$~SHL$OTIME$ROPI$IEEEJ$EBA8$UX$STANDARDLIB$REQ8$PRES8$EABIv2 0x00000000   Number         0  anon$$obj.o ABSOLUTE
    __ARM_use_no_argv                        0x00000000   Number         0  main.o ABSOLUTE
    _printf_flags                            0x00000000   Number         0  printf_stubs.o ABSOLUTE
    _printf_return_value                     0x00000000   Number         0  printf_stubs.o ABSOLUTE
    _printf_sizespec                         0x00000000   Number         0  printf_stubs.o ABSOLUTE
    _printf_widthprec                        0x00000000   Number         0  printf_stubs.o ABSOLUTE
    __ARM_exceptions_init                     - Undefined Weak Reference
    __alloca_initialize                       - Undefined Weak Reference
    __arm_preinit_                            - Undefined Weak Reference
    __cpp_initialize__aeabi_                  - Undefined Weak Reference
    __cxa_finalize                            - Undefined Weak Reference
    __sigvec_lookup                           - Undefined Weak Reference
    _atexit_init                              - Undefined Weak Reference
    _call_atexit_fns                          - Undefined Weak Reference
    _clock_init                               - Undefined Weak Reference
    _fp_trap_init                             - Undefined Weak Reference
    _fp_trap_shutdown                         - Undefined Weak Reference
    _get_lc_collate                           - Undefined Weak Reference
    _get_lc_ctype                             - Undefined Weak Reference
    _get_lc_monetary                          - Undefined Weak Reference
    _get_lc_time                              - Undefined Weak Reference
    _getenv_init                              - Undefined Weak Reference
    _handle_redirection                       - Undefined Weak Reference
    _init_alloc                               - Undefined Weak Reference
    _init_user_alloc                          - Undefined Weak Reference
    _initio                                   - Undefined Weak Reference
    _mutex_acquire                            - Undefined Weak Reference
    _mutex_release                            - Undefined Weak Reference
    _printf_mbtowc                            - Undefined Weak Reference
    _printf_truncate_signed                   - Undefined Weak Reference
    _printf_truncate_unsigned                 - Undefined Weak Reference
    _rand_init                                - Undefined Weak Reference
    _signal_finish                            - Undefined Weak Reference
    _signal_init                              - Undefined Weak Reference
    _terminate_alloc                          - Undefined Weak Reference
    _terminate_user_alloc                     - Undefined Weak Reference
    _terminateio                              - Undefined Weak Reference
    __Vectors_Size                           0x000000ec   Number         0  startup_stm32f10x_md.o ABSOLUTE
    __Vectors                                0x08000000   Data           4  startup_stm32f10x_md.o(RESET)
    __Vectors_End                            0x080000ec   Data           0  startup_stm32f10x_md.o(RESET)
    __main                                   0x080000ed   Thumb Code     8  __main.o(!!!main)
    __scatterload                            0x080000f5   Thumb Code     0  __scatter.o(!!!scatter)
    __scatterload_rt2                        0x080000f5   Thumb Code    44  __scatter.o(!!!scatter)
    __scatterload_rt2_thumb_only             0x080000f5   Thumb Code     0  __scatter.o(!!!scatter)
    __scatterload_null                       0x08000103   Thumb Code     0  __scatter.o(!!!scatter)
    __decompress                             0x08000129   Thumb Code   100  __dclz77c.o(!!dclz77c)
    __decompress2                            0x08000129   Thumb Code     0  __dclz77c.o(!!dclz77c)
    __scatterload_zeroinit                   0x0800018d   Thumb Code    28  __scatter_zi.o(!!handler_zi)
    _printf_f                                0x080001a9   Thumb Code     0  _printf_f.o(.ARM.Collect$$_printf_percent$$00000003)
    _printf_percent                          0x080001a9   Thumb Code     0  _printf_percent.o(.ARM.Collect$$_printf_percent$$00000000)
    _printf_d                                0x080001af   Thumb Code     0  _printf_d.o(.ARM.Collect$$_printf_percent$$00000009)
    _printf_c                                0x080001b5   Thumb Code     0  _printf_c.o(.ARM.Collect$$_printf_percent$$00000013)
    _printf_percent_end                      0x080001bb   Thumb Code     0  _printf_percent_end.o(.ARM.Collect$$_printf_percent$$00000017)
    __rt_lib_init                            0x080001bf   Thumb Code     0  libinit.o(.ARM.Collect$$libinit$$00000000)
    __rt_lib_init_fp_1                       0x080001c1   Thumb Code     0  libinit2.o(.ARM.Collect$$libinit$$00000002)
    __rt_lib_init_heap_1                     0x080001c1   Thumb Code     0  libinit2.o(.ARM.Collect$$libinit$$0000000A)
    __rt_lib_init_lc_common                  0x080001c1   Thumb Code     0  libinit2.o(.ARM.Collect$$libinit$$0000000F)
    __rt_lib_init_preinit_1                  0x080001c1   Thumb Code     0  libinit2.o(.ARM.Collect$$libinit$$00000004)
    __rt_lib_init_rand_1                     0x080001c1   Thumb Code     0  libinit2.o(.ARM.Collect$$libinit$$0000000E)
    __rt_lib_init_user_alloc_1               0x080001c1   Thumb Code     0  libinit2.o(.ARM.Collect$$libinit$$0000000C)
    __rt_lib_init_lc_collate_1               0x080001c7   Thumb Code     0  libinit2.o(.ARM.Collect$$libinit$$00000011)
    __rt_lib_init_lc_ctype_1                 0x080001c7   Thumb Code     0  libinit2.o(.ARM.Collect$$libinit$$00000013)
    __rt_lib_init_lc_monetary_1              0x080001c7   Thumb Code     0  libinit2.o(.ARM.Collect$$libinit$$00000015)
    __rt_lib_init_lc_numeric_2               0x080001c7   Thumb Code     0  libinit2.o(.ARM.Collect$$libinit$$00000016)
    __rt_lib_init_alloca_1                   0x080001d1   Thumb Code     0  libinit2.o(.ARM.Collect$$libinit$$0000002E)
    __rt_lib_init_argv_1                     0x080001d1   Thumb Code     0  libinit2.o(.ARM.Collect$$libinit$$0000002C)
    __rt_lib_init_atexit_1                   0x080001d1   Thumb Code     0  libinit2.o(.ARM.Collect$$libinit$$0000001B)
    __rt_lib_init_clock_1                    0x080001d1   Thumb Code     0  libinit2.o(.ARM.Collect$$libinit$$00000021)
    __rt_lib_init_cpp_1                      0x080001d1   Thumb Code     0  libinit2.o(.ARM.Collect$$libinit$$00000032)
    __rt_lib_init_exceptions_1               0x080001d1   Thumb Code     0  libinit2.o(.ARM.Collect$$libinit$$00000030)
    __rt_lib_init_fp_trap_1                  0x080001d1   Thumb Code     0  libinit2.o(.ARM.Collect$$libinit$$0000001F)
    __rt_lib_init_getenv_1                   0x080001d1   Thumb Code     0  libinit2.o(.ARM.Collect$$libinit$$00000023)
    __rt_lib_init_lc_numeric_1               0x080001d1   Thumb Code     0  libinit2.o(.ARM.Collect$$libinit$$00000017)
    __rt_lib_init_lc_time_1                  0x080001d1   Thumb Code     0  libinit2.o(.ARM.Collect$$libinit$$00000019)
    __rt_lib_init_return                     0x080001d1   Thumb Code     0  libinit2.o(.ARM.Collect$$libinit$$00000033)
    __rt_lib_init_signal_1                   0x080001d1   Thumb Code     0  libinit2.o(.ARM.Collect$$libinit$$0000001D)
    __rt_lib_init_stdio_1                    0x080001d1   Thumb Code     0  libinit2.o(.ARM.Collect$$libinit$$00000025)
    __rt_lib_shutdown                        0x080001d3   Thumb Code     0  libshutdown.o(.ARM.Collect$$libshutdown$$00000000)
    __rt_lib_shutdown_cpp_1                  0x080001d5   Thumb Code     0  libshutdown2.o(.ARM.Collect$$libshutdown$$00000002)
    __rt_lib_shutdown_fp_trap_1              0x080001d5   Thumb Code     0  libshutdown2.o(.ARM.Collect$$libshutdown$$00000007)
    __rt_lib_shutdown_heap_1                 0x080001d5   Thumb Code     0  libshutdown2.o(.ARM.Collect$$libshutdown$$0000000F)
    __rt_lib_shutdown_return                 0x080001d5   Thumb Code     0  libshutdown2.o(.ARM.Collect$$libshutdown$$00000010)
    __rt_lib_shutdown_signal_1               0x080001d5   Thumb Code     0  libshutdown2.o(.ARM.Collect$$libshutdown$$0000000A)
    __rt_lib_shutdown_stdio_1                0x080001d5   Thumb Code     0  libshutdown2.o(.ARM.Collect$$libshutdown$$00000004)
    __rt_lib_shutdown_user_alloc_1           0x080001d5   Thumb Code     0  libshutdown2.o(.ARM.Collect$$libshutdown$$0000000C)
    __rt_entry                               0x080001d7   Thumb Code     0  __rtentry.o(.ARM.Collect$$rtentry$$00000000)
    __rt_entry_presh_1                       0x080001d7   Thumb Code     0  __rtentry2.o(.ARM.Collect$$rtentry$$00000002)
    __rt_entry_sh                            0x080001d7   Thumb Code     0  __rtentry4.o(.ARM.Collect$$rtentry$$00000004)
    __rt_entry_li                            0x080001dd   Thumb Code     0  __rtentry2.o(.ARM.Collect$$rtentry$$0000000A)
    __rt_entry_postsh_1                      0x080001dd   Thumb Code     0  __rtentry2.o(.ARM.Collect$$rtentry$$00000009)
    __rt_entry_main                          0x080001e1   Thumb Code     0  __rtentry2.o(.ARM.Collect$$rtentry$$0000000D)
    __rt_entry_postli_1                      0x080001e1   Thumb Code     0  __rtentry2.o(.ARM.Collect$$rtentry$$0000000C)
    __rt_exit                                0x080001e9   Thumb Code     0  rtexit.o(.ARM.Collect$$rtexit$$00000000)
    __rt_exit_ls                             0x080001eb   Thumb Code     0  rtexit2.o(.ARM.Collect$$rtexit$$00000003)
    __rt_exit_prels_1                        0x080001eb   Thumb Code     0  rtexit2.o(.ARM.Collect$$rtexit$$00000002)
    __rt_exit_exit                           0x080001ef   Thumb Code     0  rtexit2.o(.ARM.Collect$$rtexit$$00000004)
    Reset_Handler                            0x080001f5   Thumb Code     8  startup_stm32f10x_md.o(.text)
    ADC1_2_IRQHandler                        0x0800020f   Thumb Code     0  startup_stm32f10x_md.o(.text)
    CAN1_RX1_IRQHandler                      0x0800020f   Thumb Code     0  startup_stm32f10x_md.o(.text)
    CAN1_SCE_IRQHandler                      0x0800020f   Thumb Code     0  startup_stm32f10x_md.o(.text)
    DMA1_Channel1_IRQHandler                 0x0800020f   Thumb Code     0  startup_stm32f10x_md.o(.text)
    DMA1_Channel2_IRQHandler                 0x0800020f   Thumb Code     0  startup_stm32f10x_md.o(.text)
    DMA1_Channel3_IRQHandler                 0x0800020f   Thumb Code     0  startup_stm32f10x_md.o(.text)
    DMA1_Channel4_IRQHandler                 0x0800020f   Thumb Code     0  startup_stm32f10x_md.o(.text)
    DMA1_Channel5_IRQHandler                 0x0800020f   Thumb Code     0  startup_stm32f10x_md.o(.text)
    DMA1_Channel6_IRQHandler                 0x0800020f   Thumb Code     0  startup_stm32f10x_md.o(.text)
    DMA1_Channel7_IRQHandler                 0x0800020f   Thumb Code     0  startup_stm32f10x_md.o(.text)
    EXTI0_IRQHandler                         0x0800020f   Thumb Code     0  startup_stm32f10x_md.o(.text)
    EXTI15_10_IRQHandler                     0x0800020f   Thumb Code     0  startup_stm32f10x_md.o(.text)
    EXTI1_IRQHandler                         0x0800020f   Thumb Code     0  startup_stm32f10x_md.o(.text)
    EXTI2_IRQHandler                         0x0800020f   Thumb Code     0  startup_stm32f10x_md.o(.text)
    EXTI3_IRQHandler                         0x0800020f   Thumb Code     0  startup_stm32f10x_md.o(.text)
    EXTI4_IRQHandler                         0x0800020f   Thumb Code     0  startup_stm32f10x_md.o(.text)
    EXTI9_5_IRQHandler                       0x0800020f   Thumb Code     0  startup_stm32f10x_md.o(.text)
    FLASH_IRQHandler                         0x0800020f   Thumb Code     0  startup_stm32f10x_md.o(.text)
    I2C1_ER_IRQHandler                       0x0800020f   Thumb Code     0  startup_stm32f10x_md.o(.text)
    I2C1_EV_IRQHandler                       0x0800020f   Thumb Code     0  startup_stm32f10x_md.o(.text)
    I2C2_ER_IRQHandler                       0x0800020f   Thumb Code     0  startup_stm32f10x_md.o(.text)
    I2C2_EV_IRQHandler                       0x0800020f   Thumb Code     0  startup_stm32f10x_md.o(.text)
    PVD_IRQHandler                           0x0800020f   Thumb Code     0  startup_stm32f10x_md.o(.text)
    RCC_IRQHandler                           0x0800020f   Thumb Code     0  startup_stm32f10x_md.o(.text)
    RTCAlarm_IRQHandler                      0x0800020f   Thumb Code     0  startup_stm32f10x_md.o(.text)
    RTC_IRQHandler                           0x0800020f   Thumb Code     0  startup_stm32f10x_md.o(.text)
    SPI1_IRQHandler                          0x0800020f   Thumb Code     0  startup_stm32f10x_md.o(.text)
    SPI2_IRQHandler                          0x0800020f   Thumb Code     0  startup_stm32f10x_md.o(.text)
    TAMPER_IRQHandler                        0x0800020f   Thumb Code     0  startup_stm32f10x_md.o(.text)
    TIM1_BRK_IRQHandler                      0x0800020f   Thumb Code     0  startup_stm32f10x_md.o(.text)
    TIM1_CC_IRQHandler                       0x0800020f   Thumb Code     0  startup_stm32f10x_md.o(.text)
    TIM1_TRG_COM_IRQHandler                  0x0800020f   Thumb Code     0  startup_stm32f10x_md.o(.text)
    TIM1_UP_IRQHandler                       0x0800020f   Thumb Code     0  startup_stm32f10x_md.o(.text)
    TIM4_IRQHandler                          0x0800020f   Thumb Code     0  startup_stm32f10x_md.o(.text)
    USART2_IRQHandler                        0x0800020f   Thumb Code     0  startup_stm32f10x_md.o(.text)
    USBWakeUp_IRQHandler                     0x0800020f   Thumb Code     0  startup_stm32f10x_md.o(.text)
    USB_HP_CAN1_TX_IRQHandler                0x0800020f   Thumb Code     0  startup_stm32f10x_md.o(.text)
    USB_LP_CAN1_RX0_IRQHandler               0x0800020f   Thumb Code     0  startup_stm32f10x_md.o(.text)
    WWDG_IRQHandler                          0x0800020f   Thumb Code     0  startup_stm32f10x_md.o(.text)
    __user_initial_stackheap                 0x08000211   Thumb Code     0  startup_stm32f10x_md.o(.text)
    __use_no_semihosting                     0x08000235   Thumb Code     2  use_no_semi_2.o(.text)
    __2printf                                0x08000239   Thumb Code    20  noretval__2printf.o(.text)
    __2sprintf                               0x08000251   Thumb Code    34  noretval__2sprintf.o(.text)
    _printf_pre_padding                      0x08000279   Thumb Code    44  _printf_pad.o(.text)
    _printf_post_padding                     0x080002a5   Thumb Code    34  _printf_pad.o(.text)
    _printf_str                              0x080002c7   Thumb Code    82  _printf_str.o(.text)
    _printf_int_dec                          0x08000319   Thumb Code   104  _printf_dec.o(.text)
    __printf                                 0x08000391   Thumb Code   270  __printf_wp.o(.text)
    strstr                                   0x0800049f   Thumb Code    36  strstr.o(.text)
    strlen                                   0x080004c3   Thumb Code    62  strlen.o(.text)
    strcat                                   0x08000501   Thumb Code    24  strcat.o(.text)
    __aeabi_memcpy                           0x08000519   Thumb Code     0  rt_memcpy_v6.o(.text)
    __rt_memcpy                              0x08000519   Thumb Code   138  rt_memcpy_v6.o(.text)
    _memcpy_lastbytes                        0x0800057f   Thumb Code     0  rt_memcpy_v6.o(.text)
    __aeabi_memclr                           0x080005a3   Thumb Code     0  rt_memclr.o(.text)
    __rt_memclr                              0x080005a3   Thumb Code    68  rt_memclr.o(.text)
    _memset                                  0x080005a7   Thumb Code     0  rt_memclr.o(.text)
    __aeabi_memclr4                          0x080005e7   Thumb Code     0  rt_memclr_w.o(.text)
    __aeabi_memclr8                          0x080005e7   Thumb Code     0  rt_memclr_w.o(.text)
    __rt_memclr_w                            0x080005e7   Thumb Code    78  rt_memclr_w.o(.text)
    _memset_w                                0x080005eb   Thumb Code     0  rt_memclr_w.o(.text)
    strncpy                                  0x08000635   Thumb Code    86  strncpy.o(.text)
    __use_two_region_memory                  0x0800068b   Thumb Code     2  heapauxi.o(.text)
    __rt_heap_escrow$2region                 0x0800068d   Thumb Code     2  heapauxi.o(.text)
    __rt_heap_expand$2region                 0x0800068f   Thumb Code     2  heapauxi.o(.text)
    __I$use$semihosting                      0x08000691   Thumb Code     0  use_no_semi.o(.text)
    __use_no_semihosting_swi                 0x08000691   Thumb Code     2  use_no_semi.o(.text)
    _printf_int_common                       0x08000693   Thumb Code   178  _printf_intcommon.o(.text)
    __lib_sel_fp_printf                      0x08000745   Thumb Code     2  _printf_fp_dec.o(.text)
    _printf_fp_dec_real                      0x080008f7   Thumb Code   620  _printf_fp_dec.o(.text)
    _printf_char_common                      0x08000b6f   Thumb Code    32  _printf_char_common.o(.text)
    _sputc                                   0x08000b95   Thumb Code    10  _sputc.o(.text)
    _printf_cs_common                        0x08000b9f   Thumb Code    20  _printf_char.o(.text)
    _printf_char                             0x08000bb3   Thumb Code    16  _printf_char.o(.text)
    _printf_string                           0x08000bc3   Thumb Code     8  _printf_char.o(.text)
    _printf_char_file                        0x08000bcd   Thumb Code    32  _printf_char_file.o(.text)
    __aeabi_memcpy4                          0x08000bf1   Thumb Code     0  rt_memcpy_w.o(.text)
    __aeabi_memcpy8                          0x08000bf1   Thumb Code     0  rt_memcpy_w.o(.text)
    __rt_memcpy_w                            0x08000bf1   Thumb Code   100  rt_memcpy_w.o(.text)
    _memcpy_lastbytes_aligned                0x08000c39   Thumb Code     0  rt_memcpy_w.o(.text)
    __rt_locale                              0x08000c55   Thumb Code     8  rt_locale_intlibspace.o(.text)
    _ll_udiv10                               0x08000c5d   Thumb Code   138  lludiv10.o(.text)
    _printf_fp_infnan                        0x08000ce9   Thumb Code   112  _printf_fp_infnan.o(.text)
    _btod_etento                             0x08000d69   Thumb Code   224  bigflt0.o(.text)
    ferror                                   0x08000e4d   Thumb Code     8  ferror.o(.text)
    __user_libspace                          0x08000e55   Thumb Code     8  libspace.o(.text)
    __user_perproc_libspace                  0x08000e55   Thumb Code     0  libspace.o(.text)
    __user_perthread_libspace                0x08000e55   Thumb Code     0  libspace.o(.text)
    __user_setup_stackheap                   0x08000e5d   Thumb Code    74  sys_stackheap_outer.o(.text)
    exit                                     0x08000ea7   Thumb Code    18  exit.o(.text)
    strcmp                                   0x08000eb9   Thumb Code   128  strcmpv7m.o(.text)
    _btod_d2e                                0x08000f39   Thumb Code    62  btod.o(CL$$btod_d2e)
    _d2e_denorm_low                          0x08000f77   Thumb Code    70  btod.o(CL$$btod_d2e_denorm_low)
    _d2e_norm_op1                            0x08000fbd   Thumb Code    96  btod.o(CL$$btod_d2e_norm_op1)
    __btod_div_common                        0x0800101d   Thumb Code   696  btod.o(CL$$btod_div_common)
    _e2e                                     0x08001355   Thumb Code   220  btod.o(CL$$btod_e2e)
    _btod_ediv                               0x08001431   Thumb Code    42  btod.o(CL$$btod_ediv)
    _btod_emul                               0x0800145b   Thumb Code    42  btod.o(CL$$btod_emul)
    __btod_mult_common                       0x08001485   Thumb Code   580  btod.o(CL$$btod_mult_common)
    BEEP_GPIO_Init                           0x080016c9   Thumb Code    58  gpio.o(i.BEEP_GPIO_Init)
    BeepUpdate                               0x0800170d   Thumb Code   126  wt588d.o(i.BeepUpdate)
    BusFault_Handler                         0x080017a9   Thumb Code     4  stm32f10x_it.o(i.BusFault_Handler)
    CheckNewMcu                              0x080017ad   Thumb Code    92  main.o(i.CheckNewMcu)
    DebugMon_Handler                         0x08001819   Thumb Code     2  stm32f10x_it.o(i.DebugMon_Handler)
    DisplaySetValue                          0x0800181d   Thumb Code   154  main.o(i.DisplaySetValue)
    FLASH_ErasePage                          0x080018c9   Thumb Code    72  stm32f10x_flash.o(i.FLASH_ErasePage)
    FLASH_GetBank1Status                     0x08001915   Thumb Code    48  stm32f10x_flash.o(i.FLASH_GetBank1Status)
    FLASH_Lock                               0x08001949   Thumb Code    14  stm32f10x_flash.o(i.FLASH_Lock)
    FLASH_ProgramHalfWord                    0x0800195d   Thumb Code    60  stm32f10x_flash.o(i.FLASH_ProgramHalfWord)
    FLASH_Unlock                             0x0800199d   Thumb Code    12  stm32f10x_flash.o(i.FLASH_Unlock)
    FLASH_WaitForLastOperation               0x080019b5   Thumb Code    38  stm32f10x_flash.o(i.FLASH_WaitForLastOperation)
    FallDetection                            0x080019dd   Thumb Code   326  main.o(i.FallDetection)
    GPIO_Init                                0x08001b75   Thumb Code   278  stm32f10x_gpio.o(i.GPIO_Init)
    GPIO_PinRemapConfig                      0x08001c8d   Thumb Code   138  stm32f10x_gpio.o(i.GPIO_PinRemapConfig)
    GPIO_ResetBits                           0x08001d1d   Thumb Code     4  stm32f10x_gpio.o(i.GPIO_ResetBits)
    GPIO_SetBits                             0x08001d21   Thumb Code     4  stm32f10x_gpio.o(i.GPIO_SetBits)
    GPS_RMC_Parse                            0x08001d25   Thumb Code   460  gps.o(i.GPS_RMC_Parse)
    Get_Distance                             0x08001f2d   Thumb Code   370  main.o(i.Get_Distance)
    Get_GPS                                  0x08002125   Thumb Code   160  main.o(i.Get_GPS)
    Get_SR04_Distance                        0x080021ed   Thumb Code   200  hc_sr04.o(i.Get_SR04_Distance)
    HC_SR04_IO_Init                          0x080022cd   Thumb Code    62  hc_sr04.o(i.HC_SR04_IO_Init)
    HardFault_Handler                        0x08002311   Thumb Code     4  stm32f10x_it.o(i.HardFault_Handler)
    I2C_Configuration                        0x08002315   Thumb Code     8  oled_i2c.o(i.I2C_Configuration)
    I2C_SDA_IN                               0x0800231d   Thumb Code    32  iic.o(i.I2C_SDA_IN)
    I2C_SDA_OUT                              0x08002341   Thumb Code    32  iic.o(i.I2C_SDA_OUT)
    I2C_WriteByte                            0x08002365   Thumb Code    46  oled_i2c.o(i.I2C_WriteByte)
    IIC_ack                                  0x08002395   Thumb Code    48  iic.o(i.IIC_ack)
    IIC_init                                 0x080023cd   Thumb Code    50  iic.o(i.IIC_init)
    IIC_noack                                0x08002405   Thumb Code    48  iic.o(i.IIC_noack)
    IIC_read_byte                            0x0800243d   Thumb Code    82  iic.o(i.IIC_read_byte)
    IIC_send_byte                            0x08002499   Thumb Code    68  iic.o(i.IIC_send_byte)
    IIC_start                                0x080024e5   Thumb Code    46  iic.o(i.IIC_start)
    IIC_stop                                 0x0800251d   Thumb Code    44  iic.o(i.IIC_stop)
    IIC_wait_ack                             0x08002551   Thumb Code    68  iic.o(i.IIC_wait_ack)
    KEY_GPIO_Init                            0x0800259d   Thumb Code    78  gpio.o(i.KEY_GPIO_Init)
    KeySettings                              0x080025f5   Thumb Code   628  main.o(i.KeySettings)
    LED_GPIO_Init                            0x080028a5   Thumb Code    88  gpio.o(i.LED_GPIO_Init)
    LongiAndLatiChangeUnicode                0x08002905   Thumb Code   132  gsm.o(i.LongiAndLatiChangeUnicode)
    MemManage_Handler                        0x08002989   Thumb Code     4  stm32f10x_it.o(i.MemManage_Handler)
    NMI_Handler                              0x0800298d   Thumb Code     2  stm32f10x_it.o(i.NMI_Handler)
    NVIC_Configuration                       0x0800298f   Thumb Code    12  sys.o(i.NVIC_Configuration)
    NVIC_Init                                0x0800299d   Thumb Code   100  misc.o(i.NVIC_Init)
    NVIC_PriorityGroupConfig                 0x08002a0d   Thumb Code    10  misc.o(i.NVIC_PriorityGroupConfig)
    OLED_CLS                                 0x08002a21   Thumb Code    10  oled_i2c.o(i.OLED_CLS)
    OLED_Fill                                0x08002a2b   Thumb Code    58  oled_i2c.o(i.OLED_Fill)
    OLED_Init                                0x08002a65   Thumb Code   178  oled_i2c.o(i.OLED_Init)
    OLED_SetPos                              0x08002b17   Thumb Code    40  oled_i2c.o(i.OLED_SetPos)
    OLED_ShowCN                              0x08002b41   Thumb Code   120  oled_i2c.o(i.OLED_ShowCN)
    OLED_ShowChar                            0x08002bbd   Thumb Code   240  oled_i2c.o(i.OLED_ShowChar)
    OLED_ShowStr                             0x08002cb5   Thumb Code   228  oled_i2c.o(i.OLED_ShowStr)
    PendSV_Handler                           0x08002da1   Thumb Code     2  stm32f10x_it.o(i.PendSV_Handler)
    PhoneNumTranscoding                      0x08002da5   Thumb Code    58  gsm.o(i.PhoneNumTranscoding)
    RCC_APB1PeriphClockCmd                   0x08002de9   Thumb Code    26  stm32f10x_rcc.o(i.RCC_APB1PeriphClockCmd)
    RCC_APB1PeriphResetCmd                   0x08002e09   Thumb Code    26  stm32f10x_rcc.o(i.RCC_APB1PeriphResetCmd)
    RCC_APB2PeriphClockCmd                   0x08002e29   Thumb Code    26  stm32f10x_rcc.o(i.RCC_APB2PeriphClockCmd)
    RCC_APB2PeriphResetCmd                   0x08002e49   Thumb Code    26  stm32f10x_rcc.o(i.RCC_APB2PeriphResetCmd)
    RCC_GetClocksFreq                        0x08002e69   Thumb Code   192  stm32f10x_rcc.o(i.RCC_GetClocksFreq)
    STM32F10x_Read                           0x08002f3d   Thumb Code    34  stm32f10x_flash.o(i.STM32F10x_Read)
    STMFLASH_ReadHalfWord                    0x08002f5f   Thumb Code     6  stm32f10x_flash.o(i.STMFLASH_ReadHalfWord)
    STMFLASH_Write                           0x08002f65   Thumb Code   222  stm32f10x_flash.o(i.STMFLASH_Write)
    STMFLASH_Write_NoCheck                   0x0800304d   Thumb Code    34  stm32f10x_flash.o(i.STMFLASH_Write_NoCheck)
    SVC_Handler                              0x0800306f   Thumb Code     2  stm32f10x_it.o(i.SVC_Handler)
    ShowHomePage                             0x08003159   Thumb Code   148  main.o(i.ShowHomePage)
    SprintfIntNum                            0x08003201   Thumb Code    50  main.o(i.SprintfIntNum)
    StartBeep                                0x0800324d   Thumb Code   136  wt588d.o(i.StartBeep)
    StopBeep                                 0x080032f5   Thumb Code    12  wt588d.o(i.StopBeep)
    SysTick_CLKSourceConfig                  0x08003429   Thumb Code   146  misc.o(i.SysTick_CLKSourceConfig)
    SysTick_Handler                          0x080034c9   Thumb Code     2  stm32f10x_it.o(i.SysTick_Handler)
    SystemInit                               0x080034cd   Thumb Code    78  system_stm32f10x.o(i.SystemInit)
    TIM2_IRQHandler                          0x0800352d   Thumb Code   130  main.o(i.TIM2_IRQHandler)
    TIM2_Init                                0x080035d1   Thumb Code    92  timer.o(i.TIM2_Init)
    TIM3_IRQHandler                          0x0800362d   Thumb Code    32  timer.o(i.TIM3_IRQHandler)
    TIM3_Init                                0x08003655   Thumb Code    88  timer.o(i.TIM3_Init)
    TIM_ClearITPendingBit                    0x080036b1   Thumb Code     6  stm32f10x_tim.o(i.TIM_ClearITPendingBit)
    TIM_Cmd                                  0x080036b7   Thumb Code    24  stm32f10x_tim.o(i.TIM_Cmd)
    TIM_GetCounter                           0x080036cf   Thumb Code     6  stm32f10x_tim.o(i.TIM_GetCounter)
    TIM_GetITStatus                          0x080036d5   Thumb Code    34  stm32f10x_tim.o(i.TIM_GetITStatus)
    TIM_ITConfig                             0x080036f7   Thumb Code    18  stm32f10x_tim.o(i.TIM_ITConfig)
    TIM_SetCounter                           0x08003709   Thumb Code     4  stm32f10x_tim.o(i.TIM_SetCounter)
    TIM_TimeBaseInit                         0x0800370d   Thumb Code   122  stm32f10x_tim.o(i.TIM_TimeBaseInit)
    USART1_IRQHandler                        0x080037b1   Thumb Code   136  usart1.o(i.USART1_IRQHandler)
    USART3_IRQHandler                        0x0800384d   Thumb Code   140  usart3.o(i.USART3_IRQHandler)
    USART3_Init                              0x080038f5   Thumb Code   166  usart3.o(i.USART3_Init)
    USART_ClearFlag                          0x080039a5   Thumb Code    18  stm32f10x_usart.o(i.USART_ClearFlag)
    USART_ClearITPendingBit                  0x080039b7   Thumb Code    30  stm32f10x_usart.o(i.USART_ClearITPendingBit)
    USART_Cmd                                0x080039d5   Thumb Code    24  stm32f10x_usart.o(i.USART_Cmd)
    USART_DeInit                             0x080039ed   Thumb Code   134  stm32f10x_usart.o(i.USART_DeInit)
    USART_GetFlagStatus                      0x08003a89   Thumb Code    26  stm32f10x_usart.o(i.USART_GetFlagStatus)
    USART_GetITStatus                        0x08003aa3   Thumb Code    84  stm32f10x_usart.o(i.USART_GetITStatus)
    USART_ITConfig                           0x08003af7   Thumb Code    74  stm32f10x_usart.o(i.USART_ITConfig)
    USART_Init                               0x08003b41   Thumb Code   210  stm32f10x_usart.o(i.USART_Init)
    USART_ReceiveData                        0x08003c19   Thumb Code    10  stm32f10x_usart.o(i.USART_ReceiveData)
    UsageFault_Handler                       0x08003cf3   Thumb Code     4  stm32f10x_it.o(i.UsageFault_Handler)
    UsartRx1BufClear                         0x08003cf9   Thumb Code    18  main.o(i.UsartRx1BufClear)
    WT588D_GPIO_INIT                         0x08003d15   Thumb Code    50  wt588d.o(i.WT588D_GPIO_INIT)
    WriteCmd                                 0x08003d4d   Thumb Code    14  oled_i2c.o(i.WriteCmd)
    WriteDat                                 0x08003d5b   Thumb Code    14  oled_i2c.o(i.WriteDat)
    __ARM_fpclassify                         0x08003d69   Thumb Code    40  fpclassify.o(i.__ARM_fpclassify)
    _is_digit                                0x08003d91   Thumb Code    14  __printf_wp.o(i._is_digit)
    _sys_exit                                0x08003d9f   Thumb Code     6  usart1.o(i._sys_exit)
    adxl345_init                             0x08003da5   Thumb Code    76  adxl345.o(i.adxl345_init)
    adxl345_read_average                     0x08003df1   Thumb Code   230  adxl345.o(i.adxl345_read_average)
    adxl345_read_data                        0x08003ed7   Thumb Code   164  adxl345.o(i.adxl345_read_data)
    adxl345_read_reg                         0x08003f7b   Thumb Code    74  adxl345.o(i.adxl345_read_reg)
    adxl345_write_reg                        0x08003fc5   Thumb Code    60  adxl345.o(i.adxl345_write_reg)
    bsp_InitI2C_2                            0x08004001   Thumb Code    56  oled_i2c.o(i.bsp_InitI2C_2)
    delay_init                               0x0800403d   Thumb Code    50  delay.o(i.delay_init)
    delay_ms                                 0x08004081   Thumb Code    52  delay.o(i.delay_ms)
    delay_us                                 0x080040b9   Thumb Code    46  delay.o(i.delay_us)
    fputc                                    0x080040e9   Thumb Code    24  usart1.o(i.fputc)
    gsm_atcmd_send                           0x08004105   Thumb Code    70  gsm.o(i.gsm_atcmd_send)
    gsm_init                                 0x08004155   Thumb Code    88  gsm.o(i.gsm_init)
    gsm_send_msg                             0x08004209   Thumb Code   114  gsm.o(i.gsm_send_msg)
    i2c_SendByte_2                           0x0800428d   Thumb Code    76  oled_i2c.o(i.i2c_SendByte_2)
    i2c_Start_2                              0x080042dd   Thumb Code    42  oled_i2c.o(i.i2c_Start_2)
    i2c_Stop_2                               0x0800430d   Thumb Code    36  oled_i2c.o(i.i2c_Stop_2)
    i2c_WaitAck_2                            0x08004335   Thumb Code    70  oled_i2c.o(i.i2c_WaitAck_2)
    main                                     0x08004381   Thumb Code   370  main.o(i.main)
    sim800_send                              0x080045ad   Thumb Code   164  gsm.o(i.sim800_send)
    uart1_Init                               0x080046a9   Thumb Code   178  usart1.o(i.uart1_Init)
    uart1_send                               0x08004765   Thumb Code    76  usart1.o(i.uart1_send)
    _get_lc_numeric                          0x080047b5   Thumb Code    44  lc_numeric_c.o(locale$$code)
    __aeabi_d2f                              0x080047e1   Thumb Code     0  d2f.o(x$fpl$d2f)
    _d2f                                     0x080047e1   Thumb Code    98  d2f.o(x$fpl$d2f)
    __aeabi_dadd                             0x08004845   Thumb Code     0  daddsub_clz.o(x$fpl$dadd)
    _dadd                                    0x08004845   Thumb Code   332  daddsub_clz.o(x$fpl$dadd)
    __fpl_dcmp_Inf                           0x08004995   Thumb Code    24  dcmpi.o(x$fpl$dcmpinf)
    __aeabi_ddiv                             0x080049ad   Thumb Code     0  ddiv.o(x$fpl$ddiv)
    _ddiv                                    0x080049ad   Thumb Code   552  ddiv.o(x$fpl$ddiv)
    __aeabi_cdcmpeq                          0x08004c5d   Thumb Code     0  deqf.o(x$fpl$deqf)
    _dcmpeq                                  0x08004c5d   Thumb Code   120  deqf.o(x$fpl$deqf)
    __aeabi_d2iz                             0x08004cd5   Thumb Code     0  dfix.o(x$fpl$dfix)
    _dfix                                    0x08004cd5   Thumb Code    94  dfix.o(x$fpl$dfix)
    __aeabi_i2d                              0x08004d33   Thumb Code     0  dflt_clz.o(x$fpl$dflt)
    _dflt                                    0x08004d33   Thumb Code    46  dflt_clz.o(x$fpl$dflt)
    __aeabi_dmul                             0x08004d61   Thumb Code     0  dmul.o(x$fpl$dmul)
    _dmul                                    0x08004d61   Thumb Code   332  dmul.o(x$fpl$dmul)
    __fpl_dnaninf                            0x08004eb5   Thumb Code   156  dnaninf.o(x$fpl$dnaninf)
    __fpl_dretinf                            0x08004f51   Thumb Code    12  dretinf.o(x$fpl$dretinf)
    __aeabi_drsub                            0x08004f5d   Thumb Code     0  daddsub_clz.o(x$fpl$drsb)
    _drsb                                    0x08004f5d   Thumb Code    22  daddsub_clz.o(x$fpl$drsb)
    __aeabi_dsub                             0x08004f75   Thumb Code     0  daddsub_clz.o(x$fpl$dsub)
    _dsub                                    0x08004f75   Thumb Code   464  daddsub_clz.o(x$fpl$dsub)
    __aeabi_f2d                              0x08005149   Thumb Code     0  f2d.o(x$fpl$f2d)
    _f2d                                     0x08005149   Thumb Code    86  f2d.o(x$fpl$f2d)
    __aeabi_fadd                             0x080051a1   Thumb Code     0  faddsub_clz.o(x$fpl$fadd)
    _fadd                                    0x080051a1   Thumb Code   196  faddsub_clz.o(x$fpl$fadd)
    __fpl_fcmp_Inf                           0x08005265   Thumb Code    24  fcmpi.o(x$fpl$fcmpinf)
    __aeabi_fdiv                             0x0800527d   Thumb Code     0  fdiv.o(x$fpl$fdiv)
    _fdiv                                    0x0800527d   Thumb Code   384  fdiv.o(x$fpl$fdiv)
    __aeabi_cfcmpeq                          0x08005401   Thumb Code     0  feqf.o(x$fpl$feqf)
    _fcmpeq                                  0x08005401   Thumb Code   104  feqf.o(x$fpl$feqf)
    __aeabi_f2uiz                            0x08005469   Thumb Code     0  ffixu.o(x$fpl$ffixu)
    _ffixu                                   0x08005469   Thumb Code    62  ffixu.o(x$fpl$ffixu)
    __aeabi_i2f                              0x080054a9   Thumb Code     0  fflt_clz.o(x$fpl$fflt)
    _fflt                                    0x080054a9   Thumb Code    48  fflt_clz.o(x$fpl$fflt)
    __aeabi_ui2f                             0x080054d9   Thumb Code     0  fflt_clz.o(x$fpl$ffltu)
    _ffltu                                   0x080054d9   Thumb Code    38  fflt_clz.o(x$fpl$ffltu)
    __aeabi_cfcmple                          0x08005501   Thumb Code     0  fleqf.o(x$fpl$fleqf)
    _fcmple                                  0x08005501   Thumb Code   104  fleqf.o(x$fpl$fleqf)
    __fpl_fcmple_InfNaN                      0x08005553   Thumb Code     0  fleqf.o(x$fpl$fleqf)
    __fpl_fnaninf                            0x08005569   Thumb Code   140  fnaninf.o(x$fpl$fnaninf)
    __fpl_fretinf                            0x080055f5   Thumb Code    10  fretinf.o(x$fpl$fretinf)
    __aeabi_cfrcmple                         0x080055ff   Thumb Code     0  frleqf.o(x$fpl$frleqf)
    _frcmple                                 0x080055ff   Thumb Code    98  frleqf.o(x$fpl$frleqf)
    __aeabi_fsub                             0x08005661   Thumb Code     0  faddsub_clz.o(x$fpl$fsub)
    _fsub                                    0x08005661   Thumb Code   234  faddsub_clz.o(x$fpl$fsub)
    _printf_fp_dec                           0x0800574b   Thumb Code     4  printf1.o(x$fpl$printf1)
    F6x8                                     0x0800574e   Data         552  oled_i2c.o(.constdata)
    __I$use$fp                               0x0800574e   Number         0  usenofp.o(x$fpl$usenofp)
    F8X16                                    0x08005976   Data        1520  oled_i2c.o(.constdata)
    Region$$Table$$Base                      0x08005ffc   Number         0  anon$$obj.o(Region$$Table)
    Region$$Table$$Limit                     0x0800601c   Number         0  anon$$obj.o(Region$$Table)
    F16x16                                   0x20000014   Data        1280  oled_i2c.o(.data)
    TIM3_UPDATA                              0x20000514   Data           2  hc_sr04.o(.data)
    temp                                     0x20000518   Data           4  hc_sr04.o(.data)
    beepState                                0x2000051c   Data           1  wt588d.o(.data)
    beepMode                                 0x2000051d   Data           1  wt588d.o(.data)
    beepCount                                0x2000051e   Data           1  wt588d.o(.data)
    beepMaxCount                             0x2000051f   Data           1  wt588d.o(.data)
    beepOnTime                               0x20000520   Data           4  wt588d.o(.data)
    beepOffTime                              0x20000524   Data           4  wt588d.o(.data)
    beepTimer                                0x20000528   Data           4  wt588d.o(.data)
    PhoneNumber                              0x2000052c   Data          12  gsm.o(.data)
    sendSmsFlag                              0x20000538   Data           1  gsm.o(.data)
    GPS_rx_flag                              0x2000053c   Data           1  main.o(.data)
    gpsInitFlag                              0x2000053d   Data           1  main.o(.data)
    safetyDistance                           0x2000053e   Data           2  main.o(.data)
    currentDistance                          0x20000540   Data           4  main.o(.data)
    distanceWarning                          0x20000544   Data           1  main.o(.data)
    displayTwinkle                           0x20000545   Data           1  main.o(.data)
    systemInitFlag                           0x20000546   Data           1  main.o(.data)
    settingMode                              0x20000547   Data           1  main.o(.data)
    refreshFlag                              0x20000548   Data           1  main.o(.data)
    playTimeCounter                          0x20000549   Data           1  main.o(.data)
    secondCounter                            0x2000054a   Data           1  main.o(.data)
    tiltDetected                             0x2000054b   Data           1  main.o(.data)
    fallDetected                             0x2000054c   Data           1  main.o(.data)
    fallTimer                                0x2000054d   Data           1  main.o(.data)
    sendFlag                                 0x2000054e   Data           1  main.o(.data)
    accelX                                   0x20000550   Data           4  main.o(.data)
    accelY                                   0x20000554   Data           4  main.o(.data)
    accelZ                                   0x20000558   Data           4  main.o(.data)
    accelMagnitude                           0x2000055c   Data           4  main.o(.data)
    accelMagnitude2                          0x20000560   Data           4  main.o(.data)
    emergencyMode                            0x20000564   Data           1  main.o(.data)
    SystemCoreClock                          0x2000056c   Data           4  system_stm32f10x.o(.data)
    AHBPrescTable                            0x20000570   Data          16  system_stm32f10x.o(.data)
    RxCounter                                0x20000584   Data           4  usart1.o(.data)
    __stdout                                 0x20000588   Data           4  usart1.o(.data)
    gsm_rev_start                            0x2000058c   Data           1  usart1.o(.data)
    gsm_rev_okflag                           0x2000058d   Data           1  usart1.o(.data)
    Rx3Counter                               0x20000590   Data           4  usart3.o(.data)
    rev_start                                0x20000594   Data           1  usart3.o(.data)
    rev_stop                                 0x20000595   Data           1  usart3.o(.data)
    gps_flag                                 0x20000596   Data           1  usart3.o(.data)
    num                                      0x20000597   Data           1  usart3.o(.data)
    STMFLASH_BUF                             0x20000598   Data        1024  stm32f10x_flash.o(.bss)
    ConversionNum                            0x20000998   Data          44  gsm.o(.bss)
    GPS                                      0x200009c8   Data          80  main.o(.bss)
    displayBuffer                            0x20000a18   Data          16  main.o(.bss)
    SysTick_Info                             0x20000a28   Data          28  system_stm32f10x.o(.bss)
    Usart1RecBuf                             0x20000a44   Data         200  usart1.o(.bss)
    Usart3RecBuf                             0x20000b0c   Data          80  usart3.o(.bss)
    __libspace_start                         0x20000b5c   Data          96  libspace.o(.bss)
    __temporary_stack_top$libspace           0x20000bbc   Data           0  libspace.o(.bss)



==============================================================================

Memory Map of the image

  Image Entry point : 0x080000ed

  Load Region LR_IROM1 (Base: 0x08000000, Size: 0x000065d0, Max: 0x00010000, ABSOLUTE, COMPRESSED[0x00006390])

    Execution Region ER_IROM1 (Exec base: 0x08000000, Load base: 0x08000000, Size: 0x00006038, Max: 0x00010000, ABSOLUTE)

    Exec Addr    Load Addr    Size         Type   Attr      Idx    E Section Name        Object

    0x08000000   0x08000000   0x000000ec   Data   RO           19    RESET               startup_stm32f10x_md.o
    0x080000ec   0x080000ec   0x00000008   Code   RO         2939  * !!!main             c_w.l(__main.o)
    0x080000f4   0x080000f4   0x00000034   Code   RO         3231    !!!scatter          c_w.l(__scatter.o)
    0x08000128   0x08000128   0x00000064   Code   RO         3229    !!dclz77c           c_w.l(__dclz77c.o)
    0x0800018c   0x0800018c   0x0000001c   Code   RO         3233    !!handler_zi        c_w.l(__scatter_zi.o)
    0x080001a8   0x080001a8   0x00000000   Code   RO         2922    .ARM.Collect$$_printf_percent$$00000000  c_w.l(_printf_percent.o)
    0x080001a8   0x080001a8   0x00000006   Code   RO         2921    .ARM.Collect$$_printf_percent$$00000003  c_w.l(_printf_f.o)
    0x080001ae   0x080001ae   0x00000006   Code   RO         2920    .ARM.Collect$$_printf_percent$$00000009  c_w.l(_printf_d.o)
    0x080001b4   0x080001b4   0x00000006   Code   RO         2919    .ARM.Collect$$_printf_percent$$00000013  c_w.l(_printf_c.o)
    0x080001ba   0x080001ba   0x00000004   Code   RO         3014    .ARM.Collect$$_printf_percent$$00000017  c_w.l(_printf_percent_end.o)
    0x080001be   0x080001be   0x00000002   Code   RO         3106    .ARM.Collect$$libinit$$00000000  c_w.l(libinit.o)
    0x080001c0   0x080001c0   0x00000000   Code   RO         3108    .ARM.Collect$$libinit$$00000002  c_w.l(libinit2.o)
    0x080001c0   0x080001c0   0x00000000   Code   RO         3110    .ARM.Collect$$libinit$$00000004  c_w.l(libinit2.o)
    0x080001c0   0x080001c0   0x00000000   Code   RO         3113    .ARM.Collect$$libinit$$0000000A  c_w.l(libinit2.o)
    0x080001c0   0x080001c0   0x00000000   Code   RO         3115    .ARM.Collect$$libinit$$0000000C  c_w.l(libinit2.o)
    0x080001c0   0x080001c0   0x00000000   Code   RO         3117    .ARM.Collect$$libinit$$0000000E  c_w.l(libinit2.o)
    0x080001c0   0x080001c0   0x00000006   Code   RO         3118    .ARM.Collect$$libinit$$0000000F  c_w.l(libinit2.o)
    0x080001c6   0x080001c6   0x00000000   Code   RO         3120    .ARM.Collect$$libinit$$00000011  c_w.l(libinit2.o)
    0x080001c6   0x080001c6   0x00000000   Code   RO         3122    .ARM.Collect$$libinit$$00000013  c_w.l(libinit2.o)
    0x080001c6   0x080001c6   0x00000000   Code   RO         3124    .ARM.Collect$$libinit$$00000015  c_w.l(libinit2.o)
    0x080001c6   0x080001c6   0x0000000a   Code   RO         3125    .ARM.Collect$$libinit$$00000016  c_w.l(libinit2.o)
    0x080001d0   0x080001d0   0x00000000   Code   RO         3126    .ARM.Collect$$libinit$$00000017  c_w.l(libinit2.o)
    0x080001d0   0x080001d0   0x00000000   Code   RO         3128    .ARM.Collect$$libinit$$00000019  c_w.l(libinit2.o)
    0x080001d0   0x080001d0   0x00000000   Code   RO         3130    .ARM.Collect$$libinit$$0000001B  c_w.l(libinit2.o)
    0x080001d0   0x080001d0   0x00000000   Code   RO         3132    .ARM.Collect$$libinit$$0000001D  c_w.l(libinit2.o)
    0x080001d0   0x080001d0   0x00000000   Code   RO         3134    .ARM.Collect$$libinit$$0000001F  c_w.l(libinit2.o)
    0x080001d0   0x080001d0   0x00000000   Code   RO         3136    .ARM.Collect$$libinit$$00000021  c_w.l(libinit2.o)
    0x080001d0   0x080001d0   0x00000000   Code   RO         3138    .ARM.Collect$$libinit$$00000023  c_w.l(libinit2.o)
    0x080001d0   0x080001d0   0x00000000   Code   RO         3140    .ARM.Collect$$libinit$$00000025  c_w.l(libinit2.o)
    0x080001d0   0x080001d0   0x00000000   Code   RO         3144    .ARM.Collect$$libinit$$0000002C  c_w.l(libinit2.o)
    0x080001d0   0x080001d0   0x00000000   Code   RO         3146    .ARM.Collect$$libinit$$0000002E  c_w.l(libinit2.o)
    0x080001d0   0x080001d0   0x00000000   Code   RO         3148    .ARM.Collect$$libinit$$00000030  c_w.l(libinit2.o)
    0x080001d0   0x080001d0   0x00000000   Code   RO         3150    .ARM.Collect$$libinit$$00000032  c_w.l(libinit2.o)
    0x080001d0   0x080001d0   0x00000002   Code   RO         3151    .ARM.Collect$$libinit$$00000033  c_w.l(libinit2.o)
    0x080001d2   0x080001d2   0x00000002   Code   RO         3179    .ARM.Collect$$libshutdown$$00000000  c_w.l(libshutdown.o)
    0x080001d4   0x080001d4   0x00000000   Code   RO         3188    .ARM.Collect$$libshutdown$$00000002  c_w.l(libshutdown2.o)
    0x080001d4   0x080001d4   0x00000000   Code   RO         3190    .ARM.Collect$$libshutdown$$00000004  c_w.l(libshutdown2.o)
    0x080001d4   0x080001d4   0x00000000   Code   RO         3193    .ARM.Collect$$libshutdown$$00000007  c_w.l(libshutdown2.o)
    0x080001d4   0x080001d4   0x00000000   Code   RO         3196    .ARM.Collect$$libshutdown$$0000000A  c_w.l(libshutdown2.o)
    0x080001d4   0x080001d4   0x00000000   Code   RO         3198    .ARM.Collect$$libshutdown$$0000000C  c_w.l(libshutdown2.o)
    0x080001d4   0x080001d4   0x00000000   Code   RO         3201    .ARM.Collect$$libshutdown$$0000000F  c_w.l(libshutdown2.o)
    0x080001d4   0x080001d4   0x00000002   Code   RO         3202    .ARM.Collect$$libshutdown$$00000010  c_w.l(libshutdown2.o)
    0x080001d6   0x080001d6   0x00000000   Code   RO         3001    .ARM.Collect$$rtentry$$00000000  c_w.l(__rtentry.o)
    0x080001d6   0x080001d6   0x00000000   Code   RO         3031    .ARM.Collect$$rtentry$$00000002  c_w.l(__rtentry2.o)
    0x080001d6   0x080001d6   0x00000006   Code   RO         3043    .ARM.Collect$$rtentry$$00000004  c_w.l(__rtentry4.o)
    0x080001dc   0x080001dc   0x00000000   Code   RO         3033    .ARM.Collect$$rtentry$$00000009  c_w.l(__rtentry2.o)
    0x080001dc   0x080001dc   0x00000004   Code   RO         3034    .ARM.Collect$$rtentry$$0000000A  c_w.l(__rtentry2.o)
    0x080001e0   0x080001e0   0x00000000   Code   RO         3036    .ARM.Collect$$rtentry$$0000000C  c_w.l(__rtentry2.o)
    0x080001e0   0x080001e0   0x00000008   Code   RO         3037    .ARM.Collect$$rtentry$$0000000D  c_w.l(__rtentry2.o)
    0x080001e8   0x080001e8   0x00000002   Code   RO         3152    .ARM.Collect$$rtexit$$00000000  c_w.l(rtexit.o)
    0x080001ea   0x080001ea   0x00000000   Code   RO         3159    .ARM.Collect$$rtexit$$00000002  c_w.l(rtexit2.o)
    0x080001ea   0x080001ea   0x00000004   Code   RO         3160    .ARM.Collect$$rtexit$$00000003  c_w.l(rtexit2.o)
    0x080001ee   0x080001ee   0x00000006   Code   RO         3161    .ARM.Collect$$rtexit$$00000004  c_w.l(rtexit2.o)
    0x080001f4   0x080001f4   0x00000040   Code   RO           20    .text               startup_stm32f10x_md.o
    0x08000234   0x08000234   0x00000002   Code   RO         2881    .text               c_w.l(use_no_semi_2.o)
    0x08000236   0x08000236   0x00000002   PAD
    0x08000238   0x08000238   0x00000018   Code   RO         2887    .text               c_w.l(noretval__2printf.o)
    0x08000250   0x08000250   0x00000028   Code   RO         2889    .text               c_w.l(noretval__2sprintf.o)
    0x08000278   0x08000278   0x0000004e   Code   RO         2893    .text               c_w.l(_printf_pad.o)
    0x080002c6   0x080002c6   0x00000052   Code   RO         2895    .text               c_w.l(_printf_str.o)
    0x08000318   0x08000318   0x00000078   Code   RO         2897    .text               c_w.l(_printf_dec.o)
    0x08000390   0x08000390   0x0000010e   Code   RO         2907    .text               c_w.l(__printf_wp.o)
    0x0800049e   0x0800049e   0x00000024   Code   RO         2923    .text               c_w.l(strstr.o)
    0x080004c2   0x080004c2   0x0000003e   Code   RO         2925    .text               c_w.l(strlen.o)
    0x08000500   0x08000500   0x00000018   Code   RO         2927    .text               c_w.l(strcat.o)
    0x08000518   0x08000518   0x0000008a   Code   RO         2929    .text               c_w.l(rt_memcpy_v6.o)
    0x080005a2   0x080005a2   0x00000044   Code   RO         2931    .text               c_w.l(rt_memclr.o)
    0x080005e6   0x080005e6   0x0000004e   Code   RO         2933    .text               c_w.l(rt_memclr_w.o)
    0x08000634   0x08000634   0x00000056   Code   RO         2935    .text               c_w.l(strncpy.o)
    0x0800068a   0x0800068a   0x00000006   Code   RO         2937    .text               c_w.l(heapauxi.o)
    0x08000690   0x08000690   0x00000002   Code   RO         2999    .text               c_w.l(use_no_semi.o)
    0x08000692   0x08000692   0x000000b2   Code   RO         3002    .text               c_w.l(_printf_intcommon.o)
    0x08000744   0x08000744   0x0000041e   Code   RO         3004    .text               c_w.l(_printf_fp_dec.o)
    0x08000b62   0x08000b62   0x00000002   PAD
    0x08000b64   0x08000b64   0x00000030   Code   RO         3006    .text               c_w.l(_printf_char_common.o)
    0x08000b94   0x08000b94   0x0000000a   Code   RO         3008    .text               c_w.l(_sputc.o)
    0x08000b9e   0x08000b9e   0x0000002c   Code   RO         3010    .text               c_w.l(_printf_char.o)
    0x08000bca   0x08000bca   0x00000002   PAD
    0x08000bcc   0x08000bcc   0x00000024   Code   RO         3012    .text               c_w.l(_printf_char_file.o)
    0x08000bf0   0x08000bf0   0x00000064   Code   RO         3015    .text               c_w.l(rt_memcpy_w.o)
    0x08000c54   0x08000c54   0x00000008   Code   RO         3048    .text               c_w.l(rt_locale_intlibspace.o)
    0x08000c5c   0x08000c5c   0x0000008a   Code   RO         3050    .text               c_w.l(lludiv10.o)
    0x08000ce6   0x08000ce6   0x00000002   PAD
    0x08000ce8   0x08000ce8   0x00000080   Code   RO         3052    .text               c_w.l(_printf_fp_infnan.o)
    0x08000d68   0x08000d68   0x000000e4   Code   RO         3056    .text               c_w.l(bigflt0.o)
    0x08000e4c   0x08000e4c   0x00000008   Code   RO         3081    .text               c_w.l(ferror.o)
    0x08000e54   0x08000e54   0x00000008   Code   RO         3092    .text               c_w.l(libspace.o)
    0x08000e5c   0x08000e5c   0x0000004a   Code   RO         3095    .text               c_w.l(sys_stackheap_outer.o)
    0x08000ea6   0x08000ea6   0x00000012   Code   RO         3097    .text               c_w.l(exit.o)
    0x08000eb8   0x08000eb8   0x00000080   Code   RO         3099    .text               c_w.l(strcmpv7m.o)
    0x08000f38   0x08000f38   0x0000003e   Code   RO         3059    CL$$btod_d2e        c_w.l(btod.o)
    0x08000f76   0x08000f76   0x00000046   Code   RO         3061    CL$$btod_d2e_denorm_low  c_w.l(btod.o)
    0x08000fbc   0x08000fbc   0x00000060   Code   RO         3060    CL$$btod_d2e_norm_op1  c_w.l(btod.o)
    0x0800101c   0x0800101c   0x00000338   Code   RO         3069    CL$$btod_div_common  c_w.l(btod.o)
    0x08001354   0x08001354   0x000000dc   Code   RO         3066    CL$$btod_e2e        c_w.l(btod.o)
    0x08001430   0x08001430   0x0000002a   Code   RO         3063    CL$$btod_ediv       c_w.l(btod.o)
    0x0800145a   0x0800145a   0x0000002a   Code   RO         3062    CL$$btod_emul       c_w.l(btod.o)
    0x08001484   0x08001484   0x00000244   Code   RO         3068    CL$$btod_mult_common  c_w.l(btod.o)
    0x080016c8   0x080016c8   0x00000044   Code   RO         1972    i.BEEP_GPIO_Init    gpio.o
    0x0800170c   0x0800170c   0x0000009c   Code   RO         2395    i.BeepUpdate        wt588d.o
    0x080017a8   0x080017a8   0x00000004   Code   RO         2600    i.BusFault_Handler  stm32f10x_it.o
    0x080017ac   0x080017ac   0x0000006c   Code   RO         2490    i.CheckNewMcu       main.o
    0x08001818   0x08001818   0x00000002   Code   RO         2601    i.DebugMon_Handler  stm32f10x_it.o
    0x0800181a   0x0800181a   0x00000002   PAD
    0x0800181c   0x0800181c   0x000000ac   Code   RO         2491    i.DisplaySetValue   main.o
    0x080018c8   0x080018c8   0x0000004c   Code   RO         1521    i.FLASH_ErasePage   stm32f10x_flash.o
    0x08001914   0x08001914   0x00000034   Code   RO         1522    i.FLASH_GetBank1Status  stm32f10x_flash.o
    0x08001948   0x08001948   0x00000014   Code   RO         1531    i.FLASH_Lock        stm32f10x_flash.o
    0x0800195c   0x0800195c   0x00000040   Code   RO         1534    i.FLASH_ProgramHalfWord  stm32f10x_flash.o
    0x0800199c   0x0800199c   0x00000018   Code   RO         1539    i.FLASH_Unlock      stm32f10x_flash.o
    0x080019b4   0x080019b4   0x00000026   Code   RO         1543    i.FLASH_WaitForLastOperation  stm32f10x_flash.o
    0x080019da   0x080019da   0x00000002   PAD
    0x080019dc   0x080019dc   0x00000198   Code   RO         2492    i.FallDetection     main.o
    0x08001b74   0x08001b74   0x00000116   Code   RO          387    i.GPIO_Init         stm32f10x_gpio.o
    0x08001c8a   0x08001c8a   0x00000002   PAD
    0x08001c8c   0x08001c8c   0x00000090   Code   RO          389    i.GPIO_PinRemapConfig  stm32f10x_gpio.o
    0x08001d1c   0x08001d1c   0x00000004   Code   RO          394    i.GPIO_ResetBits    stm32f10x_gpio.o
    0x08001d20   0x08001d20   0x00000004   Code   RO          395    i.GPIO_SetBits      stm32f10x_gpio.o
    0x08001d24   0x08001d24   0x000001d0   Code   RO         2321    i.GPS_RMC_Parse     gps.o
    0x08001ef4   0x08001ef4   0x00000038   Code   RO         2322    i.GetComma          gps.o
    0x08001f2c   0x08001f2c   0x000001c4   Code   RO         2493    i.Get_Distance      main.o
    0x080020f0   0x080020f0   0x00000034   Code   RO         2323    i.Get_Double_Number  gps.o
    0x08002124   0x08002124   0x000000c8   Code   RO         2494    i.Get_GPS           main.o
    0x080021ec   0x080021ec   0x000000e0   Code   RO         2179    i.Get_SR04_Distance  hc_sr04.o
    0x080022cc   0x080022cc   0x00000044   Code   RO         2180    i.HC_SR04_IO_Init   hc_sr04.o
    0x08002310   0x08002310   0x00000004   Code   RO         2602    i.HardFault_Handler  stm32f10x_it.o
    0x08002314   0x08002314   0x00000008   Code   RO         2002    i.I2C_Configuration  oled_i2c.o
    0x0800231c   0x0800231c   0x00000024   Code   RO         2253    i.I2C_SDA_IN        iic.o
    0x08002340   0x08002340   0x00000024   Code   RO         2254    i.I2C_SDA_OUT       iic.o
    0x08002364   0x08002364   0x0000002e   Code   RO         2003    i.I2C_WriteByte     oled_i2c.o
    0x08002392   0x08002392   0x00000002   PAD
    0x08002394   0x08002394   0x00000038   Code   RO         2255    i.IIC_ack           iic.o
    0x080023cc   0x080023cc   0x00000038   Code   RO         2256    i.IIC_init          iic.o
    0x08002404   0x08002404   0x00000038   Code   RO         2257    i.IIC_noack         iic.o
    0x0800243c   0x0800243c   0x0000005c   Code   RO         2258    i.IIC_read_byte     iic.o
    0x08002498   0x08002498   0x0000004c   Code   RO         2259    i.IIC_send_byte     iic.o
    0x080024e4   0x080024e4   0x00000038   Code   RO         2260    i.IIC_start         iic.o
    0x0800251c   0x0800251c   0x00000034   Code   RO         2261    i.IIC_stop          iic.o
    0x08002550   0x08002550   0x0000004c   Code   RO         2262    i.IIC_wait_ack      iic.o
    0x0800259c   0x0800259c   0x00000058   Code   RO         1973    i.KEY_GPIO_Init     gpio.o
    0x080025f4   0x080025f4   0x000002b0   Code   RO         2495    i.KeySettings       main.o
    0x080028a4   0x080028a4   0x00000060   Code   RO         1974    i.LED_GPIO_Init     gpio.o
    0x08002904   0x08002904   0x00000084   Code   RO         2431    i.LongiAndLatiChangeUnicode  gsm.o
    0x08002988   0x08002988   0x00000004   Code   RO         2603    i.MemManage_Handler  stm32f10x_it.o
    0x0800298c   0x0800298c   0x00000002   Code   RO         2604    i.NMI_Handler       stm32f10x_it.o
    0x0800298e   0x0800298e   0x0000000c   Code   RO         2767    i.NVIC_Configuration  sys.o
    0x0800299a   0x0800299a   0x00000002   PAD
    0x0800299c   0x0800299c   0x00000070   Code   RO           24    i.NVIC_Init         misc.o
    0x08002a0c   0x08002a0c   0x00000014   Code   RO           25    i.NVIC_PriorityGroupConfig  misc.o
    0x08002a20   0x08002a20   0x0000000a   Code   RO         2004    i.OLED_CLS          oled_i2c.o
    0x08002a2a   0x08002a2a   0x0000003a   Code   RO         2006    i.OLED_Fill         oled_i2c.o
    0x08002a64   0x08002a64   0x000000b2   Code   RO         2007    i.OLED_Init         oled_i2c.o
    0x08002b16   0x08002b16   0x00000028   Code   RO         2010    i.OLED_SetPos       oled_i2c.o
    0x08002b3e   0x08002b3e   0x00000002   PAD
    0x08002b40   0x08002b40   0x0000007c   Code   RO         2011    i.OLED_ShowCN       oled_i2c.o
    0x08002bbc   0x08002bbc   0x000000f8   Code   RO         2012    i.OLED_ShowChar     oled_i2c.o
    0x08002cb4   0x08002cb4   0x000000ec   Code   RO         2013    i.OLED_ShowStr      oled_i2c.o
    0x08002da0   0x08002da0   0x00000002   Code   RO         2605    i.PendSV_Handler    stm32f10x_it.o
    0x08002da2   0x08002da2   0x00000002   PAD
    0x08002da4   0x08002da4   0x00000044   Code   RO         2432    i.PhoneNumTranscoding  gsm.o
    0x08002de8   0x08002de8   0x00000020   Code   RO          497    i.RCC_APB1PeriphClockCmd  stm32f10x_rcc.o
    0x08002e08   0x08002e08   0x00000020   Code   RO          498    i.RCC_APB1PeriphResetCmd  stm32f10x_rcc.o
    0x08002e28   0x08002e28   0x00000020   Code   RO          499    i.RCC_APB2PeriphClockCmd  stm32f10x_rcc.o
    0x08002e48   0x08002e48   0x00000020   Code   RO          500    i.RCC_APB2PeriphResetCmd  stm32f10x_rcc.o
    0x08002e68   0x08002e68   0x000000d4   Code   RO          507    i.RCC_GetClocksFreq  stm32f10x_rcc.o
    0x08002f3c   0x08002f3c   0x00000022   Code   RO         1544    i.STM32F10x_Read    stm32f10x_flash.o
    0x08002f5e   0x08002f5e   0x00000006   Code   RO         1545    i.STMFLASH_ReadHalfWord  stm32f10x_flash.o
    0x08002f64   0x08002f64   0x000000e8   Code   RO         1546    i.STMFLASH_Write    stm32f10x_flash.o
    0x0800304c   0x0800304c   0x00000022   Code   RO         1547    i.STMFLASH_Write_NoCheck  stm32f10x_flash.o
    0x0800306e   0x0800306e   0x00000002   Code   RO         2606    i.SVC_Handler       stm32f10x_it.o
    0x08003070   0x08003070   0x00000008   Code   RO         2684    i.SetSysClock       system_stm32f10x.o
    0x08003078   0x08003078   0x000000e0   Code   RO         2685    i.SetSysClockTo72   system_stm32f10x.o
    0x08003158   0x08003158   0x000000a8   Code   RO         2496    i.ShowHomePage      main.o
    0x08003200   0x08003200   0x0000004c   Code   RO         2497    i.SprintfIntNum     main.o
    0x0800324c   0x0800324c   0x000000a8   Code   RO         2396    i.StartBeep         wt588d.o
    0x080032f4   0x080032f4   0x00000014   Code   RO         2397    i.StopBeep          wt588d.o
    0x08003308   0x08003308   0x00000120   Code   RO         2327    i.Str_To_Double     gps.o
    0x08003428   0x08003428   0x000000a0   Code   RO           28    i.SysTick_CLKSourceConfig  misc.o
    0x080034c8   0x080034c8   0x00000002   Code   RO         2607    i.SysTick_Handler   stm32f10x_it.o
    0x080034ca   0x080034ca   0x00000002   PAD
    0x080034cc   0x080034cc   0x00000060   Code   RO         2687    i.SystemInit        system_stm32f10x.o
    0x0800352c   0x0800352c   0x000000a4   Code   RO         2498    i.TIM2_IRQHandler   main.o
    0x080035d0   0x080035d0   0x0000005c   Code   RO         2151    i.TIM2_Init         timer.o
    0x0800362c   0x0800362c   0x00000028   Code   RO         2152    i.TIM3_IRQHandler   timer.o
    0x08003654   0x08003654   0x0000005c   Code   RO         2153    i.TIM3_Init         timer.o
    0x080036b0   0x080036b0   0x00000006   Code   RO          799    i.TIM_ClearITPendingBit  stm32f10x_tim.o
    0x080036b6   0x080036b6   0x00000018   Code   RO          804    i.TIM_Cmd           stm32f10x_tim.o
    0x080036ce   0x080036ce   0x00000006   Code   RO          823    i.TIM_GetCounter    stm32f10x_tim.o
    0x080036d4   0x080036d4   0x00000022   Code   RO          825    i.TIM_GetITStatus   stm32f10x_tim.o
    0x080036f6   0x080036f6   0x00000012   Code   RO          829    i.TIM_ITConfig      stm32f10x_tim.o
    0x08003708   0x08003708   0x00000004   Code   RO          869    i.TIM_SetCounter    stm32f10x_tim.o
    0x0800370c   0x0800370c   0x000000a4   Code   RO          875    i.TIM_TimeBaseInit  stm32f10x_tim.o
    0x080037b0   0x080037b0   0x0000009c   Code   RO         2782    i.USART1_IRQHandler  usart1.o
    0x0800384c   0x0800384c   0x000000a8   Code   RO         2835    i.USART3_IRQHandler  usart3.o
    0x080038f4   0x080038f4   0x000000b0   Code   RO         2836    i.USART3_Init       usart3.o
    0x080039a4   0x080039a4   0x00000012   Code   RO         1336    i.USART_ClearFlag   stm32f10x_usart.o
    0x080039b6   0x080039b6   0x0000001e   Code   RO         1337    i.USART_ClearITPendingBit  stm32f10x_usart.o
    0x080039d4   0x080039d4   0x00000018   Code   RO         1340    i.USART_Cmd         stm32f10x_usart.o
    0x080039ec   0x080039ec   0x0000009c   Code   RO         1342    i.USART_DeInit      stm32f10x_usart.o
    0x08003a88   0x08003a88   0x0000001a   Code   RO         1343    i.USART_GetFlagStatus  stm32f10x_usart.o
    0x08003aa2   0x08003aa2   0x00000054   Code   RO         1344    i.USART_GetITStatus  stm32f10x_usart.o
    0x08003af6   0x08003af6   0x0000004a   Code   RO         1346    i.USART_ITConfig    stm32f10x_usart.o
    0x08003b40   0x08003b40   0x000000d8   Code   RO         1347    i.USART_Init        stm32f10x_usart.o
    0x08003c18   0x08003c18   0x0000000a   Code   RO         1354    i.USART_ReceiveData  stm32f10x_usart.o
    0x08003c22   0x08003c22   0x000000d0   Code   RO         2330    i.UTC2BTC           gps.o
    0x08003cf2   0x08003cf2   0x00000004   Code   RO         2608    i.UsageFault_Handler  stm32f10x_it.o
    0x08003cf6   0x08003cf6   0x00000002   PAD
    0x08003cf8   0x08003cf8   0x0000001c   Code   RO         2499    i.UsartRx1BufClear  main.o
    0x08003d14   0x08003d14   0x00000038   Code   RO         2398    i.WT588D_GPIO_INIT  wt588d.o
    0x08003d4c   0x08003d4c   0x0000000e   Code   RO         2014    i.WriteCmd          oled_i2c.o
    0x08003d5a   0x08003d5a   0x0000000e   Code   RO         2015    i.WriteDat          oled_i2c.o
    0x08003d68   0x08003d68   0x00000028   Code   RO         3090    i.__ARM_fpclassify  m_ws.l(fpclassify.o)
    0x08003d90   0x08003d90   0x0000000e   Code   RO         2909    i._is_digit         c_w.l(__printf_wp.o)
    0x08003d9e   0x08003d9e   0x00000006   Code   RO         2784    i._sys_exit         usart1.o
    0x08003da4   0x08003da4   0x0000004c   Code   RO         2203    i.adxl345_init      adxl345.o
    0x08003df0   0x08003df0   0x000000e6   Code   RO         2204    i.adxl345_read_average  adxl345.o
    0x08003ed6   0x08003ed6   0x000000a4   Code   RO         2205    i.adxl345_read_data  adxl345.o
    0x08003f7a   0x08003f7a   0x0000004a   Code   RO         2206    i.adxl345_read_reg  adxl345.o
    0x08003fc4   0x08003fc4   0x0000003c   Code   RO         2207    i.adxl345_write_reg  adxl345.o
    0x08004000   0x08004000   0x0000003c   Code   RO         2016    i.bsp_InitI2C_2     oled_i2c.o
    0x0800403c   0x0800403c   0x00000044   Code   RO         2732    i.delay_init        delay.o
    0x08004080   0x08004080   0x00000038   Code   RO         2733    i.delay_ms          delay.o
    0x080040b8   0x080040b8   0x0000002e   Code   RO         2735    i.delay_us          delay.o
    0x080040e6   0x080040e6   0x00000002   PAD
    0x080040e8   0x080040e8   0x0000001c   Code   RO         2785    i.fputc             usart1.o
    0x08004104   0x08004104   0x00000050   Code   RO         2433    i.gsm_atcmd_send    gsm.o
    0x08004154   0x08004154   0x000000b4   Code   RO         2434    i.gsm_init          gsm.o
    0x08004208   0x08004208   0x00000084   Code   RO         2435    i.gsm_send_msg      gsm.o
    0x0800428c   0x0800428c   0x00000050   Code   RO         2020    i.i2c_SendByte_2    oled_i2c.o
    0x080042dc   0x080042dc   0x00000030   Code   RO         2021    i.i2c_Start_2       oled_i2c.o
    0x0800430c   0x0800430c   0x00000028   Code   RO         2022    i.i2c_Stop_2        oled_i2c.o
    0x08004334   0x08004334   0x0000004c   Code   RO         2023    i.i2c_WaitAck_2     oled_i2c.o
    0x08004380   0x08004380   0x0000022c   Code   RO         2500    i.main              main.o
    0x080045ac   0x080045ac   0x000000fc   Code   RO         2436    i.sim800_send       gsm.o
    0x080046a8   0x080046a8   0x000000bc   Code   RO         2786    i.uart1_Init        usart1.o
    0x08004764   0x08004764   0x00000050   Code   RO         2787    i.uart1_send        usart1.o
    0x080047b4   0x080047b4   0x0000002c   Code   RO         3086    locale$$code        c_w.l(lc_numeric_c.o)
    0x080047e0   0x080047e0   0x00000062   Code   RO         2941    x$fpl$d2f           fz_ws.l(d2f.o)
    0x08004842   0x08004842   0x00000002   PAD
    0x08004844   0x08004844   0x00000150   Code   RO         2943    x$fpl$dadd          fz_ws.l(daddsub_clz.o)
    0x08004994   0x08004994   0x00000018   Code   RO         3017    x$fpl$dcmpinf       fz_ws.l(dcmpi.o)
    0x080049ac   0x080049ac   0x000002b0   Code   RO         2950    x$fpl$ddiv          fz_ws.l(ddiv.o)
    0x08004c5c   0x08004c5c   0x00000078   Code   RO         2953    x$fpl$deqf          fz_ws.l(deqf.o)
    0x08004cd4   0x08004cd4   0x0000005e   Code   RO         2955    x$fpl$dfix          fz_ws.l(dfix.o)
    0x08004d32   0x08004d32   0x0000002e   Code   RO         2960    x$fpl$dflt          fz_ws.l(dflt_clz.o)
    0x08004d60   0x08004d60   0x00000154   Code   RO         2965    x$fpl$dmul          fz_ws.l(dmul.o)
    0x08004eb4   0x08004eb4   0x0000009c   Code   RO         3019    x$fpl$dnaninf       fz_ws.l(dnaninf.o)
    0x08004f50   0x08004f50   0x0000000c   Code   RO         3021    x$fpl$dretinf       fz_ws.l(dretinf.o)
    0x08004f5c   0x08004f5c   0x00000016   Code   RO         2944    x$fpl$drsb          fz_ws.l(daddsub_clz.o)
    0x08004f72   0x08004f72   0x00000002   PAD
    0x08004f74   0x08004f74   0x000001d4   Code   RO         2945    x$fpl$dsub          fz_ws.l(daddsub_clz.o)
    0x08005148   0x08005148   0x00000056   Code   RO         2967    x$fpl$f2d           fz_ws.l(f2d.o)
    0x0800519e   0x0800519e   0x00000002   PAD
    0x080051a0   0x080051a0   0x000000c4   Code   RO         2969    x$fpl$fadd          fz_ws.l(faddsub_clz.o)
    0x08005264   0x08005264   0x00000018   Code   RO         3023    x$fpl$fcmpinf       fz_ws.l(fcmpi.o)
    0x0800527c   0x0800527c   0x00000184   Code   RO         2976    x$fpl$fdiv          fz_ws.l(fdiv.o)
    0x08005400   0x08005400   0x00000068   Code   RO         2979    x$fpl$feqf          fz_ws.l(feqf.o)
    0x08005468   0x08005468   0x0000003e   Code   RO         2981    x$fpl$ffixu         fz_ws.l(ffixu.o)
    0x080054a6   0x080054a6   0x00000002   PAD
    0x080054a8   0x080054a8   0x00000030   Code   RO         2986    x$fpl$fflt          fz_ws.l(fflt_clz.o)
    0x080054d8   0x080054d8   0x00000026   Code   RO         2985    x$fpl$ffltu         fz_ws.l(fflt_clz.o)
    0x080054fe   0x080054fe   0x00000002   PAD
    0x08005500   0x08005500   0x00000068   Code   RO         2991    x$fpl$fleqf         fz_ws.l(fleqf.o)
    0x08005568   0x08005568   0x0000008c   Code   RO         3025    x$fpl$fnaninf       fz_ws.l(fnaninf.o)
    0x080055f4   0x080055f4   0x0000000a   Code   RO         3027    x$fpl$fretinf       fz_ws.l(fretinf.o)
    0x080055fe   0x080055fe   0x00000062   Code   RO         2995    x$fpl$frleqf        fz_ws.l(frleqf.o)
    0x08005660   0x08005660   0x000000ea   Code   RO         2971    x$fpl$fsub          fz_ws.l(faddsub_clz.o)
    0x0800574a   0x0800574a   0x00000004   Code   RO         2997    x$fpl$printf1       fz_ws.l(printf1.o)
    0x0800574e   0x0800574e   0x00000000   Code   RO         3029    x$fpl$usenofp       fz_ws.l(usenofp.o)
    0x0800574e   0x0800574e   0x00000818   Data   RO         2024    .constdata          oled_i2c.o
    0x08005f66   0x08005f66   0x00000002   PAD
    0x08005f68   0x08005f68   0x00000094   Data   RO         3057    .constdata          c_w.l(bigflt0.o)
    0x08005ffc   0x08005ffc   0x00000020   Data   RO         3227    Region$$Table       anon$$obj.o
    0x0800601c   0x0800601c   0x0000001c   Data   RO         3085    locale$$data        c_w.l(lc_numeric_c.o)


    Execution Region RW_IRAM1 (Exec base: 0x20000000, Load base: 0x08006038, Size: 0x000011c0, Max: 0x00005000, ABSOLUTE, COMPRESSED[0x00000358])

    Exec Addr    Load Addr    Size         Type   Attr      Idx    E Section Name        Object

    0x20000000   COMPRESSED   0x00000014   Data   RW          527    .data               stm32f10x_rcc.o
    0x20000014   COMPRESSED   0x00000500   Data   RW         2025    .data               oled_i2c.o
    0x20000514   COMPRESSED   0x00000008   Data   RW         2181    .data               hc_sr04.o
    0x2000051c   COMPRESSED   0x00000010   Data   RW         2399    .data               wt588d.o
    0x2000052c   COMPRESSED   0x0000000d   Data   RW         2438    .data               gsm.o
    0x20000539   COMPRESSED   0x00000003   PAD
    0x2000053c   COMPRESSED   0x00000030   Data   RW         2502    .data               main.o
    0x2000056c   COMPRESSED   0x00000014   Data   RW         2689    .data               system_stm32f10x.o
    0x20000580   COMPRESSED   0x00000004   Data   RW         2736    .data               delay.o
    0x20000584   COMPRESSED   0x0000000a   Data   RW         2789    .data               usart1.o
    0x2000058e   COMPRESSED   0x00000002   PAD
    0x20000590   COMPRESSED   0x00000008   Data   RW         2841    .data               usart3.o
    0x20000598        -       0x00000400   Zero   RW         1549    .bss                stm32f10x_flash.o
    0x20000998        -       0x0000002c   Zero   RW         2437    .bss                gsm.o
    0x200009c4   COMPRESSED   0x00000004   PAD
    0x200009c8        -       0x00000060   Zero   RW         2501    .bss                main.o
    0x20000a28        -       0x0000001c   Zero   RW         2688    .bss                system_stm32f10x.o
    0x20000a44        -       0x000000c8   Zero   RW         2788    .bss                usart1.o
    0x20000b0c        -       0x00000050   Zero   RW         2840    .bss                usart3.o
    0x20000b5c        -       0x00000060   Zero   RW         3093    .bss                c_w.l(libspace.o)
    0x20000bbc   COMPRESSED   0x00000004   PAD
    0x20000bc0        -       0x00000200   Zero   RW           18    HEAP                startup_stm32f10x_md.o
    0x20000dc0        -       0x00000400   Zero   RW           17    STACK               startup_stm32f10x_md.o


==============================================================================

Image component sizes


      Code (inc. data)   RO Data    RW Data    ZI Data      Debug   Object Name

       604          0          0          0          0       3321   adxl345.o
         0          0          0          0          0       4540   core_cm3.o
       170         22          0          4          0       1567   delay.o
       252         28          0          0          0       1469   gpio.o
      1068         58          0          0          0       4592   gps.o
       844        218          0         13         44       4275   gsm.o
       292         30          0          8          0       1373   hc_sr04.o
       592         74          0          0          0       4822   iic.o
      3020        574          0         48         96       8586   main.o
       292         36          0          0          0     255340   misc.o
      1280         44       2072       1280          0       9580   oled_i2c.o
        64         26        236          0       1536        788   startup_stm32f10x_md.o
       580         40          0          0       1024       7760   stm32f10x_flash.o
       430          6          0          0          0       3714   stm32f10x_gpio.o
        26          0          0          0          0       3550   stm32f10x_it.o
       340         44          0         20          0       5392   stm32f10x_rcc.o
       256         42          0          0          0       4384   stm32f10x_tim.o
       638         28          0          0          0       7139   stm32f10x_usart.o
        12          0          0          0          0        437   sys.o
       328         28          0         20         28     203826   system_stm32f10x.o
       224         12          0          0          0       1682   timer.o
       458         38          0         10        200       4856   usart1.o
       344         38          0          8         80       2098   usart3.o
       400         82          0         16          0       2792   wt588d.o

    ----------------------------------------------------------------------
     12534       1468       2342       1432       3012     547883   Object Totals
         0          0         32          0          0          0   (incl. Generated)
        20          0          2          5          4          0   (incl. Padding)

    ----------------------------------------------------------------------

      Code (inc. data)   RO Data    RW Data    ZI Data      Debug   Library Member Name

       100          0          0          0          0          0   __dclz77c.o
         8          0          0          0          0         68   __main.o
       284          0          0          0          0        156   __printf_wp.o
         0          0          0          0          0          0   __rtentry.o
        12          0          0          0          0          0   __rtentry2.o
         6          0          0          0          0          0   __rtentry4.o
        52          8          0          0          0          0   __scatter.o
        28          0          0          0          0          0   __scatter_zi.o
         6          0          0          0          0          0   _printf_c.o
        44          0          0          0          0        108   _printf_char.o
        48          6          0          0          0         96   _printf_char_common.o
        36          4          0          0          0         80   _printf_char_file.o
         6          0          0          0          0          0   _printf_d.o
       120         16          0          0          0         92   _printf_dec.o
         6          0          0          0          0          0   _printf_f.o
      1054          0          0          0          0        216   _printf_fp_dec.o
       128         16          0          0          0         84   _printf_fp_infnan.o
       178          0          0          0          0         88   _printf_intcommon.o
        78          0          0          0          0        108   _printf_pad.o
         0          0          0          0          0          0   _printf_percent.o
         4          0          0          0          0          0   _printf_percent_end.o
        82          0          0          0          0         80   _printf_str.o
        10          0          0          0          0         68   _sputc.o
       228          4        148          0          0         96   bigflt0.o
      1936        128          0          0          0        672   btod.o
        18          0          0          0          0         80   exit.o
         8          0          0          0          0         68   ferror.o
         6          0          0          0          0        152   heapauxi.o
        44         10         28          0          0         76   lc_numeric_c.o
         2          0          0          0          0          0   libinit.o
        18          0          0          0          0          0   libinit2.o
         2          0          0          0          0          0   libshutdown.o
         2          0          0          0          0          0   libshutdown2.o
         8          4          0          0         96         68   libspace.o
       138          0          0          0          0         80   lludiv10.o
        24          4          0          0          0         84   noretval__2printf.o
        40          6          0          0          0         84   noretval__2sprintf.o
         8          4          0          0          0         68   rt_locale_intlibspace.o
        68          0          0          0          0         68   rt_memclr.o
        78          0          0          0          0         80   rt_memclr_w.o
       138          0          0          0          0         68   rt_memcpy_v6.o
       100          0          0          0          0         80   rt_memcpy_w.o
         2          0          0          0          0          0   rtexit.o
        10          0          0          0          0          0   rtexit2.o
        24          0          0          0          0         68   strcat.o
       128          0          0          0          0         68   strcmpv7m.o
        62          0          0          0          0         76   strlen.o
        86          0          0          0          0         76   strncpy.o
        36          0          0          0          0         80   strstr.o
        74          0          0          0          0         80   sys_stackheap_outer.o
         2          0          0          0          0         68   use_no_semi.o
         2          0          0          0          0         68   use_no_semi_2.o
        98          4          0          0          0         92   d2f.o
       826         16          0          0          0        348   daddsub_clz.o
        24          0          0          0          0         68   dcmpi.o
       688        140          0          0          0        208   ddiv.o
       120          4          0          0          0         92   deqf.o
        94          4          0          0          0         92   dfix.o
        46          0          0          0          0         68   dflt_clz.o
       340         12          0          0          0        104   dmul.o
       156          4          0          0          0         92   dnaninf.o
        12          0          0          0          0         68   dretinf.o
        86          4          0          0          0         84   f2d.o
       430          8          0          0          0        168   faddsub_clz.o
        24          0          0          0          0         68   fcmpi.o
       388         76          0          0          0         96   fdiv.o
       104          4          0          0          0         84   feqf.o
        62          4          0          0          0         84   ffixu.o
        86          0          0          0          0        136   fflt_clz.o
       104          4          0          0          0         84   fleqf.o
       140          4          0          0          0         84   fnaninf.o
        10          0          0          0          0         68   fretinf.o
        98          0          0          0          0         68   frleqf.o
         4          0          0          0          0         68   printf1.o
         0          0          0          0          0          0   usenofp.o
        40          0          0          0          0         68   fpclassify.o

    ----------------------------------------------------------------------
      9580        498        176          0        100       6044   Library Totals
        18          0          0          0          4          0   (incl. Padding)

    ----------------------------------------------------------------------

      Code (inc. data)   RO Data    RW Data    ZI Data      Debug   Library Name

      5582        210        176          0         96       3652   c_w.l
      3940        288          0          0          0       2324   fz_ws.l
        40          0          0          0          0         68   m_ws.l

    ----------------------------------------------------------------------
      9580        498        176          0        100       6044   Library Totals

    ----------------------------------------------------------------------

==============================================================================


      Code (inc. data)   RO Data    RW Data    ZI Data      Debug   

     22114       1966       2518       1432       3112     544095   Grand Totals
     22114       1966       2518        856       3112     544095   ELF Image Totals (compressed)
     22114       1966       2518        856          0          0   ROM Totals

==============================================================================

    Total RO  Size (Code + RO Data)                24632 (  24.05kB)
    Total RW  Size (RW Data + ZI Data)              4544 (   4.44kB)
    Total ROM Size (Code + RO Data + RW Data)      25488 (  24.89kB)

==============================================================================

