Component: ARM Compiler 5.06 update 7 (build 960) Tool: armlink [4d3601]

==============================================================================

Section Cross References

    startup_stm32f10x_md.o(STACK) refers (Special) to heapauxi.o(.text) for __use_two_region_memory
    startup_stm32f10x_md.o(HEAP) refers (Special) to heapauxi.o(.text) for __use_two_region_memory
    startup_stm32f10x_md.o(RESET) refers (Special) to heapauxi.o(.text) for __use_two_region_memory
    startup_stm32f10x_md.o(RESET) refers to startup_stm32f10x_md.o(STACK) for __initial_sp
    startup_stm32f10x_md.o(RESET) refers to startup_stm32f10x_md.o(.text) for Reset_Handler
    startup_stm32f10x_md.o(RESET) refers to stm32f10x_it.o(i.NMI_Handler) for NMI_Handler
    startup_stm32f10x_md.o(RESET) refers to stm32f10x_it.o(i.HardFault_Handler) for HardFault_Handler
    startup_stm32f10x_md.o(RESET) refers to stm32f10x_it.o(i.MemManage_Handler) for MemManage_Handler
    startup_stm32f10x_md.o(RESET) refers to stm32f10x_it.o(i.BusFault_Handler) for BusFault_Handler
    startup_stm32f10x_md.o(RESET) refers to stm32f10x_it.o(i.UsageFault_Handler) for UsageFault_Handler
    startup_stm32f10x_md.o(RESET) refers to stm32f10x_it.o(i.SVC_Handler) for SVC_Handler
    startup_stm32f10x_md.o(RESET) refers to stm32f10x_it.o(i.DebugMon_Handler) for DebugMon_Handler
    startup_stm32f10x_md.o(RESET) refers to stm32f10x_it.o(i.PendSV_Handler) for PendSV_Handler
    startup_stm32f10x_md.o(RESET) refers to stm32f10x_it.o(i.SysTick_Handler) for SysTick_Handler
    startup_stm32f10x_md.o(RESET) refers to main.o(i.TIM2_IRQHandler) for TIM2_IRQHandler
    startup_stm32f10x_md.o(RESET) refers to timer.o(i.TIM3_IRQHandler) for TIM3_IRQHandler
    startup_stm32f10x_md.o(RESET) refers to usart1.o(i.USART1_IRQHandler) for USART1_IRQHandler
    startup_stm32f10x_md.o(RESET) refers to main.o(i.USART2_IRQHandler) for USART2_IRQHandler
    startup_stm32f10x_md.o(RESET) refers to usart3.o(i.USART3_IRQHandler) for USART3_IRQHandler
    startup_stm32f10x_md.o(.text) refers (Special) to heapauxi.o(.text) for __use_two_region_memory
    startup_stm32f10x_md.o(.text) refers to system_stm32f10x.o(i.SystemInit) for SystemInit
    startup_stm32f10x_md.o(.text) refers to __main.o(!!!main) for __main
    startup_stm32f10x_md.o(.text) refers to startup_stm32f10x_md.o(HEAP) for Heap_Mem
    startup_stm32f10x_md.o(.text) refers to startup_stm32f10x_md.o(STACK) for Stack_Mem
    misc.o(i.SysTick_CLKSourceConfig) refers to stm32f10x_flash.o(i.STM32F10x_Read) for STM32F10x_Read
    misc.o(i.SysTick_CLKSourceConfig) refers to system_stm32f10x.o(.bss) for SysTick_Info
    stm32f10x_adc.o(i.ADC_DeInit) refers to stm32f10x_rcc.o(i.RCC_APB2PeriphResetCmd) for RCC_APB2PeriphResetCmd
    stm32f10x_gpio.o(i.GPIO_AFIODeInit) refers to stm32f10x_rcc.o(i.RCC_APB2PeriphResetCmd) for RCC_APB2PeriphResetCmd
    stm32f10x_gpio.o(i.GPIO_DeInit) refers to stm32f10x_rcc.o(i.RCC_APB2PeriphResetCmd) for RCC_APB2PeriphResetCmd
    stm32f10x_rcc.o(i.RCC_GetClocksFreq) refers to stm32f10x_rcc.o(.data) for APBAHBPrescTable
    stm32f10x_rcc.o(i.RCC_WaitForHSEStartUp) refers to stm32f10x_rcc.o(i.RCC_GetFlagStatus) for RCC_GetFlagStatus
    stm32f10x_rtc.o(i.RTC_SetAlarm) refers to stm32f10x_rtc.o(i.RTC_EnterConfigMode) for RTC_EnterConfigMode
    stm32f10x_rtc.o(i.RTC_SetAlarm) refers to stm32f10x_rtc.o(i.RTC_ExitConfigMode) for RTC_ExitConfigMode
    stm32f10x_rtc.o(i.RTC_SetCounter) refers to stm32f10x_rtc.o(i.RTC_EnterConfigMode) for RTC_EnterConfigMode
    stm32f10x_rtc.o(i.RTC_SetCounter) refers to stm32f10x_rtc.o(i.RTC_ExitConfigMode) for RTC_ExitConfigMode
    stm32f10x_rtc.o(i.RTC_SetPrescaler) refers to stm32f10x_rtc.o(i.RTC_EnterConfigMode) for RTC_EnterConfigMode
    stm32f10x_rtc.o(i.RTC_SetPrescaler) refers to stm32f10x_rtc.o(i.RTC_ExitConfigMode) for RTC_ExitConfigMode
    stm32f10x_tim.o(i.TIM_DeInit) refers to stm32f10x_rcc.o(i.RCC_APB2PeriphResetCmd) for RCC_APB2PeriphResetCmd
    stm32f10x_tim.o(i.TIM_DeInit) refers to stm32f10x_rcc.o(i.RCC_APB1PeriphResetCmd) for RCC_APB1PeriphResetCmd
    stm32f10x_tim.o(i.TIM_ETRClockMode1Config) refers to stm32f10x_tim.o(i.TIM_ETRConfig) for TIM_ETRConfig
    stm32f10x_tim.o(i.TIM_ETRClockMode2Config) refers to stm32f10x_tim.o(i.TIM_ETRConfig) for TIM_ETRConfig
    stm32f10x_tim.o(i.TIM_ICInit) refers to stm32f10x_tim.o(i.TI1_Config) for TI1_Config
    stm32f10x_tim.o(i.TIM_ICInit) refers to stm32f10x_tim.o(i.TIM_SetIC1Prescaler) for TIM_SetIC1Prescaler
    stm32f10x_tim.o(i.TIM_ICInit) refers to stm32f10x_tim.o(i.TI2_Config) for TI2_Config
    stm32f10x_tim.o(i.TIM_ICInit) refers to stm32f10x_tim.o(i.TIM_SetIC2Prescaler) for TIM_SetIC2Prescaler
    stm32f10x_tim.o(i.TIM_ICInit) refers to stm32f10x_tim.o(i.TI3_Config) for TI3_Config
    stm32f10x_tim.o(i.TIM_ICInit) refers to stm32f10x_tim.o(i.TIM_SetIC3Prescaler) for TIM_SetIC3Prescaler
    stm32f10x_tim.o(i.TIM_ICInit) refers to stm32f10x_tim.o(i.TI4_Config) for TI4_Config
[...]
    __rt_lib_init_alloca_1                   0x080001e3   Thumb Code     0  libinit2.o(.ARM.Collect$$libinit$$0000002E)
    __rt_lib_init_argv_1                     0x080001e3   Thumb Code     0  libinit2.o(.ARM.Collect$$libinit$$0000002C)
    __rt_lib_init_atexit_1                   0x080001e3   Thumb Code     0  libinit2.o(.ARM.Collect$$libinit$$0000001B)
    __rt_lib_init_clock_1                    0x080001e3   Thumb Code     0  libinit2.o(.ARM.Collect$$libinit$$00000021)
    __rt_lib_init_cpp_1                      0x080001e3   Thumb Code     0  libinit2.o(.ARM.Collect$$libinit$$00000032)
    __rt_lib_init_exceptions_1               0x080001e3   Thumb Code     0  libinit2.o(.ARM.Collect$$libinit$$00000030)
    __rt_lib_init_fp_trap_1                  0x080001e3   Thumb Code     0  libinit2.o(.ARM.Collect$$libinit$$0000001F)
    __rt_lib_init_getenv_1                   0x080001e3   Thumb Code     0  libinit2.o(.ARM.Collect$$libinit$$00000023)
    __rt_lib_init_lc_numeric_1               0x080001e3   Thumb Code     0  libinit2.o(.ARM.Collect$$libinit$$00000017)
    __rt_lib_init_lc_time_1                  0x080001e3   Thumb Code     0  libinit2.o(.ARM.Collect$$libinit$$00000019)
    __rt_lib_init_return                     0x080001e3   Thumb Code     0  libinit2.o(.ARM.Collect$$libinit$$00000033)
    __rt_lib_init_signal_1                   0x080001e3   Thumb Code     0  libinit2.o(.ARM.Collect$$libinit$$0000001D)
    __rt_lib_init_stdio_1                    0x080001e3   Thumb Code     0  libinit2.o(.ARM.Collect$$libinit$$00000025)
    __rt_lib_shutdown                        0x080001e5   Thumb Code     0  libshutdown.o(.ARM.Collect$$libshutdown$$00000000)
    __rt_lib_shutdown_cpp_1                  0x080001e7   Thumb Code     0  libshutdown2.o(.ARM.Collect$$libshutdown$$00000004)
    __rt_lib_shutdown_fini_1                 0x080001e7   Thumb Code     0  libshutdown2.o(.ARM.Collect$$libshutdown$$00000002)
    __rt_lib_shutdown_fp_trap_1              0x080001e7   Thumb Code     0  libshutdown2.o(.ARM.Collect$$libshutdown$$00000009)
    __rt_lib_shutdown_heap_1                 0x080001e7   Thumb Code     0  libshutdown2.o(.ARM.Collect$$libshutdown$$00000011)
    __rt_lib_shutdown_return                 0x080001e7   Thumb Code     0  libshutdown2.o(.ARM.Collect$$libshutdown$$00000012)
    __rt_lib_shutdown_signal_1               0x080001e7   Thumb Code     0  libshutdown2.o(.ARM.Collect$$libshutdown$$0000000C)
    __rt_lib_shutdown_stdio_1                0x080001e7   Thumb Code     0  libshutdown2.o(.ARM.Collect$$libshutdown$$00000006)
    __rt_lib_shutdown_user_alloc_1           0x080001e7   Thumb Code     0  libshutdown2.o(.ARM.Collect$$libshutdown$$0000000E)
    __rt_entry                               0x080001e9   Thumb Code     0  __rtentry.o(.ARM.Collect$$rtentry$$00000000)
    __rt_entry_presh_1                       0x080001e9   Thumb Code     0  __rtentry2.o(.ARM.Collect$$rtentry$$00000002)
    __rt_entry_sh                            0x080001e9   Thumb Code     0  __rtentry4.o(.ARM.Collect$$rtentry$$00000004)
    __rt_entry_li                            0x080001ef   Thumb Code     0  __rtentry2.o(.ARM.Collect$$rtentry$$0000000A)
    __rt_entry_postsh_1                      0x080001ef   Thumb Code     0  __rtentry2.o(.ARM.Collect$$rtentry$$00000009)
    __rt_entry_main                          0x080001f3   Thumb Code     0  __rtentry2.o(.ARM.Collect$$rtentry$$0000000D)
    __rt_entry_postli_1                      0x080001f3   Thumb Code     0  __rtentry2.o(.ARM.Collect$$rtentry$$0000000C)
    __rt_exit                                0x080001fb   Thumb Code     0  rtexit.o(.ARM.Collect$$rtexit$$00000000)
    __rt_exit_ls                             0x080001fd   Thumb Code     0  rtexit2.o(.ARM.Collect$$rtexit$$00000003)
    __rt_exit_prels_1                        0x080001fd   Thumb Code     0  rtexit2.o(.ARM.Collect$$rtexit$$00000002)
    __rt_exit_exit                           0x08000201   Thumb Code     0  rtexit2.o(.ARM.Collect$$rtexit$$00000004)
    Reset_Handler                            0x08000209   Thumb Code     8  startup_stm32f10x_md.o(.text)
    ADC1_2_IRQHandler                        0x08000223   Thumb Code     0  startup_stm32f10x_md.o(.text)
    CAN1_RX1_IRQHandler                      0x08000223   Thumb Code     0  startup_stm32f10x_md.o(.text)
    CAN1_SCE_IRQHandler                      0x08000223   Thumb Code     0  startup_stm32f10x_md.o(.text)
    DMA1_Channel1_IRQHandler                 0x08000223   Thumb Code     0  startup_stm32f10x_md.o(.text)
    DMA1_Channel2_IRQHandler                 0x08000223   Thumb Code     0  startup_stm32f10x_md.o(.text)
    DMA1_Channel3_IRQHandler                 0x08000223   Thumb Code     0  startup_stm32f10x_md.o(.text)
    DMA1_Channel4_IRQHandler                 0x08000223   Thumb Code     0  startup_stm32f10x_md.o(.text)
    DMA1_Channel5_IRQHandler                 0x08000223   Thumb Code     0  startup_stm32f10x_md.o(.text)
    DMA1_Channel6_IRQHandler                 0x08000223   Thumb Code     0  startup_stm32f10x_md.o(.text)
    DMA1_Channel7_IRQHandler                 0x08000223   Thumb Code     0  startup_stm32f10x_md.o(.text)
    EXTI0_IRQHandler                         0x08000223   Thumb Code     0  startup_stm32f10x_md.o(.text)
    EXTI15_10_IRQHandler                     0x08000223   Thumb Code     0  startup_stm32f10x_md.o(.text)
    EXTI1_IRQHandler                         0x08000223   Thumb Code     0  startup_stm32f10x_md.o(.text)
    EXTI2_IRQHandler                         0x08000223   Thumb Code     0  startup_stm32f10x_md.o(.text)
    EXTI3_IRQHandler                         0x08000223   Thumb Code     0  startup_stm32f10x_md.o(.text)
    EXTI4_IRQHandler                         0x08000223   Thumb Code     0  startup_stm32f10x_md.o(.text)
    EXTI9_5_IRQHandler                       0x08000223   Thumb Code     0  startup_stm32f10x_md.o(.text)
    FLASH_IRQHandler                         0x08000223   Thumb Code     0  startup_stm32f10x_md.o(.text)
    I2C1_ER_IRQHandler                       0x08000223   Thumb Code     0  startup_stm32f10x_md.o(.text)
    I2C1_EV_IRQHandler                       0x08000223   Thumb Code     0  startup_stm32f10x_md.o(.text)
    I2C2_ER_IRQHandler                       0x08000223   Thumb Code     0  startup_stm32f10x_md.o(.text)
    I2C2_EV_IRQHandler                       0x08000223   Thumb Code     0  startup_stm32f10x_md.o(.text)
    PVD_IRQHandler                           0x08000223   Thumb Code     0  startup_stm32f10x_md.o(.text)
    RCC_IRQHandler                           0x08000223   Thumb Code     0  startup_stm32f10x_md.o(.text)
    RTCAlarm_IRQHandler                      0x08000223   Thumb Code     0  startup_stm32f10x_md.o(.text)
    RTC_IRQHandler                           0x08000223   Thumb Code     0  startup_stm32f10x_md.o(.text)
    SPI1_IRQHandler                          0x08000223   Thumb Code     0  startup_stm32f10x_md.o(.text)
    SPI2_IRQHandler                          0x08000223   Thumb Code     0  startup_stm32f10x_md.o(.text)
    TAMPER_IRQHandler                        0x08000223   Thumb Code     0  startup_stm32f10x_md.o(.text)
    TIM1_BRK_IRQHandler                      0x08000223   Thumb Code     0  startup_stm32f10x_md.o(.text)
    TIM1_CC_IRQHandler                       0x08000223   Thumb Code     0  startup_stm32f10x_md.o(.text)
    TIM1_TRG_COM_IRQHandler                  0x08000223   Thumb Code     0  startup_stm32f10x_md.o(.text)
    TIM1_UP_IRQHandler                       0x08000223   Thumb Code     0  startup_stm32f10x_md.o(.text)
    TIM4_IRQHandler                          0x08000223   Thumb Code     0  startup_stm32f10x_md.o(.text)
    USBWakeUp_IRQHandler                     0x08000223   Thumb Code     0  startup_stm32f10x_md.o(.text)
    USB_HP_CAN1_TX_IRQHandler                0x08000223   Thumb Code     0  startup_stm32f10x_md.o(.text)
    USB_LP_CAN1_RX0_IRQHandler               0x08000223   Thumb Code     0  startup_stm32f10x_md.o(.text)
    WWDG_IRQHandler                          0x08000223   Thumb Code     0  startup_stm32f10x_md.o(.text)
    __user_initial_stackheap                 0x08000225   Thumb Code     0  startup_stm32f10x_md.o(.text)
    __use_no_semihosting                     0x08000249   Thumb Code     2  use_no_semi_2.o(.text)
    __2sprintf                               0x0800024d   Thumb Code    34  noretval__2sprintf.o(.text)
    __2snprintf                              0x08000275   Thumb Code    48  noretval__2snprintf.o(.text)
    _printf_pre_padding                      0x080002a9   Thumb Code    44  _printf_pad.o(.text)
    _printf_post_padding                     0x080002d5   Thumb Code    34  _printf_pad.o(.text)
    _printf_str                              0x080002f7   Thumb Code    82  _printf_str.o(.text)
    _printf_int_dec                          0x08000349   Thumb Code   104  _printf_dec.o(.text)
    _printf_int_hex                          0x080003c1   Thumb Code    84  _printf_hex_int.o(.text)
    _printf_longlong_hex                     0x080003c1   Thumb Code     0  _printf_hex_int.o(.text)
    __printf                                 0x08000419   Thumb Code   308  __printf_flags_wp.o(.text)
    strchr                                   0x08000551   Thumb Code    20  strchr.o(.text)
    strstr                                   0x08000565   Thumb Code    36  strstr.o(.text)
    strcpy                                   0x08000589   Thumb Code    72  strcpy.o(.text)
    strlen                                   0x080005d1   Thumb Code    62  strlen.o(.text)
    strcat                                   0x0800060f   Thumb Code    24  strcat.o(.text)
    __aeabi_memclr                           0x08000627   Thumb Code     0  rt_memclr.o(.text)
    __rt_memclr                              0x08000627   Thumb Code    68  rt_memclr.o(.text)
    _memset                                  0x0800062b   Thumb Code     0  rt_memclr.o(.text)
    __aeabi_memclr4                          0x0800066b   Thumb Code     0  rt_memclr_w.o(.text)
    __aeabi_memclr8                          0x0800066b   Thumb Code     0  rt_memclr_w.o(.text)
    __rt_memclr_w                            0x0800066b   Thumb Code    78  rt_memclr_w.o(.text)
    _memset_w                                0x0800066f   Thumb Code     0  rt_memclr_w.o(.text)
    strncpy                                  0x080006b9   Thumb Code    86  strncpy.o(.text)
    __use_two_region_memory                  0x0800070f   Thumb Code     2  heapauxi.o(.text)
    __rt_heap_escrow$2region                 0x08000711   Thumb Code     2  heapauxi.o(.text)
    __rt_heap_expand$2region                 0x08000713   Thumb Code     2  heapauxi.o(.text)
    __I$use$semihosting                      0x08000715   Thumb Code     0  use_no_semi.o(.text)
    __use_no_semihosting_swi                 0x08000715   Thumb Code     2  use_no_semi.o(.text)
    __read_errno                             0x08000717   Thumb Code    10  _rserrno.o(.text)
    __set_errno                              0x08000721   Thumb Code    12  _rserrno.o(.text)
    _printf_int_common                       0x0800072d   Thumb Code   178  _printf_intcommon.o(.text)
    __lib_sel_fp_printf                      0x080007df   Thumb Code     2  _printf_fp_dec.o(.text)
    _printf_fp_dec_real                      0x08000991   Thumb Code   620  _printf_fp_dec.o(.text)
    _printf_char_common                      0x08000c07   Thumb Code    32  _printf_char_common.o(.text)
    _sputc                                   0x08000c2d   Thumb Code    10  _sputc.o(.text)
    _snputc                                  0x08000c37   Thumb Code    16  _snputc.o(.text)
    _printf_cs_common                        0x08000c47   Thumb Code    20  _printf_char.o(.text)
    _printf_char                             0x08000c5b   Thumb Code    16  _printf_char.o(.text)
    _printf_string                           0x08000c6b   Thumb Code     8  _printf_char.o(.text)
    __strtod_int                             0x08000cb1   Thumb Code    90  strtod.o(.text)
    __rt_locale                              0x08000d19   Thumb Code     8  rt_locale_intlibspace.o(.text)
    __aeabi_errno_addr                       0x08000d21   Thumb Code     8  rt_errno_addr_intlibspace.o(.text)
    __errno$intlibspace                      0x08000d21   Thumb Code     0  rt_errno_addr_intlibspace.o(.text)
    __rt_errno_addr$intlibspace              0x08000d21   Thumb Code     0  rt_errno_addr_intlibspace.o(.text)
    _ll_udiv10                               0x08000d29   Thumb Code   138  lludiv10.o(.text)
    isspace                                  0x08000db3   Thumb Code    18  isspace.o(.text)
    _printf_fp_infnan                        0x08000dc5   Thumb Code   112  _printf_fp_infnan.o(.text)
    _sgetc                                   0x08000e45   Thumb Code    30  _sgetc.o(.text)
    _sbackspace                              0x08000e63   Thumb Code    34  _sgetc.o(.text)
    _btod_etento                             0x08000e85   Thumb Code   224  bigflt0.o(.text)
    __user_libspace                          0x08000f69   Thumb Code     8  libspace.o(.text)
    __user_perproc_libspace                  0x08000f69   Thumb Code     0  libspace.o(.text)
    __user_perthread_libspace                0x08000f69   Thumb Code     0  libspace.o(.text)
    __user_setup_stackheap                   0x08000f71   Thumb Code    74  sys_stackheap_outer.o(.text)
    __rt_ctype_table                         0x08000fbd   Thumb Code    16  rt_ctype_table.o(.text)
    _scanf_really_real                       0x08001219   Thumb Code   684  scanf_fp.o(.text)
    exit                                     0x080014c5   Thumb Code    18  exit.o(.text)
    strcmp                                   0x080014d9   Thumb Code   128  strcmpv7m.o(.text)
    _scanf_really_hex_real                   0x08001559   Thumb Code   786  scanf_hexfp.o(.text)
    _scanf_really_infnan                     0x08001879   Thumb Code   292  scanf_infnan.o(.text)
    __aeabi_llsl                             0x080019ad   Thumb Code     0  llshl.o(.text)
    _ll_shift_l                              0x080019ad   Thumb Code    38  llshl.o(.text)
    _chval                                   0x080019d3   Thumb Code    28  _chval.o(.text)
    _btod_d2e                                0x080019ef   Thumb Code    62  btod.o(CL$$btod_d2e)
    _d2e_denorm_low                          0x08001a2d   Thumb Code    70  btod.o(CL$$btod_d2e_denorm_low)
    _d2e_norm_op1                            0x08001a73   Thumb Code    96  btod.o(CL$$btod_d2e_norm_op1)
    __btod_div_common                        0x08001ad3   Thumb Code   696  btod.o(CL$$btod_div_common)
    _e2d                                     0x08001e0d   Thumb Code   122  btod.o(CL$$btod_e2d)
    _e2e                                     0x08001e91   Thumb Code   220  btod.o(CL$$btod_e2e)
    _btod_ediv                               0x08001f6d   Thumb Code    42  btod.o(CL$$btod_ediv)
    _btod_edivd                              0x08001f97   Thumb Code    42  btod.o(CL$$btod_edivd)
    _btod_emul                               0x08001fc1   Thumb Code    42  btod.o(CL$$btod_emul)
    _btod_emuld                              0x08001feb   Thumb Code    42  btod.o(CL$$btod_emuld)
    __btod_mult_common                       0x08002015   Thumb Code   580  btod.o(CL$$btod_mult_common)
    BEEP_GPIO_Init                           0x08002259   Thumb Code    58  gpio.o(i.BEEP_GPIO_Init)
    BeepUpdate                               0x0800229d   Thumb Code   126  wt588d.o(i.BeepUpdate)
    BusFault_Handler                         0x08002339   Thumb Code     4  stm32f10x_it.o(i.BusFault_Handler)
    CheckNewMcu                              0x0800233d   Thumb Code    92  main.o(i.CheckNewMcu)
    DebugMon_Handler                         0x080023a9   Thumb Code     2  stm32f10x_it.o(i.DebugMon_Handler)
    DisplaySetValue                          0x080023ad   Thumb Code   154  main.o(i.DisplaySetValue)
    FLASH_ErasePage                          0x08002459   Thumb Code    72  stm32f10x_flash.o(i.FLASH_ErasePage)
    FLASH_GetBank1Status                     0x080024a5   Thumb Code    48  stm32f10x_flash.o(i.FLASH_GetBank1Status)
    FLASH_Lock                               0x080024d9   Thumb Code    14  stm32f10x_flash.o(i.FLASH_Lock)
    FLASH_ProgramHalfWord                    0x080024ed   Thumb Code    60  stm32f10x_flash.o(i.FLASH_ProgramHalfWord)
    FLASH_Unlock                             0x0800252d   Thumb Code    12  stm32f10x_flash.o(i.FLASH_Unlock)
    FLASH_WaitForLastOperation               0x08002545   Thumb Code    38  stm32f10x_flash.o(i.FLASH_WaitForLastOperation)
    FallDetection                            0x0800256d   Thumb Code   258  main.o(i.FallDetection)
    GPIO_Init                                0x080026a9   Thumb Code   278  stm32f10x_gpio.o(i.GPIO_Init)
    GPIO_PinRemapConfig                      0x080027c1   Thumb Code   138  stm32f10x_gpio.o(i.GPIO_PinRemapConfig)
    GPIO_ReadInputDataBit                    0x08002851   Thumb Code    18  stm32f10x_gpio.o(i.GPIO_ReadInputDataBit)
    GPIO_ResetBits                           0x08002863   Thumb Code     4  stm32f10x_gpio.o(i.GPIO_ResetBits)
    GPIO_SetBits                             0x08002867   Thumb Code     4  stm32f10x_gpio.o(i.GPIO_SetBits)
    GPS_RMC_Parse                            0x0800286d   Thumb Code   460  gps.o(i.GPS_RMC_Parse)
    Get_Distance                             0x08002a75   Thumb Code   400  main.o(i.Get_Distance)
    Get_GPS                                  0x08002c75   Thumb Code   248  main.o(i.Get_GPS)
    HardFault_Handler                        0x08002db5   Thumb Code     4  stm32f10x_it.o(i.HardFault_Handler)
    I2C_Configuration                        0x08002db9   Thumb Code     8  oled_i2c.o(i.I2C_Configuration)
    I2C_SDA_IN                               0x08002dc1   Thumb Code    32  iic.o(i.I2C_SDA_IN)
    I2C_SDA_OUT                              0x08002de5   Thumb Code    32  iic.o(i.I2C_SDA_OUT)
    I2C_WriteByte                            0x08002e09   Thumb Code    46  oled_i2c.o(i.I2C_WriteByte)
    IIC_ack                                  0x08002e39   Thumb Code    48  iic.o(i.IIC_ack)
    IIC_init                                 0x08002e71   Thumb Code    50  iic.o(i.IIC_init)
    IIC_noack                                0x08002ea9   Thumb Code    48  iic.o(i.IIC_noack)
    IIC_read_byte                            0x08002ee1   Thumb Code    82  iic.o(i.IIC_read_byte)
    IIC_send_byte                            0x08002f3d   Thumb Code    68  iic.o(i.IIC_send_byte)
    IIC_start                                0x08002f89   Thumb Code    46  iic.o(i.IIC_start)
    IIC_stop                                 0x08002fc1   Thumb Code    44  iic.o(i.IIC_stop)
    IIC_wait_ack                             0x08002ff5   Thumb Code    68  iic.o(i.IIC_wait_ack)
    KEY_GPIO_Init                            0x08003041   Thumb Code    78  gpio.o(i.KEY_GPIO_Init)
    KeySettings                              0x08003099   Thumb Code   630  main.o(i.KeySettings)
    LED_GPIO_Init                            0x08003351   Thumb Code    88  gpio.o(i.LED_GPIO_Init)
    MemManage_Handler                        0x080033b1   Thumb Code     4  stm32f10x_it.o(i.MemManage_Handler)
    NMI_Handler                              0x080033b5   Thumb Code     2  stm32f10x_it.o(i.NMI_Handler)
    NVIC_Configuration                       0x080033b7   Thumb Code    12  sys.o(i.NVIC_Configuration)
    NVIC_Init                                0x080033c5   Thumb Code   100  misc.o(i.NVIC_Init)
    NVIC_PriorityGroupConfig                 0x08003435   Thumb Code    10  misc.o(i.NVIC_PriorityGroupConfig)
    OLED_CLS                                 0x08003449   Thumb Code    10  oled_i2c.o(i.OLED_CLS)
    OLED_Fill                                0x08003453   Thumb Code    58  oled_i2c.o(i.OLED_Fill)
    OLED_Init                                0x0800348d   Thumb Code   178  oled_i2c.o(i.OLED_Init)
    OLED_SetPos                              0x0800353f   Thumb Code    40  oled_i2c.o(i.OLED_SetPos)
    OLED_ShowCN                              0x08003569   Thumb Code   120  oled_i2c.o(i.OLED_ShowCN)
    OLED_ShowChar                            0x080035e5   Thumb Code   240  oled_i2c.o(i.OLED_ShowChar)
    OLED_ShowStr                             0x080036dd   Thumb Code   228  oled_i2c.o(i.OLED_ShowStr)
    PendSV_Handler                           0x080037c9   Thumb Code     2  stm32f10x_it.o(i.PendSV_Handler)
    RCC_APB1PeriphClockCmd                   0x080037cd   Thumb Code    26  stm32f10x_rcc.o(i.RCC_APB1PeriphClockCmd)
    RCC_APB1PeriphResetCmd                   0x080037ed   Thumb Code    26  stm32f10x_rcc.o(i.RCC_APB1PeriphResetCmd)
    RCC_APB2PeriphClockCmd                   0x0800380d   Thumb Code    26  stm32f10x_rcc.o(i.RCC_APB2PeriphClockCmd)
    RCC_APB2PeriphResetCmd                   0x0800382d   Thumb Code    26  stm32f10x_rcc.o(i.RCC_APB2PeriphResetCmd)
    RCC_GetClocksFreq                        0x0800384d   Thumb Code   192  stm32f10x_rcc.o(i.RCC_GetClocksFreq)
    STM32F10x_Read                           0x08003921   Thumb Code    34  stm32f10x_flash.o(i.STM32F10x_Read)
    STMFLASH_ReadHalfWord                    0x08003943   Thumb Code     6  stm32f10x_flash.o(i.STMFLASH_ReadHalfWord)
    STMFLASH_Write                           0x08003949   Thumb Code   222  stm32f10x_flash.o(i.STMFLASH_Write)
    STMFLASH_Write_NoCheck                   0x08003a31   Thumb Code    34  stm32f10x_flash.o(i.STMFLASH_Write_NoCheck)
    SVC_Handler                              0x08003a53   Thumb Code     2  stm32f10x_it.o(i.SVC_Handler)
    Serial_SendByte                          0x08003a55   Thumb Code    28  usart2.o(i.Serial_SendByte)
    ShowHomePage                             0x08003b5d   Thumb Code   148  main.o(i.ShowHomePage)
    SprintfIntNum                            0x08003c05   Thumb Code    50  main.o(i.SprintfIntNum)
    StartBeep                                0x08003c51   Thumb Code   154  wt588d.o(i.StartBeep)
    StopBeep                                 0x08003d0d   Thumb Code    12  wt588d.o(i.StopBeep)
    SysTick_CLKSourceConfig                  0x08003e41   Thumb Code   146  misc.o(i.SysTick_CLKSourceConfig)
    SysTick_Handler                          0x08003ee1   Thumb Code     2  stm32f10x_it.o(i.SysTick_Handler)
    SystemInit                               0x08003ee5   Thumb Code    78  system_stm32f10x.o(i.SystemInit)
    TIM2_IRQHandler                          0x08003f45   Thumb Code   156  main.o(i.TIM2_IRQHandler)
    TIM2_Init                                0x08004009   Thumb Code    92  timer.o(i.TIM2_Init)
    TIM3_IRQHandler                          0x08004065   Thumb Code    32  timer.o(i.TIM3_IRQHandler)
    TIM3_Init                                0x0800408d   Thumb Code    88  timer.o(i.TIM3_Init)
    TIM_ClearITPendingBit                    0x080040e9   Thumb Code     6  stm32f10x_tim.o(i.TIM_ClearITPendingBit)
    TIM_Cmd                                  0x080040ef   Thumb Code    24  stm32f10x_tim.o(i.TIM_Cmd)
    TIM_GetITStatus                          0x08004107   Thumb Code    34  stm32f10x_tim.o(i.TIM_GetITStatus)
    TIM_ITConfig                             0x08004129   Thumb Code    18  stm32f10x_tim.o(i.TIM_ITConfig)
    TIM_TimeBaseInit                         0x0800413d   Thumb Code   122  stm32f10x_tim.o(i.TIM_TimeBaseInit)
    USART1_IRQHandler                        0x080041e1   Thumb Code   164  usart1.o(i.USART1_IRQHandler)
    USART2_IRQHandler                        0x080042a1   Thumb Code    86  main.o(i.USART2_IRQHandler)
    USART2_Init                              0x0800430d   Thumb Code   166  usart2.o(i.USART2_Init)
    USART3_IRQHandler                        0x080043bd   Thumb Code   140  usart3.o(i.USART3_IRQHandler)
    USART3_Init                              0x08004465   Thumb Code   166  usart3.o(i.USART3_Init)
    USART_ClearFlag                          0x08004515   Thumb Code    18  stm32f10x_usart.o(i.USART_ClearFlag)
    USART_ClearITPendingBit                  0x08004527   Thumb Code    30  stm32f10x_usart.o(i.USART_ClearITPendingBit)
    USART_Cmd                                0x08004545   Thumb Code    24  stm32f10x_usart.o(i.USART_Cmd)
    USART_DeInit                             0x0800455d   Thumb Code   134  stm32f10x_usart.o(i.USART_DeInit)
    USART_GetFlagStatus                      0x080045f9   Thumb Code    26  stm32f10x_usart.o(i.USART_GetFlagStatus)
    USART_GetITStatus                        0x08004613   Thumb Code    84  stm32f10x_usart.o(i.USART_GetITStatus)
    USART_ITConfig                           0x08004667   Thumb Code    74  stm32f10x_usart.o(i.USART_ITConfig)
    USART_Init                               0x080046b1   Thumb Code   210  stm32f10x_usart.o(i.USART_Init)
    USART_ReceiveData                        0x08004789   Thumb Code    10  stm32f10x_usart.o(i.USART_ReceiveData)
    USART_SendData                           0x08004793   Thumb Code     8  stm32f10x_usart.o(i.USART_SendData)
    UsageFault_Handler                       0x0800486b   Thumb Code     4  stm32f10x_it.o(i.UsageFault_Handler)
    Usart2_SendString                        0x0800486f   Thumb Code    22  usart2.o(i.Usart2_SendString)
    UsartRx1BufClear                         0x08004885   Thumb Code    18  main.o(i.UsartRx1BufClear)
    VL53L1X_CheckBootState                   0x080048a1   Thumb Code   134  vl53l1x_stm32.o(i.VL53L1X_CheckBootState)
    VL53L1X_GetDistance                      0x08004927   Thumb Code    92  vl53l1x_stm32.o(i.VL53L1X_GetDistance)
    VL53L1X_I2C_Init                         0x080049c9   Thumb Code    60  vl53l1x_stm32.o(i.VL53L1X_I2C_Init)
    VL53L1X_I2C_Scan                         0x08004a91   Thumb Code    66  vl53l1x_stm32.o(i.VL53L1X_I2C_Scan)
    VL53L1X_I2C_Test                         0x08004ba5   Thumb Code   140  vl53l1x_stm32.o(i.VL53L1X_I2C_Test)
    VL53L1X_Init                             0x08004c89   Thumb Code   228  vl53l1x_stm32.o(i.VL53L1X_Init)
    VL53L1X_ReadID                           0x08004d71   Thumb Code    28  vl53l1x_stm32.o(i.VL53L1X_ReadID)
    VL53L1X_ReadReg16                        0x08004d8d   Thumb Code   110  vl53l1x_stm32.o(i.VL53L1X_ReadReg16)
    VL53L1X_ReadReg16_16bit                  0x08004dfb   Thumb Code   126  vl53l1x_stm32.o(i.VL53L1X_ReadReg16_16bit)
    VL53L1X_ReadStatus                       0x08004e79   Thumb Code    42  vl53l1x_stm32.o(i.VL53L1X_ReadStatus)
    VL53L1X_SimpleTest                       0x08004ee1   Thumb Code   212  vl53l1x_stm32.o(i.VL53L1X_SimpleTest)
    VL53L1X_StartRanging                     0x08004fb5   Thumb Code   134  vl53l1x_stm32.o(i.VL53L1X_StartRanging)
    VL53L1X_TestRegAccess                    0x0800503d   Thumb Code    96  vl53l1x_stm32.o(i.VL53L1X_TestRegAccess)
    VL53L1X_WriteReg16                       0x08005115   Thumb Code    82  vl53l1x_stm32.o(i.VL53L1X_WriteReg16)
    WT588D_GPIO_INIT                         0x08005169   Thumb Code    50  wt588d.o(i.WT588D_GPIO_INIT)
    WriteCmd                                 0x080051a1   Thumb Code    14  oled_i2c.o(i.WriteCmd)
    WriteDat                                 0x080051af   Thumb Code    14  oled_i2c.o(i.WriteDat)
    __ARM_fpclassify                         0x080051bd   Thumb Code    40  fpclassify.o(i.__ARM_fpclassify)
    __mathlib_dbl_overflow                   0x080051e5   Thumb Code    14  dunder.o(i.__mathlib_dbl_overflow)
    __mathlib_dbl_underflow                  0x080051f5   Thumb Code    10  dunder.o(i.__mathlib_dbl_underflow)
    __mathlib_narrow                         0x08005205   Thumb Code    16  narrow.o(i.__mathlib_narrow)
    __mathlib_tofloat                        0x08005215   Thumb Code   184  narrow.o(i.__mathlib_tofloat)
    __support_ldexp                          0x080052d1   Thumb Code    22  ldexp.o(i.__support_ldexp)
    _is_digit                                0x080052e7   Thumb Code    14  __printf_wp.o(i._is_digit)
    _sys_exit                                0x080052f5   Thumb Code     6  usart1.o(i._sys_exit)
    adxl345_init                             0x080052fb   Thumb Code    76  adxl345.o(i.adxl345_init)
    adxl345_read_average                     0x08005347   Thumb Code   230  adxl345.o(i.adxl345_read_average)
    adxl345_read_data                        0x0800542d   Thumb Code   164  adxl345.o(i.adxl345_read_data)
    adxl345_read_reg                         0x080054d1   Thumb Code    74  adxl345.o(i.adxl345_read_reg)
    adxl345_write_reg                        0x0800551b   Thumb Code    60  adxl345.o(i.adxl345_write_reg)
    atof                                     0x08005557   Thumb Code    42  atof.o(i.atof)
    bsp_InitI2C_2                            0x08005581   Thumb Code    56  oled_i2c.o(i.bsp_InitI2C_2)
    delay_init                               0x080055bd   Thumb Code    50  delay.o(i.delay_init)
    delay_ms                                 0x08005601   Thumb Code    52  delay.o(i.delay_ms)
    delay_us                                 0x08005639   Thumb Code    46  delay.o(i.delay_us)
    frexp                                    0x08005669   Thumb Code    80  frexp.o(i.frexp)
    gsm_get_lbs                              0x080056c1   Thumb Code   190  gsm.o(i.gsm_get_lbs)
    gsm_init                                 0x080057ad   Thumb Code    68  gsm.o(i.gsm_init)
    gsm_lbs_init                             0x0800581d   Thumb Code    54  gsm.o(i.gsm_lbs_init)
    gsm_send_msg                             0x08005881   Thumb Code    88  gsm.o(i.gsm_send_msg)
    i2c_SendByte_2                           0x08005905   Thumb Code    76  oled_i2c.o(i.i2c_SendByte_2)
    i2c_Start_2                              0x08005955   Thumb Code    42  oled_i2c.o(i.i2c_Start_2)
    i2c_Stop_2                               0x08005985   Thumb Code    36  oled_i2c.o(i.i2c_Stop_2)
    i2c_WaitAck_2                            0x080059ad   Thumb Code    70  oled_i2c.o(i.i2c_WaitAck_2)
    ldexp                                    0x080059f9   Thumb Code   116  ldexp.o(i.ldexp)
    main                                     0x08005a6d   Thumb Code  1958  main.o(i.main)
    sim800_send                              0x080062f9   Thumb Code   182  gsm.o(i.sim800_send)
    uart1_Init                               0x0800641d   Thumb Code   178  usart1.o(i.uart1_Init)
    uart1_send                               0x080064d9   Thumb Code    76  usart1.o(i.uart1_send)
    utf8_to_hexstr                           0x08006529   Thumb Code    32  gsm.o(i.utf8_to_hexstr)
    _get_lc_numeric                          0x08006551   Thumb Code    44  lc_numeric_c.o(locale$$code)
    _get_lc_ctype                            0x0800657d   Thumb Code    44  lc_ctype_c.o(locale$$code)
    __aeabi_d2f                              0x080065a9   Thumb Code     0  d2f.o(x$fpl$d2f)
    _d2f                                     0x080065a9   Thumb Code    98  d2f.o(x$fpl$d2f)
    __aeabi_dadd                             0x0800660d   Thumb Code     0  daddsub_clz.o(x$fpl$dadd)
    _dadd                                    0x0800660d   Thumb Code   332  daddsub_clz.o(x$fpl$dadd)
    __fpl_dcheck_NaN1                        0x0800675d   Thumb Code    10  dcheck1.o(x$fpl$dcheck1)
    __fpl_dcmp_Inf                           0x0800676d   Thumb Code    24  dcmpi.o(x$fpl$dcmpinf)
    __aeabi_ddiv                             0x08006785   Thumb Code     0  ddiv.o(x$fpl$ddiv)
    _ddiv                                    0x08006785   Thumb Code   552  ddiv.o(x$fpl$ddiv)
    __aeabi_cdcmpeq                          0x08006a35   Thumb Code     0  deqf.o(x$fpl$deqf)
    _dcmpeq                                  0x08006a35   Thumb Code   120  deqf.o(x$fpl$deqf)
    __aeabi_d2iz                             0x08006aad   Thumb Code     0  dfix.o(x$fpl$dfix)
    _dfix                                    0x08006aad   Thumb Code    94  dfix.o(x$fpl$dfix)
    __aeabi_i2d                              0x08006b0b   Thumb Code     0  dflt_clz.o(x$fpl$dflt)
    _dflt                                    0x08006b0b   Thumb Code    46  dflt_clz.o(x$fpl$dflt)
    __aeabi_cdcmple                          0x08006b39   Thumb Code     0  dleqf.o(x$fpl$dleqf)
    _dcmple                                  0x08006b39   Thumb Code   120  dleqf.o(x$fpl$dleqf)
    __fpl_dcmple_InfNaN                      0x08006b9b   Thumb Code     0  dleqf.o(x$fpl$dleqf)
    __aeabi_dmul                             0x08006bb1   Thumb Code     0  dmul.o(x$fpl$dmul)
    _dmul                                    0x08006bb1   Thumb Code   332  dmul.o(x$fpl$dmul)
    __fpl_dnaninf                            0x08006d05   Thumb Code   156  dnaninf.o(x$fpl$dnaninf)
    __fpl_dretinf                            0x08006da1   Thumb Code    12  dretinf.o(x$fpl$dretinf)
    __aeabi_cdrcmple                         0x08006dad   Thumb Code     0  drleqf.o(x$fpl$drleqf)
    _drcmple                                 0x08006dad   Thumb Code   108  drleqf.o(x$fpl$drleqf)
    __aeabi_drsub                            0x08006e19   Thumb Code     0  daddsub_clz.o(x$fpl$drsb)
    _drsb                                    0x08006e19   Thumb Code    22  daddsub_clz.o(x$fpl$drsb)
    __aeabi_dsub                             0x08006e31   Thumb Code     0  daddsub_clz.o(x$fpl$dsub)
    _dsub                                    0x08006e31   Thumb Code   464  daddsub_clz.o(x$fpl$dsub)
    __aeabi_f2d                              0x08007005   Thumb Code     0  f2d.o(x$fpl$f2d)
    _f2d                                     0x08007005   Thumb Code    86  f2d.o(x$fpl$f2d)
    __aeabi_fadd                             0x0800705d   Thumb Code     0  faddsub_clz.o(x$fpl$fadd)
    _fadd                                    0x0800705d   Thumb Code   196  faddsub_clz.o(x$fpl$fadd)
    __fpl_fcmp_Inf                           0x08007121   Thumb Code    24  fcmpi.o(x$fpl$fcmpinf)
    __aeabi_fdiv                             0x08007139   Thumb Code     0  fdiv.o(x$fpl$fdiv)
    _fdiv                                    0x08007139   Thumb Code   384  fdiv.o(x$fpl$fdiv)
    __aeabi_f2iz                             0x080072bd   Thumb Code     0  ffix.o(x$fpl$ffix)
    _ffix                                    0x080072bd   Thumb Code    54  ffix.o(x$fpl$ffix)
    __aeabi_f2uiz                            0x080072f5   Thumb Code     0  ffixu.o(x$fpl$ffixu)
    _ffixu                                   0x080072f5   Thumb Code    62  ffixu.o(x$fpl$ffixu)
    __aeabi_i2f                              0x08007335   Thumb Code     0  fflt_clz.o(x$fpl$fflt)
    _fflt                                    0x08007335   Thumb Code    48  fflt_clz.o(x$fpl$fflt)
    __aeabi_ui2f                             0x08007365   Thumb Code     0  fflt_clz.o(x$fpl$ffltu)
    _ffltu                                   0x08007365   Thumb Code    38  fflt_clz.o(x$fpl$ffltu)
    __aeabi_cfcmple                          0x0800738d   Thumb Code     0  fleqf.o(x$fpl$fleqf)
    _fcmple                                  0x0800738d   Thumb Code   104  fleqf.o(x$fpl$fleqf)
    __fpl_fcmple_InfNaN                      0x080073df   Thumb Code     0  fleqf.o(x$fpl$fleqf)
    __aeabi_fmul                             0x080073f5   Thumb Code     0  fmul.o(x$fpl$fmul)
    _fmul                                    0x080073f5   Thumb Code   258  fmul.o(x$fpl$fmul)
    __fpl_fnaninf                            0x080074f7   Thumb Code   140  fnaninf.o(x$fpl$fnaninf)
    __fpl_fretinf                            0x08007583   Thumb Code    10  fretinf.o(x$fpl$fretinf)
    __aeabi_cfrcmple                         0x0800758d   Thumb Code     0  frleqf.o(x$fpl$frleqf)
    _frcmple                                 0x0800758d   Thumb Code    98  frleqf.o(x$fpl$frleqf)
    __aeabi_fsub                             0x080075f1   Thumb Code     0  faddsub_clz.o(x$fpl$fsub)
    _fsub                                    0x080075f1   Thumb Code   234  faddsub_clz.o(x$fpl$fsub)
    __ieee_status                            0x080076db   Thumb Code     6  istatus.o(x$fpl$ieeestatus)
    _printf_fp_dec                           0x080076e1   Thumb Code     4  printf1.o(x$fpl$printf1)
    __fpl_return_NaN                         0x080076e5   Thumb Code   100  retnan.o(x$fpl$retnan)
    __ARM_scalbn                             0x08007749   Thumb Code    92  scalbn.o(x$fpl$scalbn)
    _scanf_real                              0x080077a5   Thumb Code     4  scanf1.o(x$fpl$scanf1)
    _scanf_hex_real                          0x080077a9   Thumb Code     4  scanf2.o(x$fpl$scanf2)
    _scanf_infnan                            0x080077ad   Thumb Code     4  scanf2.o(x$fpl$scanf2)
    __fpl_cmpreturn                          0x080077b1   Thumb Code    48  trapv.o(x$fpl$trapveneer)
    F6x8                                     0x080077e0   Data         552  oled_i2c.o(.constdata)
    __I$use$fp                               0x080077e0   Number         0  usenofp.o(x$fpl$usenofp)
    F8X16                                    0x08007a08   Data        1520  oled_i2c.o(.constdata)
    Region$$Table$$Base                      0x08008120   Number         0  anon$$obj.o(Region$$Table)
    Region$$Table$$Limit                     0x08008140   Number         0  anon$$obj.o(Region$$Table)
    __aeabi_HUGE_VAL                         0x08008140   Data           0  fpconst.o(c$$dinf)
    __aeabi_HUGE_VALL                        0x08008140   Data           0  fpconst.o(c$$dinf)
    __aeabi_INFINITY                         0x08008140   Data           0  fpconst.o(c$$dinf)
    __dInf                                   0x08008140   Data           0  fpconst.o(c$$dinf)
    __huge_val                               0x08008140   Data           0  fpconst.o(c$$dinf)
    __dbl_max                                0x08008148   Data           0  fpconst.o(c$$dmax)
    __ctype                                  0x08008179   Data           0  lc_ctype_c.o(locale$$data)
    F16x16                                   0x20000014   Data        1280  oled_i2c.o(.data)
    TIM3_UPDATA                              0x20000514   Data           2  timer.o(.data)
    beepState                                0x20000518   Data           1  wt588d.o(.data)
    beepMode                                 0x20000519   Data           1  wt588d.o(.data)
    beepCount                                0x2000051a   Data           1  wt588d.o(.data)
    beepMaxCount                             0x2000051b   Data           1  wt588d.o(.data)
    beepOnTime                               0x2000051c   Data           4  wt588d.o(.data)
    beepOffTime                              0x20000520   Data           4  wt588d.o(.data)
    beepTimer                                0x20000524   Data           4  wt588d.o(.data)
    PhoneNumber                              0x20000528   Data          12  gsm.o(.data)
    sendSmsFlag                              0x20000534   Data           1  gsm.o(.data)
    GPS_rx_flag                              0x20000538   Data           1  main.o(.data)
    gpsInitFlag                              0x20000539   Data           1  main.o(.data)
    currentDistance                          0x2000053c   Data           4  main.o(.data)
    safetyDistance                           0x20000540   Data           2  main.o(.data)
    distanceWarning                          0x20000542   Data           1  main.o(.data)
    displayTwinkle                           0x20000543   Data           1  main.o(.data)
    systemInitFlag                           0x20000544   Data           1  main.o(.data)
    settingMode                              0x20000545   Data           1  main.o(.data)
    refreshFlag                              0x20000546   Data           1  main.o(.data)
    playTimeCounter                          0x20000547   Data           1  main.o(.data)
    secondCounter                            0x20000548   Data           1  main.o(.data)
    tiltDetected                             0x20000549   Data           1  main.o(.data)
    fallDetected                             0x2000054a   Data           1  main.o(.data)
    fallTimer                                0x2000054b   Data           1  main.o(.data)
    sendFlag                                 0x2000054c   Data           1  main.o(.data)
    accelX                                   0x20000550   Data           4  main.o(.data)
    accelY                                   0x20000554   Data           4  main.o(.data)
    accelZ                                   0x20000558   Data           4  main.o(.data)
    accelMagnitude                           0x2000055c   Data           4  main.o(.data)
    accelMagnitude2                          0x20000560   Data           4  main.o(.data)
    emergencyMode                            0x20000564   Data           1  main.o(.data)
    alarmEnable                              0x20000565   Data           1  main.o(.data)
    lbs_longitude                            0x20000568   Data           8  main.o(.data)
    lbs_latitude                             0x20000570   Data           8  main.o(.data)
    lbs_valid                                0x20000578   Data           1  main.o(.data)
    SystemCoreClock                          0x20000588   Data           4  system_stm32f10x.o(.data)
    AHBPrescTable                            0x2000058c   Data          16  system_stm32f10x.o(.data)
    RxCounter                                0x200005a0   Data           4  usart1.o(.data)
    __stdout                                 0x200005a4   Data           4  usart1.o(.data)
    gsm_rev_start                            0x200005a8   Data           1  usart1.o(.data)
    gsm_rev_okflag                           0x200005a9   Data           1  usart1.o(.data)
    Rx3Counter                               0x200005ac   Data           4  usart3.o(.data)
    rev_start                                0x200005b0   Data           1  usart3.o(.data)
    rev_stop                                 0x200005b1   Data           1  usart3.o(.data)
    gps_flag                                 0x200005b2   Data           1  usart3.o(.data)
    num                                      0x200005b3   Data           1  usart3.o(.data)
    STMFLASH_BUF                             0x200005b4   Data        1024  stm32f10x_flash.o(.bss)
    GPS                                      0x20000e10   Data          80  main.o(.bss)
    displayBuffer                            0x20000e60   Data          16  main.o(.bss)
    SysTick_Info                             0x20000e70   Data          28  system_stm32f10x.o(.bss)
    Usart1RecBuf                             0x20000e8c   Data         200  usart1.o(.bss)
    Usart3RecBuf                             0x20000f94   Data          80  usart3.o(.bss)
    __libspace_start                         0x20000fe4   Data          96  libspace.o(.bss)
    __temporary_stack_top$libspace           0x20001044   Data           0  libspace.o(.bss)



==============================================================================

Memory Map of the image

  Image Entry point : 0x080000ed

  Load Region LR_IROM1 (Base: 0x08000000, Size: 0x00008830, Max: 0x00010000, ABSOLUTE, COMPRESSED[0x000085e4])

    Execution Region ER_IROM1 (Exec base: 0x08000000, Load base: 0x08000000, Size: 0x0000827c, Max: 0x00010000, ABSOLUTE)

    Exec Addr    Load Addr    Size         Type   Attr      Idx    E Section Name        Object

    0x08000000   0x08000000   0x000000ec   Data   RO           19    RESET               startup_stm32f10x_md.o
    0x080000ec   0x080000ec   0x00000008   Code   RO         3133  * !!!main             c_w.l(__main.o)
    0x080000f4   0x080000f4   0x00000034   Code   RO         3518    !!!scatter          c_w.l(__scatter.o)
    0x08000128   0x08000128   0x00000064   Code   RO         3516    !!dclz77c           c_w.l(__dclz77c.o)
    0x0800018c   0x0800018c   0x0000001c   Code   RO         3520    !!handler_zi        c_w.l(__scatter_zi.o)
    0x080001a8   0x080001a8   0x00000000   Code   RO         3114    .ARM.Collect$$_printf_percent$$00000000  c_w.l(_printf_percent.o)
    0x080001a8   0x080001a8   0x00000006   Code   RO         3113    .ARM.Collect$$_printf_percent$$00000003  c_w.l(_printf_f.o)
    0x080001ae   0x080001ae   0x00000006   Code   RO         3112    .ARM.Collect$$_printf_percent$$00000009  c_w.l(_printf_d.o)
    0x080001b4   0x080001b4   0x00000006   Code   RO         3111    .ARM.Collect$$_printf_percent$$0000000C  c_w.l(_printf_x.o)
    0x080001ba   0x080001ba   0x00000006   Code   RO         3110    .ARM.Collect$$_printf_percent$$00000014  c_w.l(_printf_s.o)
    0x080001c0   0x080001c0   0x00000004   Code   RO         3216    .ARM.Collect$$_printf_percent$$00000017  c_w.l(_printf_percent_end.o)
    0x080001c4   0x080001c4   0x00000002   Code   RO         3321    .ARM.Collect$$libinit$$00000000  c_w.l(libinit.o)
    0x080001c6   0x080001c6   0x00000000   Code   RO         3323    .ARM.Collect$$libinit$$00000002  c_w.l(libinit2.o)
    0x080001c6   0x080001c6   0x00000000   Code   RO         3325    .ARM.Collect$$libinit$$00000004  c_w.l(libinit2.o)
    0x080001c6   0x080001c6   0x00000000   Code   RO         3328    .ARM.Collect$$libinit$$0000000A  c_w.l(libinit2.o)
    0x080001c6   0x080001c6   0x00000000   Code   RO         3330    .ARM.Collect$$libinit$$0000000C  c_w.l(libinit2.o)
    0x080001c6   0x080001c6   0x00000000   Code   RO         3332    .ARM.Collect$$libinit$$0000000E  c_w.l(libinit2.o)
    0x080001c6   0x080001c6   0x00000006   Code   RO         3333    .ARM.Collect$$libinit$$0000000F  c_w.l(libinit2.o)
    0x080001cc   0x080001cc   0x00000000   Code   RO         3335    .ARM.Collect$$libinit$$00000011  c_w.l(libinit2.o)
    0x080001cc   0x080001cc   0x0000000c   Code   RO         3336    .ARM.Collect$$libinit$$00000012  c_w.l(libinit2.o)
    0x080001d8   0x080001d8   0x00000000   Code   RO         3337    .ARM.Collect$$libinit$$00000013  c_w.l(libinit2.o)
    0x080001d8   0x080001d8   0x00000000   Code   RO         3339    .ARM.Collect$$libinit$$00000015  c_w.l(libinit2.o)
    0x080001d8   0x080001d8   0x0000000a   Code   RO         3340    .ARM.Collect$$libinit$$00000016  c_w.l(libinit2.o)
    0x080001e2   0x080001e2   0x00000000   Code   RO         3341    .ARM.Collect$$libinit$$00000017  c_w.l(libinit2.o)
    0x080001e2   0x080001e2   0x00000000   Code   RO         3343    .ARM.Collect$$libinit$$00000019  c_w.l(libinit2.o)
    0x080001e2   0x080001e2   0x00000000   Code   RO         3345    .ARM.Collect$$libinit$$0000001B  c_w.l(libinit2.o)
    0x080001e2   0x080001e2   0x00000000   Code   RO         3347    .ARM.Collect$$libinit$$0000001D  c_w.l(libinit2.o)
    0x080001e2   0x080001e2   0x00000000   Code   RO         3349    .ARM.Collect$$libinit$$0000001F  c_w.l(libinit2.o)
    0x080001e2   0x080001e2   0x00000000   Code   RO         3351    .ARM.Collect$$libinit$$00000021  c_w.l(libinit2.o)
    0x080001e2   0x080001e2   0x00000000   Code   RO         3353    .ARM.Collect$$libinit$$00000023  c_w.l(libinit2.o)
    0x080001e2   0x080001e2   0x00000000   Code   RO         3355    .ARM.Collect$$libinit$$00000025  c_w.l(libinit2.o)
    0x080001e2   0x080001e2   0x00000000   Code   RO         3359    .ARM.Collect$$libinit$$0000002C  c_w.l(libinit2.o)
    0x080001e2   0x080001e2   0x00000000   Code   RO         3361    .ARM.Collect$$libinit$$0000002E  c_w.l(libinit2.o)
    0x080001e2   0x080001e2   0x00000000   Code   RO         3363    .ARM.Collect$$libinit$$00000030  c_w.l(libinit2.o)
    0x080001e2   0x080001e2   0x00000000   Code   RO         3365    .ARM.Collect$$libinit$$00000032  c_w.l(libinit2.o)
    0x080001e2   0x080001e2   0x00000002   Code   RO         3366    .ARM.Collect$$libinit$$00000033  c_w.l(libinit2.o)
    0x080001e4   0x080001e4   0x00000002   Code   RO         3427    .ARM.Collect$$libshutdown$$00000000  c_w.l(libshutdown.o)
    0x080001e6   0x080001e6   0x00000000   Code   RO         3452    .ARM.Collect$$libshutdown$$00000002  c_w.l(libshutdown2.o)
    0x080001e6   0x080001e6   0x00000000   Code   RO         3454    .ARM.Collect$$libshutdown$$00000004  c_w.l(libshutdown2.o)
    0x080001e6   0x080001e6   0x00000000   Code   RO         3456    .ARM.Collect$$libshutdown$$00000006  c_w.l(libshutdown2.o)
    0x080001e6   0x080001e6   0x00000000   Code   RO         3459    .ARM.Collect$$libshutdown$$00000009  c_w.l(libshutdown2.o)
    0x080001e6   0x080001e6   0x00000000   Code   RO         3462    .ARM.Collect$$libshutdown$$0000000C  c_w.l(libshutdown2.o)
    0x080001e6   0x080001e6   0x00000000   Code   RO         3464    .ARM.Collect$$libshutdown$$0000000E  c_w.l(libshutdown2.o)
    0x080001e6   0x080001e6   0x00000000   Code   RO         3467    .ARM.Collect$$libshutdown$$00000011  c_w.l(libshutdown2.o)
    0x080001e6   0x080001e6   0x00000002   Code   RO         3468    .ARM.Collect$$libshutdown$$00000012  c_w.l(libshutdown2.o)
    0x080001e8   0x080001e8   0x00000000   Code   RO         3201    .ARM.Collect$$rtentry$$00000000  c_w.l(__rtentry.o)
    0x080001e8   0x080001e8   0x00000000   Code   RO         3235    .ARM.Collect$$rtentry$$00000002  c_w.l(__rtentry2.o)
    0x080001e8   0x080001e8   0x00000006   Code   RO         3247    .ARM.Collect$$rtentry$$00000004  c_w.l(__rtentry4.o)
    0x080001ee   0x080001ee   0x00000000   Code   RO         3237    .ARM.Collect$$rtentry$$00000009  c_w.l(__rtentry2.o)
    0x080001ee   0x080001ee   0x00000004   Code   RO         3238    .ARM.Collect$$rtentry$$0000000A  c_w.l(__rtentry2.o)
    0x080001f2   0x080001f2   0x00000000   Code   RO         3240    .ARM.Collect$$rtentry$$0000000C  c_w.l(__rtentry2.o)
    0x080001f2   0x080001f2   0x00000008   Code   RO         3241    .ARM.Collect$$rtentry$$0000000D  c_w.l(__rtentry2.o)
    0x080001fa   0x080001fa   0x00000002   Code   RO         3367    .ARM.Collect$$rtexit$$00000000  c_w.l(rtexit.o)
    0x080001fc   0x080001fc   0x00000000   Code   RO         3393    .ARM.Collect$$rtexit$$00000002  c_w.l(rtexit2.o)
    0x080001fc   0x080001fc   0x00000004   Code   RO         3394    .ARM.Collect$$rtexit$$00000003  c_w.l(rtexit2.o)
    0x08000200   0x08000200   0x00000006   Code   RO         3395    .ARM.Collect$$rtexit$$00000004  c_w.l(rtexit2.o)
    0x08000206   0x08000206   0x00000002   PAD
    0x08000208   0x08000208   0x00000040   Code   RO           20    .text               startup_stm32f10x_md.o
    0x08000248   0x08000248   0x00000002   Code   RO         3051    .text               c_w.l(use_no_semi_2.o)
    0x0800024a   0x0800024a   0x00000002   PAD
    0x0800024c   0x0800024c   0x00000028   Code   RO         3057    .text               c_w.l(noretval__2sprintf.o)
    0x08000274   0x08000274   0x00000034   Code   RO         3059    .text               c_w.l(noretval__2snprintf.o)
    0x080002a8   0x080002a8   0x0000004e   Code   RO         3063    .text               c_w.l(_printf_pad.o)
    0x080002f6   0x080002f6   0x00000052   Code   RO         3065    .text               c_w.l(_printf_str.o)
    0x08000348   0x08000348   0x00000078   Code   RO         3067    .text               c_w.l(_printf_dec.o)
    0x080003c0   0x080003c0   0x00000058   Code   RO         3072    .text               c_w.l(_printf_hex_int.o)
    0x08000418   0x08000418   0x00000138   Code   RO         3102    .text               c_w.l(__printf_flags_wp.o)
    0x08000550   0x08000550   0x00000014   Code   RO         3115    .text               c_w.l(strchr.o)
    0x08000564   0x08000564   0x00000024   Code   RO         3117    .text               c_w.l(strstr.o)
    0x08000588   0x08000588   0x00000048   Code   RO         3119    .text               c_w.l(strcpy.o)
    0x080005d0   0x080005d0   0x0000003e   Code   RO         3121    .text               c_w.l(strlen.o)
    0x0800060e   0x0800060e   0x00000018   Code   RO         3123    .text               c_w.l(strcat.o)
    0x08000626   0x08000626   0x00000044   Code   RO         3125    .text               c_w.l(rt_memclr.o)
    0x0800066a   0x0800066a   0x0000004e   Code   RO         3127    .text               c_w.l(rt_memclr_w.o)
    0x080006b8   0x080006b8   0x00000056   Code   RO         3129    .text               c_w.l(strncpy.o)
    0x0800070e   0x0800070e   0x00000006   Code   RO         3131    .text               c_w.l(heapauxi.o)
    0x08000714   0x08000714   0x00000002   Code   RO         3199    .text               c_w.l(use_no_semi.o)
    0x08000716   0x08000716   0x00000016   Code   RO         3202    .text               c_w.l(_rserrno.o)
    0x0800072c   0x0800072c   0x000000b2   Code   RO         3204    .text               c_w.l(_printf_intcommon.o)
    0x080007de   0x080007de   0x0000041e   Code   RO         3206    .text               c_w.l(_printf_fp_dec.o)
    0x08000bfc   0x08000bfc   0x00000030   Code   RO         3208    .text               c_w.l(_printf_char_common.o)
    0x08000c2c   0x08000c2c   0x0000000a   Code   RO         3210    .text               c_w.l(_sputc.o)
    0x08000c36   0x08000c36   0x00000010   Code   RO         3212    .text               c_w.l(_snputc.o)
    0x08000c46   0x08000c46   0x0000002c   Code   RO         3214    .text               c_w.l(_printf_char.o)
    0x08000c72   0x08000c72   0x00000002   PAD
    0x08000c74   0x08000c74   0x000000a4   Code   RO         3217    .text               c_w.l(strtod.o)
    0x08000d18   0x08000d18   0x00000008   Code   RO         3252    .text               c_w.l(rt_locale_intlibspace.o)
    0x08000d20   0x08000d20   0x00000008   Code   RO         3257    .text               c_w.l(rt_errno_addr_intlibspace.o)
    0x08000d28   0x08000d28   0x0000008a   Code   RO         3259    .text               c_w.l(lludiv10.o)
    0x08000db2   0x08000db2   0x00000012   Code   RO         3261    .text               c_w.l(isspace.o)
    0x08000dc4   0x08000dc4   0x00000080   Code   RO         3263    .text               c_w.l(_printf_fp_infnan.o)
    0x08000e44   0x08000e44   0x00000040   Code   RO         3267    .text               c_w.l(_sgetc.o)
    0x08000e84   0x08000e84   0x000000e4   Code   RO         3269    .text               c_w.l(bigflt0.o)
    0x08000f68   0x08000f68   0x00000008   Code   RO         3303    .text               c_w.l(libspace.o)
    0x08000f70   0x08000f70   0x0000004a   Code   RO         3306    .text               c_w.l(sys_stackheap_outer.o)
    0x08000fba   0x08000fba   0x00000002   PAD
    0x08000fbc   0x08000fbc   0x00000010   Code   RO         3308    .text               c_w.l(rt_ctype_table.o)
    0x08000fcc   0x08000fcc   0x000004f8   Code   RO         3310    .text               c_w.l(scanf_fp.o)
    0x080014c4   0x080014c4   0x00000012   Code   RO         3312    .text               c_w.l(exit.o)
    0x080014d6   0x080014d6   0x00000002   PAD
    0x080014d8   0x080014d8   0x00000080   Code   RO         3314    .text               c_w.l(strcmpv7m.o)
    0x08001558   0x08001558   0x00000320   Code   RO         3399    .text               c_w.l(scanf_hexfp.o)
    0x08001878   0x08001878   0x00000134   Code   RO         3401    .text               c_w.l(scanf_infnan.o)
    0x080019ac   0x080019ac   0x00000026   Code   RO         3417    .text               c_w.l(llshl.o)
    0x080019d2   0x080019d2   0x0000001c   Code   RO         3419    .text               c_w.l(_chval.o)
    0x080019ee   0x080019ee   0x0000003e   Code   RO         3272    CL$$btod_d2e        c_w.l(btod.o)
    0x08001a2c   0x08001a2c   0x00000046   Code   RO         3274    CL$$btod_d2e_denorm_low  c_w.l(btod.o)
    0x08001a72   0x08001a72   0x00000060   Code   RO         3273    CL$$btod_d2e_norm_op1  c_w.l(btod.o)
    0x08001ad2   0x08001ad2   0x00000338   Code   RO         3282    CL$$btod_div_common  c_w.l(btod.o)
    0x08001e0a   0x08001e0a   0x00000002   PAD
    0x08001e0c   0x08001e0c   0x00000084   Code   RO         3280    CL$$btod_e2d        c_w.l(btod.o)
    0x08001e90   0x08001e90   0x000000dc   Code   RO         3279    CL$$btod_e2e        c_w.l(btod.o)
    0x08001f6c   0x08001f6c   0x0000002a   Code   RO         3276    CL$$btod_ediv       c_w.l(btod.o)
    0x08001f96   0x08001f96   0x0000002a   Code   RO         3278    CL$$btod_edivd      c_w.l(btod.o)
    0x08001fc0   0x08001fc0   0x0000002a   Code   RO         3275    CL$$btod_emul       c_w.l(btod.o)
    0x08001fea   0x08001fea   0x0000002a   Code   RO         3277    CL$$btod_emuld      c_w.l(btod.o)
    0x08002014   0x08002014   0x00000244   Code   RO         3281    CL$$btod_mult_common  c_w.l(btod.o)
    0x08002258   0x08002258   0x00000044   Code   RO         1972    i.BEEP_GPIO_Init    gpio.o
    0x0800229c   0x0800229c   0x0000009c   Code   RO         2521    i.BeepUpdate        wt588d.o
    0x08002338   0x08002338   0x00000004   Code   RO         2743    i.BusFault_Handler  stm32f10x_it.o
    0x0800233c   0x0800233c   0x0000006c   Code   RO         2619    i.CheckNewMcu       main.o
    0x080023a8   0x080023a8   0x00000002   Code   RO         2744    i.DebugMon_Handler  stm32f10x_it.o
    0x080023aa   0x080023aa   0x00000002   PAD
    0x080023ac   0x080023ac   0x000000ac   Code   RO         2620    i.DisplaySetValue   main.o
    0x08002458   0x08002458   0x0000004c   Code   RO         1521    i.FLASH_ErasePage   stm32f10x_flash.o
    0x080024a4   0x080024a4   0x00000034   Code   RO         1522    i.FLASH_GetBank1Status  stm32f10x_flash.o
    0x080024d8   0x080024d8   0x00000014   Code   RO         1531    i.FLASH_Lock        stm32f10x_flash.o
    0x080024ec   0x080024ec   0x00000040   Code   RO         1534    i.FLASH_ProgramHalfWord  stm32f10x_flash.o
    0x0800252c   0x0800252c   0x00000018   Code   RO         1539    i.FLASH_Unlock      stm32f10x_flash.o
    0x08002544   0x08002544   0x00000026   Code   RO         1543    i.FLASH_WaitForLastOperation  stm32f10x_flash.o
    0x0800256a   0x0800256a   0x00000002   PAD
    0x0800256c   0x0800256c   0x0000013c   Code   RO         2621    i.FallDetection     main.o
    0x080026a8   0x080026a8   0x00000116   Code   RO          387    i.GPIO_Init         stm32f10x_gpio.o
    0x080027be   0x080027be   0x00000002   PAD
    0x080027c0   0x080027c0   0x00000090   Code   RO          389    i.GPIO_PinRemapConfig  stm32f10x_gpio.o
    0x08002850   0x08002850   0x00000012   Code   RO          391    i.GPIO_ReadInputDataBit  stm32f10x_gpio.o
    0x08002862   0x08002862   0x00000004   Code   RO          394    i.GPIO_ResetBits    stm32f10x_gpio.o
    0x08002866   0x08002866   0x00000004   Code   RO          395    i.GPIO_SetBits      stm32f10x_gpio.o
    0x0800286a   0x0800286a   0x00000002   PAD
    0x0800286c   0x0800286c   0x000001d0   Code   RO         2447    i.GPS_RMC_Parse     gps.o
    0x08002a3c   0x08002a3c   0x00000038   Code   RO         2448    i.GetComma          gps.o
    0x08002a74   0x08002a74   0x000001cc   Code   RO         2622    i.Get_Distance      main.o
    0x08002c40   0x08002c40   0x00000034   Code   RO         2449    i.Get_Double_Number  gps.o
    0x08002c74   0x08002c74   0x00000140   Code   RO         2623    i.Get_GPS           main.o
    0x08002db4   0x08002db4   0x00000004   Code   RO         2745    i.HardFault_Handler  stm32f10x_it.o
    0x08002db8   0x08002db8   0x00000008   Code   RO         2002    i.I2C_Configuration  oled_i2c.o
    0x08002dc0   0x08002dc0   0x00000024   Code   RO         2379    i.I2C_SDA_IN        iic.o
    0x08002de4   0x08002de4   0x00000024   Code   RO         2380    i.I2C_SDA_OUT       iic.o
    0x08002e08   0x08002e08   0x0000002e   Code   RO         2003    i.I2C_WriteByte     oled_i2c.o
    0x08002e36   0x08002e36   0x00000002   PAD
    0x08002e38   0x08002e38   0x00000038   Code   RO         2381    i.IIC_ack           iic.o
    0x08002e70   0x08002e70   0x00000038   Code   RO         2382    i.IIC_init          iic.o
    0x08002ea8   0x08002ea8   0x00000038   Code   RO         2383    i.IIC_noack         iic.o
    0x08002ee0   0x08002ee0   0x0000005c   Code   RO         2384    i.IIC_read_byte     iic.o
    0x08002f3c   0x08002f3c   0x0000004c   Code   RO         2385    i.IIC_send_byte     iic.o
    0x08002f88   0x08002f88   0x00000038   Code   RO         2386    i.IIC_start         iic.o
    0x08002fc0   0x08002fc0   0x00000034   Code   RO         2387    i.IIC_stop          iic.o
    0x08002ff4   0x08002ff4   0x0000004c   Code   RO         2388    i.IIC_wait_ack      iic.o
    0x08003040   0x08003040   0x00000058   Code   RO         1973    i.KEY_GPIO_Init     gpio.o
    0x08003098   0x08003098   0x000002b8   Code   RO         2624    i.KeySettings       main.o
    0x08003350   0x08003350   0x00000060   Code   RO         1974    i.LED_GPIO_Init     gpio.o
    0x080033b0   0x080033b0   0x00000004   Code   RO         2746    i.MemManage_Handler  stm32f10x_it.o
    0x080033b4   0x080033b4   0x00000002   Code   RO         2747    i.NMI_Handler       stm32f10x_it.o
    0x080033b6   0x080033b6   0x0000000c   Code   RO         2910    i.NVIC_Configuration  sys.o
    0x080033c2   0x080033c2   0x00000002   PAD
    0x080033c4   0x080033c4   0x00000070   Code   RO           24    i.NVIC_Init         misc.o
    0x08003434   0x08003434   0x00000014   Code   RO           25    i.NVIC_PriorityGroupConfig  misc.o
    0x08003448   0x08003448   0x0000000a   Code   RO         2004    i.OLED_CLS          oled_i2c.o
    0x08003452   0x08003452   0x0000003a   Code   RO         2006    i.OLED_Fill         oled_i2c.o
    0x0800348c   0x0800348c   0x000000b2   Code   RO         2007    i.OLED_Init         oled_i2c.o
    0x0800353e   0x0800353e   0x00000028   Code   RO         2010    i.OLED_SetPos       oled_i2c.o
    0x08003566   0x08003566   0x00000002   PAD
    0x08003568   0x08003568   0x0000007c   Code   RO         2011    i.OLED_ShowCN       oled_i2c.o
    0x080035e4   0x080035e4   0x000000f8   Code   RO         2012    i.OLED_ShowChar     oled_i2c.o
    0x080036dc   0x080036dc   0x000000ec   Code   RO         2013    i.OLED_ShowStr      oled_i2c.o
    0x080037c8   0x080037c8   0x00000002   Code   RO         2748    i.PendSV_Handler    stm32f10x_it.o
    0x080037ca   0x080037ca   0x00000002   PAD
    0x080037cc   0x080037cc   0x00000020   Code   RO          497    i.RCC_APB1PeriphClockCmd  stm32f10x_rcc.o
    0x080037ec   0x080037ec   0x00000020   Code   RO          498    i.RCC_APB1PeriphResetCmd  stm32f10x_rcc.o
    0x0800380c   0x0800380c   0x00000020   Code   RO          499    i.RCC_APB2PeriphClockCmd  stm32f10x_rcc.o
    0x0800382c   0x0800382c   0x00000020   Code   RO          500    i.RCC_APB2PeriphResetCmd  stm32f10x_rcc.o
    0x0800384c   0x0800384c   0x000000d4   Code   RO          507    i.RCC_GetClocksFreq  stm32f10x_rcc.o
    0x08003920   0x08003920   0x00000022   Code   RO         1544    i.STM32F10x_Read    stm32f10x_flash.o
    0x08003942   0x08003942   0x00000006   Code   RO         1545    i.STMFLASH_ReadHalfWord  stm32f10x_flash.o
    0x08003948   0x08003948   0x000000e8   Code   RO         1546    i.STMFLASH_Write    stm32f10x_flash.o
    0x08003a30   0x08003a30   0x00000022   Code   RO         1547    i.STMFLASH_Write_NoCheck  stm32f10x_flash.o
    0x08003a52   0x08003a52   0x00000002   Code   RO         2749    i.SVC_Handler       stm32f10x_it.o
    0x08003a54   0x08003a54   0x00000020   Code   RO         3022    i.Serial_SendByte   usart2.o
    0x08003a74   0x08003a74   0x00000008   Code   RO         2827    i.SetSysClock       system_stm32f10x.o
    0x08003a7c   0x08003a7c   0x000000e0   Code   RO         2828    i.SetSysClockTo72   system_stm32f10x.o
    0x08003b5c   0x08003b5c   0x000000a8   Code   RO         2625    i.ShowHomePage      main.o
    0x08003c04   0x08003c04   0x0000004c   Code   RO         2626    i.SprintfIntNum     main.o
    0x08003c50   0x08003c50   0x000000bc   Code   RO         2522    i.StartBeep         wt588d.o
    0x08003d0c   0x08003d0c   0x00000014   Code   RO         2523    i.StopBeep          wt588d.o
    0x08003d20   0x08003d20   0x00000120   Code   RO         2453    i.Str_To_Double     gps.o
    0x08003e40   0x08003e40   0x000000a0   Code   RO           28    i.SysTick_CLKSourceConfig  misc.o
    0x08003ee0   0x08003ee0   0x00000002   Code   RO         2750    i.SysTick_Handler   stm32f10x_it.o
    0x08003ee2   0x08003ee2   0x00000002   PAD
    0x08003ee4   0x08003ee4   0x00000060   Code   RO         2830    i.SystemInit        system_stm32f10x.o
    0x08003f44   0x08003f44   0x000000c4   Code   RO         2627    i.TIM2_IRQHandler   main.o
    0x08004008   0x08004008   0x0000005c   Code   RO         2151    i.TIM2_Init         timer.o
    0x08004064   0x08004064   0x00000028   Code   RO         2152    i.TIM3_IRQHandler   timer.o
    0x0800408c   0x0800408c   0x0000005c   Code   RO         2153    i.TIM3_Init         timer.o
    0x080040e8   0x080040e8   0x00000006   Code   RO          799    i.TIM_ClearITPendingBit  stm32f10x_tim.o
    0x080040ee   0x080040ee   0x00000018   Code   RO          804    i.TIM_Cmd           stm32f10x_tim.o
    0x08004106   0x08004106   0x00000022   Code   RO          825    i.TIM_GetITStatus   stm32f10x_tim.o
    0x08004128   0x08004128   0x00000012   Code   RO          829    i.TIM_ITConfig      stm32f10x_tim.o
    0x0800413a   0x0800413a   0x00000002   PAD
    0x0800413c   0x0800413c   0x000000a4   Code   RO          875    i.TIM_TimeBaseInit  stm32f10x_tim.o
    0x080041e0   0x080041e0   0x000000c0   Code   RO         2925    i.USART1_IRQHandler  usart1.o
    0x080042a0   0x080042a0   0x0000006c   Code   RO         2628    i.USART2_IRQHandler  main.o
    0x0800430c   0x0800430c   0x000000b0   Code   RO         3023    i.USART2_Init       usart2.o
    0x080043bc   0x080043bc   0x000000a8   Code   RO         2978    i.USART3_IRQHandler  usart3.o
    0x08004464   0x08004464   0x000000b0   Code   RO         2979    i.USART3_Init       usart3.o
    0x08004514   0x08004514   0x00000012   Code   RO         1336    i.USART_ClearFlag   stm32f10x_usart.o
    0x08004526   0x08004526   0x0000001e   Code   RO         1337    i.USART_ClearITPendingBit  stm32f10x_usart.o
    0x08004544   0x08004544   0x00000018   Code   RO         1340    i.USART_Cmd         stm32f10x_usart.o
    0x0800455c   0x0800455c   0x0000009c   Code   RO         1342    i.USART_DeInit      stm32f10x_usart.o
    0x080045f8   0x080045f8   0x0000001a   Code   RO         1343    i.USART_GetFlagStatus  stm32f10x_usart.o
    0x08004612   0x08004612   0x00000054   Code   RO         1344    i.USART_GetITStatus  stm32f10x_usart.o
    0x08004666   0x08004666   0x0000004a   Code   RO         1346    i.USART_ITConfig    stm32f10x_usart.o
    0x080046b0   0x080046b0   0x000000d8   Code   RO         1347    i.USART_Init        stm32f10x_usart.o
    0x08004788   0x08004788   0x0000000a   Code   RO         1354    i.USART_ReceiveData  stm32f10x_usart.o
    0x08004792   0x08004792   0x00000008   Code   RO         1357    i.USART_SendData    stm32f10x_usart.o
    0x0800479a   0x0800479a   0x000000d0   Code   RO         2456    i.UTC2BTC           gps.o
    0x0800486a   0x0800486a   0x00000004   Code   RO         2751    i.UsageFault_Handler  stm32f10x_it.o
    0x0800486e   0x0800486e   0x00000016   Code   RO         3024    i.Usart2_SendString  usart2.o
    0x08004884   0x08004884   0x0000001c   Code   RO         2629    i.UsartRx1BufClear  main.o
    0x080048a0   0x080048a0   0x00000086   Code   RO         2181    i.VL53L1X_CheckBootState  vl53l1x_stm32.o
    0x08004926   0x08004926   0x0000005c   Code   RO         2183    i.VL53L1X_GetDistance  vl53l1x_stm32.o
    0x08004982   0x08004982   0x00000002   PAD
    0x08004984   0x08004984   0x00000034   Code   RO         2184    i.VL53L1X_I2C_Ack   vl53l1x_stm32.o
    0x080049b8   0x080049b8   0x00000010   Code   RO         2185    i.VL53L1X_I2C_Delay  vl53l1x_stm32.o
    0x080049c8   0x080049c8   0x00000040   Code   RO         2186    i.VL53L1X_I2C_Init  vl53l1x_stm32.o
    0x08004a08   0x08004a08   0x00000034   Code   RO         2187    i.VL53L1X_I2C_NAck  vl53l1x_stm32.o
    0x08004a3c   0x08004a3c   0x00000054   Code   RO         2188    i.VL53L1X_I2C_ReadByte  vl53l1x_stm32.o
    0x08004a90   0x08004a90   0x00000042   Code   RO         2189    i.VL53L1X_I2C_Scan  vl53l1x_stm32.o
    0x08004ad2   0x08004ad2   0x00000002   PAD
    0x08004ad4   0x08004ad4   0x00000064   Code   RO         2190    i.VL53L1X_I2C_SendByte  vl53l1x_stm32.o
    0x08004b38   0x08004b38   0x00000034   Code   RO         2191    i.VL53L1X_I2C_Start  vl53l1x_stm32.o
    0x08004b6c   0x08004b6c   0x00000038   Code   RO         2192    i.VL53L1X_I2C_Stop  vl53l1x_stm32.o
    0x08004ba4   0x08004ba4   0x0000008c   Code   RO         2193    i.VL53L1X_I2C_Test  vl53l1x_stm32.o
    0x08004c30   0x08004c30   0x00000058   Code   RO         2194    i.VL53L1X_I2C_WaitAck  vl53l1x_stm32.o
    0x08004c88   0x08004c88   0x000000e8   Code   RO         2195    i.VL53L1X_Init      vl53l1x_stm32.o
    0x08004d70   0x08004d70   0x0000001c   Code   RO         2196    i.VL53L1X_ReadID    vl53l1x_stm32.o
    0x08004d8c   0x08004d8c   0x0000006e   Code   RO         2197    i.VL53L1X_ReadReg16  vl53l1x_stm32.o
    0x08004dfa   0x08004dfa   0x0000007e   Code   RO         2198    i.VL53L1X_ReadReg16_16bit  vl53l1x_stm32.o
    0x08004e78   0x08004e78   0x0000002a   Code   RO         2199    i.VL53L1X_ReadStatus  vl53l1x_stm32.o
    0x08004ea2   0x08004ea2   0x00000002   PAD
    0x08004ea4   0x08004ea4   0x0000001c   Code   RO         2200    i.VL53L1X_SDA_IN    vl53l1x_stm32.o
    0x08004ec0   0x08004ec0   0x00000020   Code   RO         2201    i.VL53L1X_SDA_OUT   vl53l1x_stm32.o
    0x08004ee0   0x08004ee0   0x000000d4   Code   RO         2202    i.VL53L1X_SimpleTest  vl53l1x_stm32.o
    0x08004fb4   0x08004fb4   0x00000086   Code   RO         2203    i.VL53L1X_StartRanging  vl53l1x_stm32.o
    0x0800503a   0x0800503a   0x00000002   PAD
    0x0800503c   0x0800503c   0x00000064   Code   RO         2204    i.VL53L1X_TestRegAccess  vl53l1x_stm32.o
    0x080050a0   0x080050a0   0x00000074   Code   RO         2205    i.VL53L1X_WriteMultiBytes  vl53l1x_stm32.o
    0x08005114   0x08005114   0x00000052   Code   RO         2206    i.VL53L1X_WriteReg16  vl53l1x_stm32.o
    0x08005166   0x08005166   0x00000002   PAD
    0x08005168   0x08005168   0x00000038   Code   RO         2524    i.WT588D_GPIO_INIT  wt588d.o
    0x080051a0   0x080051a0   0x0000000e   Code   RO         2014    i.WriteCmd          oled_i2c.o
    0x080051ae   0x080051ae   0x0000000e   Code   RO         2015    i.WriteDat          oled_i2c.o
    0x080051bc   0x080051bc   0x00000028   Code   RO         3301    i.__ARM_fpclassify  m_ws.l(fpclassify.o)
    0x080051e4   0x080051e4   0x0000000e   Code   RO         3475    i.__mathlib_dbl_overflow  m_ws.l(dunder.o)
    0x080051f2   0x080051f2   0x00000002   PAD
    0x080051f4   0x080051f4   0x00000010   Code   RO         3477    i.__mathlib_dbl_underflow  m_ws.l(dunder.o)
    0x08005204   0x08005204   0x00000010   Code   RO         3386    i.__mathlib_narrow  m_ws.l(narrow.o)
    0x08005214   0x08005214   0x000000bc   Code   RO         3387    i.__mathlib_tofloat  m_ws.l(narrow.o)
    0x080052d0   0x080052d0   0x00000016   Code   RO         3433    i.__support_ldexp   m_ws.l(ldexp.o)
    0x080052e6   0x080052e6   0x0000000e   Code   RO         3100    i._is_digit         c_w.l(__printf_wp.o)
    0x080052f4   0x080052f4   0x00000006   Code   RO         2927    i._sys_exit         usart1.o
    0x080052fa   0x080052fa   0x0000004c   Code   RO         2337    i.adxl345_init      adxl345.o
    0x08005346   0x08005346   0x000000e6   Code   RO         2338    i.adxl345_read_average  adxl345.o
    0x0800542c   0x0800542c   0x000000a4   Code   RO         2339    i.adxl345_read_data  adxl345.o
    0x080054d0   0x080054d0   0x0000004a   Code   RO         2340    i.adxl345_read_reg  adxl345.o
    0x0800551a   0x0800551a   0x0000003c   Code   RO         2341    i.adxl345_write_reg  adxl345.o
    0x08005556   0x08005556   0x0000002a   Code   RO         3196    i.atof              m_ws.l(atof.o)
    0x08005580   0x08005580   0x0000003c   Code   RO         2016    i.bsp_InitI2C_2     oled_i2c.o
    0x080055bc   0x080055bc   0x00000044   Code   RO         2875    i.delay_init        delay.o
    0x08005600   0x08005600   0x00000038   Code   RO         2876    i.delay_ms          delay.o
    0x08005638   0x08005638   0x0000002e   Code   RO         2878    i.delay_us          delay.o
    0x08005666   0x08005666   0x00000002   PAD
    0x08005668   0x08005668   0x00000058   Code   RO         3410    i.frexp             m_ws.l(frexp.o)
    0x080056c0   0x080056c0   0x000000ec   Code   RO         2557    i.gsm_get_lbs       gsm.o
    0x080057ac   0x080057ac   0x00000070   Code   RO         2558    i.gsm_init          gsm.o
    0x0800581c   0x0800581c   0x00000064   Code   RO         2559    i.gsm_lbs_init      gsm.o
    0x08005880   0x08005880   0x00000084   Code   RO         2560    i.gsm_send_msg      gsm.o
    0x08005904   0x08005904   0x00000050   Code   RO         2020    i.i2c_SendByte_2    oled_i2c.o
    0x08005954   0x08005954   0x00000030   Code   RO         2021    i.i2c_Start_2       oled_i2c.o
    0x08005984   0x08005984   0x00000028   Code   RO         2022    i.i2c_Stop_2        oled_i2c.o
    0x080059ac   0x080059ac   0x0000004c   Code   RO         2023    i.i2c_WaitAck_2     oled_i2c.o
    0x080059f8   0x080059f8   0x00000074   Code   RO         3434    i.ldexp             m_ws.l(ldexp.o)
    0x08005a6c   0x08005a6c   0x0000088c   Code   RO         2630    i.main              main.o
    0x080062f8   0x080062f8   0x00000124   Code   RO         2561    i.sim800_send       gsm.o
    0x0800641c   0x0800641c   0x000000bc   Code   RO         2929    i.uart1_Init        usart1.o
    0x080064d8   0x080064d8   0x00000050   Code   RO         2930    i.uart1_send        usart1.o
    0x08006528   0x08006528   0x00000028   Code   RO         2562    i.utf8_to_hexstr    gsm.o
    0x08006550   0x08006550   0x0000002c   Code   RO         3295    locale$$code        c_w.l(lc_numeric_c.o)
    0x0800657c   0x0800657c   0x0000002c   Code   RO         3370    locale$$code        c_w.l(lc_ctype_c.o)
    0x080065a8   0x080065a8   0x00000062   Code   RO         3135    x$fpl$d2f           fz_ws.l(d2f.o)
    0x0800660a   0x0800660a   0x00000002   PAD
    0x0800660c   0x0800660c   0x00000150   Code   RO         3137    x$fpl$dadd          fz_ws.l(daddsub_clz.o)
    0x0800675c   0x0800675c   0x00000010   Code   RO         3469    x$fpl$dcheck1       fz_ws.l(dcheck1.o)
    0x0800676c   0x0800676c   0x00000018   Code   RO         3219    x$fpl$dcmpinf       fz_ws.l(dcmpi.o)
    0x08006784   0x08006784   0x000002b0   Code   RO         3144    x$fpl$ddiv          fz_ws.l(ddiv.o)
    0x08006a34   0x08006a34   0x00000078   Code   RO         3147    x$fpl$deqf          fz_ws.l(deqf.o)
    0x08006aac   0x08006aac   0x0000005e   Code   RO         3149    x$fpl$dfix          fz_ws.l(dfix.o)
    0x08006b0a   0x08006b0a   0x0000002e   Code   RO         3154    x$fpl$dflt          fz_ws.l(dflt_clz.o)
    0x08006b38   0x08006b38   0x00000078   Code   RO         3428    x$fpl$dleqf         fz_ws.l(dleqf.o)
    0x08006bb0   0x08006bb0   0x00000154   Code   RO         3159    x$fpl$dmul          fz_ws.l(dmul.o)
    0x08006d04   0x08006d04   0x0000009c   Code   RO         3221    x$fpl$dnaninf       fz_ws.l(dnaninf.o)
    0x08006da0   0x08006da0   0x0000000c   Code   RO         3223    x$fpl$dretinf       fz_ws.l(dretinf.o)
    0x08006dac   0x08006dac   0x0000006c   Code   RO         3407    x$fpl$drleqf        fz_ws.l(drleqf.o)
    0x08006e18   0x08006e18   0x00000016   Code   RO         3138    x$fpl$drsb          fz_ws.l(daddsub_clz.o)
    0x08006e2e   0x08006e2e   0x00000002   PAD
    0x08006e30   0x08006e30   0x000001d4   Code   RO         3139    x$fpl$dsub          fz_ws.l(daddsub_clz.o)
    0x08007004   0x08007004   0x00000056   Code   RO         3161    x$fpl$f2d           fz_ws.l(f2d.o)
    0x0800705a   0x0800705a   0x00000002   PAD
    0x0800705c   0x0800705c   0x000000c4   Code   RO         3163    x$fpl$fadd          fz_ws.l(faddsub_clz.o)
    0x08007120   0x08007120   0x00000018   Code   RO         3225    x$fpl$fcmpinf       fz_ws.l(fcmpi.o)
    0x08007138   0x08007138   0x00000184   Code   RO         3170    x$fpl$fdiv          fz_ws.l(fdiv.o)
    0x080072bc   0x080072bc   0x00000036   Code   RO         3175    x$fpl$ffix          fz_ws.l(ffix.o)
    0x080072f2   0x080072f2   0x00000002   PAD
    0x080072f4   0x080072f4   0x0000003e   Code   RO         3179    x$fpl$ffixu         fz_ws.l(ffixu.o)
    0x08007332   0x08007332   0x00000002   PAD
    0x08007334   0x08007334   0x00000030   Code   RO         3184    x$fpl$fflt          fz_ws.l(fflt_clz.o)
    0x08007364   0x08007364   0x00000026   Code   RO         3183    x$fpl$ffltu         fz_ws.l(fflt_clz.o)
    0x0800738a   0x0800738a   0x00000002   PAD
    0x0800738c   0x0800738c   0x00000068   Code   RO         3227    x$fpl$fleqf         fz_ws.l(fleqf.o)
    0x080073f4   0x080073f4   0x00000102   Code   RO         3189    x$fpl$fmul          fz_ws.l(fmul.o)
    0x080074f6   0x080074f6   0x0000008c   Code   RO         3229    x$fpl$fnaninf       fz_ws.l(fnaninf.o)
    0x08007582   0x08007582   0x0000000a   Code   RO         3231    x$fpl$fretinf       fz_ws.l(fretinf.o)
    0x0800758c   0x0800758c   0x00000062   Code   RO         3191    x$fpl$frleqf        fz_ws.l(frleqf.o)
    0x080075ee   0x080075ee   0x00000002   PAD
    0x080075f0   0x080075f0   0x000000ea   Code   RO         3165    x$fpl$fsub          fz_ws.l(faddsub_clz.o)
    0x080076da   0x080076da   0x00000006   Code   RO         3297    x$fpl$ieeestatus    fz_ws.l(istatus.o)
    0x080076e0   0x080076e0   0x00000004   Code   RO         3193    x$fpl$printf1       fz_ws.l(printf1.o)
    0x080076e4   0x080076e4   0x00000064   Code   RO         3490    x$fpl$retnan        fz_ws.l(retnan.o)
    0x08007748   0x08007748   0x0000005c   Code   RO         3430    x$fpl$scalbn        fz_ws.l(scalbn.o)
    0x080077a4   0x080077a4   0x00000004   Code   RO         3299    x$fpl$scanf1        fz_ws.l(scanf1.o)
    0x080077a8   0x080077a8   0x00000008   Code   RO         3380    x$fpl$scanf2        fz_ws.l(scanf2.o)
    0x080077b0   0x080077b0   0x00000030   Code   RO         3496    x$fpl$trapveneer    fz_ws.l(trapv.o)
    0x080077e0   0x080077e0   0x00000000   Code   RO         3233    x$fpl$usenofp       fz_ws.l(usenofp.o)
    0x080077e0   0x080077e0   0x00000818   Data   RO         2024    .constdata          oled_i2c.o
    0x08007ff8   0x08007ff8   0x0000005b   Data   RO         2207    .constdata          vl53l1x_stm32.o
    0x08008053   0x08008053   0x00000028   Data   RO         3073    .constdata          c_w.l(_printf_hex_int.o)
    0x0800807b   0x0800807b   0x00000011   Data   RO         3103    .constdata          c_w.l(__printf_flags_wp.o)
    0x0800808c   0x0800808c   0x00000094   Data   RO         3270    .constdata          c_w.l(bigflt0.o)
    0x08008120   0x08008120   0x00000020   Data   RO         3514    Region$$Table       anon$$obj.o
    0x08008140   0x08008140   0x00000008   Data   RO         3374    c$$dinf             fz_ws.l(fpconst.o)
    0x08008148   0x08008148   0x00000008   Data   RO         3377    c$$dmax             fz_ws.l(fpconst.o)
    0x08008150   0x08008150   0x0000001c   Data   RO         3294    locale$$data        c_w.l(lc_numeric_c.o)
    0x0800816c   0x0800816c   0x00000110   Data   RO         3369    locale$$data        c_w.l(lc_ctype_c.o)


    Execution Region RW_IRAM1 (Exec base: 0x20000000, Load base: 0x0800827c, Size: 0x00001648, Max: 0x00005000, ABSOLUTE, COMPRESSED[0x00000368])

    Exec Addr    Load Addr    Size         Type   Attr      Idx    E Section Name        Object

    0x20000000   COMPRESSED   0x00000014   Data   RW          527    .data               stm32f10x_rcc.o
    0x20000014   COMPRESSED   0x00000500   Data   RW         2025    .data               oled_i2c.o
    0x20000514   COMPRESSED   0x00000002   Data   RW         2154    .data               timer.o
    0x20000516   COMPRESSED   0x00000002   PAD
    0x20000518   COMPRESSED   0x00000010   Data   RW         2525    .data               wt588d.o
    0x20000528   COMPRESSED   0x0000000d   Data   RW         2564    .data               gsm.o
    0x20000535   COMPRESSED   0x00000003   PAD
    0x20000538   COMPRESSED   0x00000050   Data   RW         2632    .data               main.o
    0x20000588   COMPRESSED   0x00000014   Data   RW         2832    .data               system_stm32f10x.o
    0x2000059c   COMPRESSED   0x00000004   Data   RW         2879    .data               delay.o
    0x200005a0   COMPRESSED   0x0000000b   Data   RW         2932    .data               usart1.o
    0x200005ab   COMPRESSED   0x00000001   PAD
    0x200005ac   COMPRESSED   0x00000008   Data   RW         2984    .data               usart3.o
    0x200005b4        -       0x00000400   Zero   RW         1549    .bss                stm32f10x_flash.o
    0x200009b4        -       0x00000458   Zero   RW         2563    .bss                gsm.o
    0x20000e0c   COMPRESSED   0x00000004   PAD
    0x20000e10        -       0x00000060   Zero   RW         2631    .bss                main.o
    0x20000e70        -       0x0000001c   Zero   RW         2831    .bss                system_stm32f10x.o
    0x20000e8c        -       0x00000108   Zero   RW         2931    .bss                usart1.o
    0x20000f94        -       0x00000050   Zero   RW         2983    .bss                usart3.o
    0x20000fe4        -       0x00000060   Zero   RW         3304    .bss                c_w.l(libspace.o)
    0x20001044   COMPRESSED   0x00000004   PAD
    0x20001048        -       0x00000200   Zero   RW           18    HEAP                startup_stm32f10x_md.o
    0x20001248        -       0x00000400   Zero   RW           17    STACK               startup_stm32f10x_md.o


==============================================================================

Image component sizes


      Code (inc. data)   RO Data    RW Data    ZI Data      Debug   Object Name

       604          0          0          0          0       3197   adxl345.o
         0          0          0          0          0       4540   core_cm3.o
       170         22          0          4          0       1487   delay.o
       252         28          0          0          0       1409   gpio.o
      1068         58          0          0          0       4452   gps.o
       912        298          0         13       1112       4264   gsm.o
       592         74          0          0          0       4622   iic.o
      4836       1154          0         80         96      10603   main.o
       292         36          0          0          0     255120   misc.o
      1280         44       2072       1280          0       9220   oled_i2c.o
        64         26        236          0       1536        768   startup_stm32f10x_md.o
       580         40          0          0       1024       7520   stm32f10x_flash.o
       448          6          0          0          0       4190   stm32f10x_gpio.o
        26          0          0          0          0       3370   stm32f10x_it.o
       340         44          0         20          0       5252   stm32f10x_rcc.o
       246         42          0          0          0       3254   stm32f10x_tim.o
       646         28          0          0          0       7428   stm32f10x_usart.o
        12          0          0          0          0        417   sys.o
       328         28          0         20         28     203706   system_stm32f10x.o
       224         12          0          2          0       1816   timer.o
       466         42          0         11        264       4340   usart1.o
       230         14          0          0          0       1584   usart2.o
       344         38          0          8         80       2018   usart3.o
      2238         52         91          0          0      15368   vl53l1x_stm32.o
       420         84          0         16          0       2688   wt588d.o

    ----------------------------------------------------------------------
     16650       2170       2431       1460       4144     562633   Object Totals
         0          0         32          0          0          0   (incl. Generated)
        32          0          0          6          4          0   (incl. Padding)

    ----------------------------------------------------------------------

      Code (inc. data)   RO Data    RW Data    ZI Data      Debug   Library Member Name

       100          0          0          0          0          0   __dclz77c.o
         8          0          0          0          0         68   __main.o
       312          4         17          0          0         92   __printf_flags_wp.o
        14          0          0          0          0         68   __printf_wp.o
         0          0          0          0          0          0   __rtentry.o
        12          0          0          0          0          0   __rtentry2.o
         6          0          0          0          0          0   __rtentry4.o
        52          8          0          0          0          0   __scatter.o
        28          0          0          0          0          0   __scatter_zi.o
        28          0          0          0          0         68   _chval.o
        44          0          0          0          0        108   _printf_char.o
        48          6          0          0          0         96   _printf_char_common.o
         6          0          0          0          0          0   _printf_d.o
       120         16          0          0          0         92   _printf_dec.o
         6          0          0          0          0          0   _printf_f.o
      1054          0          0          0          0        216   _printf_fp_dec.o
       128         16          0          0          0         84   _printf_fp_infnan.o
        88          4         40          0          0         88   _printf_hex_int.o
       178          0          0          0          0         88   _printf_intcommon.o
        78          0          0          0          0        108   _printf_pad.o
         0          0          0          0          0          0   _printf_percent.o
         4          0          0          0          0          0   _printf_percent_end.o
         6          0          0          0          0          0   _printf_s.o
        82          0          0          0          0         80   _printf_str.o
         6          0          0          0          0          0   _printf_x.o
        22          0          0          0          0        100   _rserrno.o
        64          0          0          0          0         84   _sgetc.o
        16          0          0          0          0         68   _snputc.o
        10          0          0          0          0         68   _sputc.o
       228          4        148          0          0         96   bigflt0.o
      2152        136          0          0          0        960   btod.o
        18          0          0          0          0         80   exit.o
         6          0          0          0          0        152   heapauxi.o
        18          0          0          0          0         76   isspace.o
        44         10        272          0          0         76   lc_ctype_c.o
        44         10         28          0          0         76   lc_numeric_c.o
         2          0          0          0          0          0   libinit.o
        30          0          0          0          0          0   libinit2.o
         2          0          0          0          0          0   libshutdown.o
         2          0          0          0          0          0   libshutdown2.o
         8          4          0          0         96         68   libspace.o
        38          0          0          0          0         68   llshl.o
       138          0          0          0          0         80   lludiv10.o
        52          4          0          0          0         84   noretval__2snprintf.o
        40          6          0          0          0         84   noretval__2sprintf.o
        16          4          0          0          0         76   rt_ctype_table.o
         8          4          0          0          0         68   rt_errno_addr_intlibspace.o
         8          4          0          0          0         68   rt_locale_intlibspace.o
        68          0          0          0          0         68   rt_memclr.o
        78          0          0          0          0         80   rt_memclr_w.o
         2          0          0          0          0          0   rtexit.o
        10          0          0          0          0          0   rtexit2.o
      1272         16          0          0          0        168   scanf_fp.o
       800         14          0          0          0        100   scanf_hexfp.o
       308         16          0          0          0        100   scanf_infnan.o
        24          0          0          0          0         68   strcat.o
        20          0          0          0          0         68   strchr.o
       128          0          0          0          0         68   strcmpv7m.o
        72          0          0          0          0         80   strcpy.o
        62          0          0          0          0         76   strlen.o
        86          0          0          0          0         76   strncpy.o
        36          0          0          0          0         80   strstr.o
       164         14          0          0          0        120   strtod.o
        74          0          0          0          0         80   sys_stackheap_outer.o
         2          0          0          0          0         68   use_no_semi.o
         2          0          0          0          0         68   use_no_semi_2.o
        98          4          0          0          0         92   d2f.o
       826         16          0          0          0        348   daddsub_clz.o
        16          4          0          0          0         68   dcheck1.o
        24          0          0          0          0         68   dcmpi.o
       688        140          0          0          0        208   ddiv.o
       120          4          0          0          0         92   deqf.o
        94          4          0          0          0         92   dfix.o
        46          0          0          0          0         68   dflt_clz.o
       120          4          0          0          0         92   dleqf.o
       340         12          0          0          0        104   dmul.o
       156          4          0          0          0         92   dnaninf.o
        12          0          0          0          0         68   dretinf.o
       108          0          0          0          0         80   drleqf.o
        86          4          0          0          0         84   f2d.o
       430          8          0          0          0        168   faddsub_clz.o
        24          0          0          0          0         68   fcmpi.o
       388         76          0          0          0         96   fdiv.o
        54          4          0          0          0         84   ffix.o
        62          4          0          0          0         84   ffixu.o
        86          0          0          0          0        136   fflt_clz.o
       104          4          0          0          0         84   fleqf.o
       258          4          0          0          0         84   fmul.o
       140          4          0          0          0         84   fnaninf.o
         0          0         16          0          0          0   fpconst.o
        10          0          0          0          0         68   fretinf.o
        98          0          0          0          0         68   frleqf.o
         6          0          0          0          0         68   istatus.o
         4          0          0          0          0         68   printf1.o
       100          0          0          0          0         68   retnan.o
        92          0          0          0          0         68   scalbn.o
         4          0          0          0          0         68   scanf1.o
         8          0          0          0          0         84   scanf2.o
        48          0          0          0          0         68   trapv.o
         0          0          0          0          0          0   usenofp.o
        42          0          0          0          0         84   atof.o
        30          6          0          0          0        136   dunder.o
        40          0          0          0          0         68   fpclassify.o
        88          8          0          0          0         76   frexp.o
       138          0          0          0          0        160   ldexp.o
       204          4          0          0          0        168   narrow.o

    ----------------------------------------------------------------------
     13802        620        521          0        100       8820   Library Totals
        28          2          0          0          4          0   (incl. Padding)

    ----------------------------------------------------------------------

      Code (inc. data)   RO Data    RW Data    ZI Data      Debug   Library Name

      8582        300        505          0         96       5056   c_w.l
      4650        300         16          0          0       3072   fz_ws.l
       542         18          0          0          0        692   m_ws.l

    ----------------------------------------------------------------------
     13802        620        521          0        100       8820   Library Totals

    ----------------------------------------------------------------------

==============================================================================


      Code (inc. data)   RO Data    RW Data    ZI Data      Debug   

     30452       2790       2952       1460       4244     558553   Grand Totals
     30452       2790       2952        872       4244     558553   ELF Image Totals (compressed)
     30452       2790       2952        872          0          0   ROM Totals

==============================================================================

    Total RO  Size (Code + RO Data)                33404 (  32.62kB)
    Total RW  Size (RW Data + ZI Data)              5704 (   5.57kB)
    Total ROM Size (Code + RO Data + RW Data)      34276 (  33.47kB)

==============================================================================

